Archive member included to satisfy reference by file (symbol)

/opt/st/stm32cubeide_1.16.1/plugins/com.st.stm32cube.ide.mcu.externaltools.gnu-tools-for-stm32.12.3.rel1.linux64_1.0.200.202406132123/tools/bin/../lib/gcc/arm-none-eabi/12.3.1/../../../../arm-none-eabi/lib/thumb/v7e-m+fp/hard/libc_nano.a(libc_a-exit.o)
                              /opt/st/stm32cubeide_1.16.1/plugins/com.st.stm32cube.ide.mcu.externaltools.gnu-tools-for-stm32.12.3.rel1.linux64_1.0.200.202406132123/tools/bin/../lib/gcc/arm-none-eabi/12.3.1/../../../../arm-none-eabi/lib/thumb/v7e-m+fp/hard/crt0.o (exit)
/opt/st/stm32cubeide_1.16.1/plugins/com.st.stm32cube.ide.mcu.externaltools.gnu-tools-for-stm32.12.3.rel1.linux64_1.0.200.202406132123/tools/bin/../lib/gcc/arm-none-eabi/12.3.1/../../../../arm-none-eabi/lib/thumb/v7e-m+fp/hard/libc_nano.a(libc_a-findfp.o)
                              /opt/st/stm32cubeide_1.16.1/plugins/com.st.stm32cube.ide.mcu.externaltools.gnu-tools-for-stm32.12.3.rel1.linux64_1.0.200.202406132123/tools/bin/../lib/gcc/arm-none-eabi/12.3.1/../../../../arm-none-eabi/lib/thumb/v7e-m+fp/hard/libc_nano.a(libc_a-exit.o) (__stdio_exit_handler)
/opt/st/stm32cubeide_1.16.1/plugins/com.st.stm32cube.ide.mcu.externaltools.gnu-tools-for-stm32.12.3.rel1.linux64_1.0.200.202406132123/tools/bin/../lib/gcc/arm-none-eabi/12.3.1/../../../../arm-none-eabi/lib/thumb/v7e-m+fp/hard/libc_nano.a(libc_a-fwalk.o)
                              /opt/st/stm32cubeide_1.16.1/plugins/com.st.stm32cube.ide.mcu.externaltools.gnu-tools-for-stm32.12.3.rel1.linux64_1.0.200.202406132123/tools/bin/../lib/gcc/arm-none-eabi/12.3.1/../../../../arm-none-eabi/lib/thumb/v7e-m+fp/hard/libc_nano.a(libc_a-findfp.o) (_fwalk_sglue)
/opt/st/stm32cubeide_1.16.1/plugins/com.st.stm32cube.ide.mcu.externaltools.gnu-tools-for-stm32.12.3.rel1.linux64_1.0.200.202406132123/tools/bin/../lib/gcc/arm-none-eabi/12.3.1/../../../../arm-none-eabi/lib/thumb/v7e-m+fp/hard/libc_nano.a(libc_a-stdio.o)
                              /opt/st/stm32cubeide_1.16.1/plugins/com.st.stm32cube.ide.mcu.externaltools.gnu-tools-for-stm32.12.3.rel1.linux64_1.0.200.202406132123/tools/bin/../lib/gcc/arm-none-eabi/12.3.1/../../../../arm-none-eabi/lib/thumb/v7e-m+fp/hard/libc_nano.a(libc_a-findfp.o) (__sread)
/opt/st/stm32cubeide_1.16.1/plugins/com.st.stm32cube.ide.mcu.externaltools.gnu-tools-for-stm32.12.3.rel1.linux64_1.0.200.202406132123/tools/bin/../lib/gcc/arm-none-eabi/12.3.1/../../../../arm-none-eabi/lib/thumb/v7e-m+fp/hard/libc_nano.a(libc_a-memset.o)
                              /opt/st/stm32cubeide_1.16.1/plugins/com.st.stm32cube.ide.mcu.externaltools.gnu-tools-for-stm32.12.3.rel1.linux64_1.0.200.202406132123/tools/bin/../lib/gcc/arm-none-eabi/12.3.1/../../../../arm-none-eabi/lib/thumb/v7e-m+fp/hard/crt0.o (memset)
/opt/st/stm32cubeide_1.16.1/plugins/com.st.stm32cube.ide.mcu.externaltools.gnu-tools-for-stm32.12.3.rel1.linux64_1.0.200.202406132123/tools/bin/../lib/gcc/arm-none-eabi/12.3.1/../../../../arm-none-eabi/lib/thumb/v7e-m+fp/hard/libc_nano.a(libc_a-closer.o)
                              /opt/st/stm32cubeide_1.16.1/plugins/com.st.stm32cube.ide.mcu.externaltools.gnu-tools-for-stm32.12.3.rel1.linux64_1.0.200.202406132123/tools/bin/../lib/gcc/arm-none-eabi/12.3.1/../../../../arm-none-eabi/lib/thumb/v7e-m+fp/hard/libc_nano.a(libc_a-stdio.o) (_close_r)
/opt/st/stm32cubeide_1.16.1/plugins/com.st.stm32cube.ide.mcu.externaltools.gnu-tools-for-stm32.12.3.rel1.linux64_1.0.200.202406132123/tools/bin/../lib/gcc/arm-none-eabi/12.3.1/../../../../arm-none-eabi/lib/thumb/v7e-m+fp/hard/libc_nano.a(libc_a-reent.o)
                              /opt/st/stm32cubeide_1.16.1/plugins/com.st.stm32cube.ide.mcu.externaltools.gnu-tools-for-stm32.12.3.rel1.linux64_1.0.200.202406132123/tools/bin/../lib/gcc/arm-none-eabi/12.3.1/../../../../arm-none-eabi/lib/thumb/v7e-m+fp/hard/libc_nano.a(libc_a-closer.o) (errno)
/opt/st/stm32cubeide_1.16.1/plugins/com.st.stm32cube.ide.mcu.externaltools.gnu-tools-for-stm32.12.3.rel1.linux64_1.0.200.202406132123/tools/bin/../lib/gcc/arm-none-eabi/12.3.1/../../../../arm-none-eabi/lib/thumb/v7e-m+fp/hard/libc_nano.a(libc_a-impure.o)
                              /opt/st/stm32cubeide_1.16.1/plugins/com.st.stm32cube.ide.mcu.externaltools.gnu-tools-for-stm32.12.3.rel1.linux64_1.0.200.202406132123/tools/bin/../lib/gcc/arm-none-eabi/12.3.1/../../../../arm-none-eabi/lib/thumb/v7e-m+fp/hard/libc_nano.a(libc_a-reent.o) (_impure_ptr)
/opt/st/stm32cubeide_1.16.1/plugins/com.st.stm32cube.ide.mcu.externaltools.gnu-tools-for-stm32.12.3.rel1.linux64_1.0.200.202406132123/tools/bin/../lib/gcc/arm-none-eabi/12.3.1/../../../../arm-none-eabi/lib/thumb/v7e-m+fp/hard/libc_nano.a(libc_a-lseekr.o)
                              /opt/st/stm32cubeide_1.16.1/plugins/com.st.stm32cube.ide.mcu.externaltools.gnu-tools-for-stm32.12.3.rel1.linux64_1.0.200.202406132123/tools/bin/../lib/gcc/arm-none-eabi/12.3.1/../../../../arm-none-eabi/lib/thumb/v7e-m+fp/hard/libc_nano.a(libc_a-stdio.o) (_lseek_r)
[...]
Memory Configuration

Name             Origin             Length             Attributes
RAM              0x20000000         0x00008000         xrw
FLASH            0x08000000         0x00040000         xr
*default*        0x00000000         0xffffffff

Linker script and memory map

LOAD /opt/st/stm32cubeide_1.16.1/plugins/com.st.stm32cube.ide.mcu.externaltools.gnu-tools-for-stm32.12.3.rel1.linux64_1.0.200.202406132123/tools/bin/../lib/gcc/arm-none-eabi/12.3.1/thumb/v7e-m+fp/hard/crti.o
LOAD /opt/st/stm32cubeide_1.16.1/plugins/com.st.stm32cube.ide.mcu.externaltools.gnu-tools-for-stm32.12.3.rel1.linux64_1.0.200.202406132123/tools/bin/../lib/gcc/arm-none-eabi/12.3.1/thumb/v7e-m+fp/hard/crtbegin.o
LOAD /opt/st/stm32cubeide_1.16.1/plugins/com.st.stm32cube.ide.mcu.externaltools.gnu-tools-for-stm32.12.3.rel1.linux64_1.0.200.202406132123/tools/bin/../lib/gcc/arm-none-eabi/12.3.1/../../../../arm-none-eabi/lib/thumb/v7e-m+fp/hard/crt0.o
LOAD ./Core/Src/RoboContFirmware/Application/scheduler.o
LOAD ./Core/Src/RoboContFirmware/Application/system_manager.o
LOAD ./Core/Src/RoboContFirmware/HighLevel/esp32_interface.o
LOAD ./Core/Src/RoboContFirmware/HighLevel/json_handler.o
LOAD ./Core/Src/RoboContFirmware/HighLevel/ros2_interface.o
LOAD ./Core/Src/RoboContFirmware/LowLevel/adc_handler.o
LOAD ./Core/Src/RoboContFirmware/LowLevel/can_handler.o
LOAD ./Core/Src/RoboContFirmware/LowLevel/dac_handler.o
LOAD ./Core/Src/RoboContFirmware/LowLevel/encoder.o
LOAD ./Core/Src/RoboContFirmware/LowLevel/gps_neo.o
LOAD ./Core/Src/RoboContFirmware/LowLevel/imu_icm20948.o
LOAD ./Core/Src/RoboContFirmware/LowLevel/modbus_handler.o
LOAD ./Core/Src/RoboContFirmware/LowLevel/motor.o
LOAD ./Core/Src/RoboContFirmware/LowLevel/servo.o
LOAD ./Core/Src/RoboContFirmware/LowLevel/uart_handler.o
LOAD ./Core/Src/RoboContFirmware/MidLevel/analog_manager.o
LOAD ./Core/Src/RoboContFirmware/MidLevel/gps_manager.o
LOAD ./Core/Src/RoboContFirmware/MidLevel/imu_manager.o
LOAD ./Core/Src/RoboContFirmware/MidLevel/motor_controller.o
LOAD ./Core/Src/adc.o
LOAD ./Core/Src/can.o
LOAD ./Core/Src/dac.o
LOAD ./Core/Src/gpio.o
LOAD ./Core/Src/main.o
LOAD ./Core/Src/stm32f3xx_hal_msp.o
LOAD ./Core/Src/stm32f3xx_it.o
LOAD ./Core/Src/syscalls.o
LOAD ./Core/Src/sysmem.o
LOAD ./Core/Src/system_stm32f3xx.o
LOAD ./Core/Src/test.o
LOAD ./Core/Src/tim.o
LOAD ./Core/Src/usb.o
LOAD ./Core/Startup/startup_stm32f373rctx.o
LOAD ./Drivers/STM32F3xx_HAL_Driver/Src/stm32f3xx_hal.o
LOAD ./Drivers/STM32F3xx_HAL_Driver/Src/stm32f3xx_hal_adc.o
LOAD ./Drivers/STM32F3xx_HAL_Driver/Src/stm32f3xx_hal_adc_ex.o
LOAD ./Drivers/STM32F3xx_HAL_Driver/Src/stm32f3xx_hal_can.o
LOAD ./Drivers/STM32F3xx_HAL_Driver/Src/stm32f3xx_hal_cortex.o
LOAD ./Drivers/STM32F3xx_HAL_Driver/Src/stm32f3xx_hal_dac.o
LOAD ./Drivers/STM32F3xx_HAL_Driver/Src/stm32f3xx_hal_dac_ex.o
LOAD ./Drivers/STM32F3xx_HAL_Driver/Src/stm32f3xx_hal_dma.o
LOAD ./Drivers/STM32F3xx_HAL_Driver/Src/stm32f3xx_hal_exti.o
LOAD ./Drivers/STM32F3xx_HAL_Driver/Src/stm32f3xx_hal_flash.o
LOAD ./Drivers/STM32F3xx_HAL_Driver/Src/stm32f3xx_hal_flash_ex.o
LOAD ./Drivers/STM32F3xx_HAL_Driver/Src/stm32f3xx_hal_gpio.o
LOAD ./Drivers/STM32F3xx_HAL_Driver/Src/stm32f3xx_hal_i2c.o
LOAD ./Drivers/STM32F3xx_HAL_Driver/Src/stm32f3xx_hal_i2c_ex.o
LOAD ./Drivers/STM32F3xx_HAL_Driver/Src/stm32f3xx_hal_pcd.o
LOAD ./Drivers/STM32F3xx_HAL_Driver/Src/stm32f3xx_hal_pcd_ex.o
LOAD ./Drivers/STM32F3xx_HAL_Driver/Src/stm32f3xx_hal_pwr.o
LOAD ./Drivers/STM32F3xx_HAL_Driver/Src/stm32f3xx_hal_pwr_ex.o
LOAD ./Drivers/STM32F3xx_HAL_Driver/Src/stm32f3xx_hal_rcc.o
LOAD ./Drivers/STM32F3xx_HAL_Driver/Src/stm32f3xx_hal_rcc_ex.o
LOAD ./Drivers/STM32F3xx_HAL_Driver/Src/stm32f3xx_hal_tim.o
LOAD ./Drivers/STM32F3xx_HAL_Driver/Src/stm32f3xx_hal_tim_ex.o
LOAD ./Drivers/STM32F3xx_HAL_Driver/Src/stm32f3xx_ll_usb.o
START GROUP
LOAD /opt/st/stm32cubeide_1.16.1/plugins/com.st.stm32cube.ide.mcu.externaltools.gnu-tools-for-stm32.12.3.rel1.linux64_1.0.200.202406132123/tools/bin/../lib/gcc/arm-none-eabi/12.3.1/../../../../arm-none-eabi/lib/thumb/v7e-m+fp/hard/libstdc++_nano.a
LOAD /opt/st/stm32cubeide_1.16.1/plugins/com.st.stm32cube.ide.mcu.externaltools.gnu-tools-for-stm32.12.3.rel1.linux64_1.0.200.202406132123/tools/bin/../lib/gcc/arm-none-eabi/12.3.1/../../../../arm-none-eabi/lib/thumb/v7e-m+fp/hard/libsupc++_nano.a
END GROUP
LOAD /opt/st/stm32cubeide_1.16.1/plugins/com.st.stm32cube.ide.mcu.externaltools.gnu-tools-for-stm32.12.3.rel1.linux64_1.0.200.202406132123/tools/bin/../lib/gcc/arm-none-eabi/12.3.1/../../../../arm-none-eabi/lib/thumb/v7e-m+fp/hard/libstdc++_nano.a
LOAD /opt/st/stm32cubeide_1.16.1/plugins/com.st.stm32cube.ide.mcu.externaltools.gnu-tools-for-stm32.12.3.rel1.linux64_1.0.200.202406132123/tools/bin/../lib/gcc/arm-none-eabi/12.3.1/../../../../arm-none-eabi/lib/thumb/v7e-m+fp/hard/libm.a
LOAD /opt/st/stm32cubeide_1.16.1/plugins/com.st.stm32cube.ide.mcu.externaltools.gnu-tools-for-stm32.12.3.rel1.linux64_1.0.200.202406132123/tools/bin/../lib/gcc/arm-none-eabi/12.3.1/../../../../arm-none-eabi/lib/thumb/v7e-m+fp/hard/libc_nano.a
START GROUP
LOAD /opt/st/stm32cubeide_1.16.1/plugins/com.st.stm32cube.ide.mcu.externaltools.gnu-tools-for-stm32.12.3.rel1.linux64_1.0.200.202406132123/tools/bin/../lib/gcc/arm-none-eabi/12.3.1/thumb/v7e-m+fp/hard/libgcc.a
LOAD /opt/st/stm32cubeide_1.16.1/plugins/com.st.stm32cube.ide.mcu.externaltools.gnu-tools-for-stm32.12.3.rel1.linux64_1.0.200.202406132123/tools/bin/../lib/gcc/arm-none-eabi/12.3.1/../../../../arm-none-eabi/lib/thumb/v7e-m+fp/hard/libc_nano.a
END GROUP
START GROUP
LOAD /opt/st/stm32cubeide_1.16.1/plugins/com.st.stm32cube.ide.mcu.externaltools.gnu-tools-for-stm32.12.3.rel1.linux64_1.0.200.202406132123/tools/bin/../lib/gcc/arm-none-eabi/12.3.1/thumb/v7e-m+fp/hard/libgcc.a
LOAD /opt/st/stm32cubeide_1.16.1/plugins/com.st.stm32cube.ide.mcu.externaltools.gnu-tools-for-stm32.12.3.rel1.linux64_1.0.200.202406132123/tools/bin/../lib/gcc/arm-none-eabi/12.3.1/../../../../arm-none-eabi/lib/thumb/v7e-m+fp/hard/libc_nano.a
LOAD /opt/st/stm32cubeide_1.16.1/plugins/com.st.stm32cube.ide.mcu.externaltools.gnu-tools-for-stm32.12.3.rel1.linux64_1.0.200.202406132123/tools/bin/../lib/gcc/arm-none-eabi/12.3.1/../../../../arm-none-eabi/lib/thumb/v7e-m+fp/hard/libnosys.a
END GROUP
START GROUP
LOAD /opt/st/stm32cubeide_1.16.1/plugins/com.st.stm32cube.ide.mcu.externaltools.gnu-tools-for-stm32.12.3.rel1.linux64_1.0.200.202406132123/tools/bin/../lib/gcc/arm-none-eabi/12.3.1/thumb/v7e-m+fp/hard/libgcc.a
LOAD /opt/st/stm32cubeide_1.16.1/plugins/com.st.stm32cube.ide.mcu.externaltools.gnu-tools-for-stm32.12.3.rel1.linux64_1.0.200.202406132123/tools/bin/../lib/gcc/arm-none-eabi/12.3.1/../../../../arm-none-eabi/lib/thumb/v7e-m+fp/hard/libc_nano.a
LOAD /opt/st/stm32cubeide_1.16.1/plugins/com.st.stm32cube.ide.mcu.externaltools.gnu-tools-for-stm32.12.3.rel1.linux64_1.0.200.202406132123/tools/bin/../lib/gcc/arm-none-eabi/12.3.1/../../../../arm-none-eabi/lib/thumb/v7e-m+fp/hard/libnosys.a
END GROUP
LOAD /opt/st/stm32cubeide_1.16.1/plugins/com.st.stm32cube.ide.mcu.externaltools.gnu-tools-for-stm32.12.3.rel1.linux64_1.0.200.202406132123/tools/bin/../lib/gcc/arm-none-eabi/12.3.1/thumb/v7e-m+fp/hard/crtend.o
LOAD /opt/st/stm32cubeide_1.16.1/plugins/com.st.stm32cube.ide.mcu.externaltools.gnu-tools-for-stm32.12.3.rel1.linux64_1.0.200.202406132123/tools/bin/../lib/gcc/arm-none-eabi/12.3.1/thumb/v7e-m+fp/hard/crtn.o
                0x20008000                        _estack = (ORIGIN (RAM) + LENGTH (RAM))
                0x00000200                        _Min_Heap_Size = 0x200
                0x00000400                        _Min_Stack_Size = 0x400

.isr_vector     0x08000000      0x188
                0x08000000                        . = ALIGN (0x4)
 *(.isr_vector)
 .isr_vector    0x08000000      0x188 ./Core/Startup/startup_stm32f373rctx.o
                0x08000000                g_pfnVectors
                0x08000188                        . = ALIGN (0x4)

.text           0x08000188     0x5024
                0x08000188                        . = ALIGN (0x4)
 *(.text)
 .text          0x08000188       0x40 /opt/st/stm32cubeide_1.16.1/plugins/com.st.stm32cube.ide.mcu.externaltools.gnu-tools-for-stm32.12.3.rel1.linux64_1.0.200.202406132123/tools/bin/../lib/gcc/arm-none-eabi/12.3.1/thumb/v7e-m+fp/hard/crtbegin.o
 *(.text*)
 .text._ZN7EncoderC2EP17TIM_HandleTypeDefmP12GPIO_TypeDeftfm
                0x080001c8       0x62 ./Core/Src/RoboContFirmware/LowLevel/encoder.o
                0x080001c8                Encoder::Encoder(TIM_HandleTypeDef*, unsigned long, GPIO_TypeDef*, unsigned short, float, unsigned long)
                0x080001c8                Encoder::Encoder(TIM_HandleTypeDef*, unsigned long, GPIO_TypeDef*, unsigned short, float, unsigned long)
 .text._ZNK7Encoder8getSpeedEv
                0x0800022a       0x1e ./Core/Src/RoboContFirmware/LowLevel/encoder.o
                0x0800022a                Encoder::getSpeed() const
 .text._ZN5MotorC2EP17TIM_HandleTypeDefmS1_mfff
                0x08000248       0x9e ./Core/Src/RoboContFirmware/LowLevel/motor.o
                0x08000248                Motor::Motor(TIM_HandleTypeDef*, unsigned long, TIM_HandleTypeDef*, unsigned long, float, float, float)
                0x08000248                Motor::Motor(TIM_HandleTypeDef*, unsigned long, TIM_HandleTypeDef*, unsigned long, float, float, float)
 .text._ZN5Motor6setPIDEfff
                0x080002e6       0x32 ./Core/Src/RoboContFirmware/LowLevel/motor.o
                0x080002e6                Motor::setPID(float, float, float)
 .text._ZN5Motor14setTargetSpeedEf
                0x08000318       0x5e ./Core/Src/RoboContFirmware/LowLevel/motor.o
                0x08000318                Motor::setTargetSpeed(float)
 .text._ZN5Motor9updatePWMEff
                0x08000376      0x286 ./Core/Src/RoboContFirmware/LowLevel/motor.o
                0x08000376                Motor::updatePWM(float, float)
 .text._ZNK5Motor14getMaxSpeedMpsEv
                0x080005fc       0x1e ./Core/Src/RoboContFirmware/LowLevel/motor.o
                0x080005fc                Motor::getMaxSpeedMps() const
 .text._ZN15MotorControllerC2Ef
                0x0800061a       0x28 ./Core/Src/RoboContFirmware/MidLevel/motor_controller.o
                0x0800061a                MotorController::MotorController(float)
                0x0800061a                MotorController::MotorController(float)
 .text._ZN15MotorController8addMotorEP5MotorP7Encoder
                0x08000642       0x52 ./Core/Src/RoboContFirmware/MidLevel/motor_controller.o
                0x08000642                MotorController::addMotor(Motor*, Encoder*)
 .text._ZN15MotorController9updateAllEf
                0x08000694       0x58 ./Core/Src/RoboContFirmware/MidLevel/motor_controller.o
                0x08000694                MotorController::updateAll(float)
 .text.MX_ADC1_Init
                0x080006ec       0x7c ./Core/Src/adc.o
                0x080006ec                MX_ADC1_Init
 .text.HAL_ADC_MspInit
                0x08000768       0x7c ./Core/Src/adc.o
                0x08000768                HAL_ADC_MspInit
 .text.MX_CAN_Init
                0x080007e4       0x68 ./Core/Src/can.o
                0x080007e4                MX_CAN_Init
 .text.HAL_CAN_MspInit
                0x0800084c       0x88 ./Core/Src/can.o
                0x0800084c                HAL_CAN_MspInit
 .text.MX_DAC1_Init
                0x080008d4       0x6c ./Core/Src/dac.o
                0x080008d4                MX_DAC1_Init
 .text.MX_DAC2_Init
                0x08000940       0x54 ./Core/Src/dac.o
                0x08000940                MX_DAC2_Init
 .text.HAL_DAC_MspInit
                0x08000994       0xd8 ./Core/Src/dac.o
                0x08000994                HAL_DAC_MspInit
 .text.MX_GPIO_Init
                0x08000a6c      0x2b8 ./Core/Src/gpio.o
                0x08000a6c                MX_GPIO_Init
 .text.main     0x08000d24      0x120 ./Core/Src/main.o
                0x08000d24                main
 .text._Z18SystemClock_Configv
                0x08000e44       0xdc ./Core/Src/main.o
                0x08000e44                SystemClock_Config()
 .text.Error_Handler
                0x08000f20        0xc ./Core/Src/main.o
                0x08000f20                Error_Handler
 .text.HAL_MspInit
                0x08000f2c       0x48 ./Core/Src/stm32f3xx_hal_msp.o
                0x08000f2c                HAL_MspInit
 .text.NMI_Handler
                0x08000f74        0x8 ./Core/Src/stm32f3xx_it.o
                0x08000f74                NMI_Handler
 .text.HardFault_Handler
                0x08000f7c        0x8 ./Core/Src/stm32f3xx_it.o
                0x08000f7c                HardFault_Handler
 .text.MemManage_Handler
                0x08000f84        0x8 ./Core/Src/stm32f3xx_it.o
                0x08000f84                MemManage_Handler
 .text.BusFault_Handler
                0x08000f8c        0x8 ./Core/Src/stm32f3xx_it.o
                0x08000f8c                BusFault_Handler
 .text.UsageFault_Handler
                0x08000f94        0x8 ./Core/Src/stm32f3xx_it.o
                0x08000f94                UsageFault_Handler
 .text.SVC_Handler
                0x08000f9c        0xe ./Core/Src/stm32f3xx_it.o
                0x08000f9c                SVC_Handler
 .text.DebugMon_Handler
                0x08000faa        0xe ./Core/Src/stm32f3xx_it.o
                0x08000faa                DebugMon_Handler
 .text.PendSV_Handler
                0x08000fb8        0xe ./Core/Src/stm32f3xx_it.o
                0x08000fb8                PendSV_Handler
 .text.SysTick_Handler
                0x08000fc6        0xc ./Core/Src/stm32f3xx_it.o
                0x08000fc6                SysTick_Handler
 *fill*         0x08000fd2        0x2 
 .text.SystemInit
                0x08000fd4       0x24 ./Core/Src/system_stm32f3xx.o
                0x08000fd4                SystemInit
 .text._Z23test_motor_with_encoderv
                0x08000ff8       0xf0 ./Core/Src/test.o
                0x08000ff8                test_motor_with_encoder()
 .text._Z41__static_initialization_and_destruction_0ii
                0x080010e8       0x34 ./Core/Src/test.o
 .text._GLOBAL__sub_I_motorController
                0x0800111c       0x10 ./Core/Src/test.o
 .text.MX_TIM2_Init
                0x0800112c      0x12c ./Core/Src/tim.o
                0x0800112c                MX_TIM2_Init
 .text.MX_TIM3_Init
                0x08001258       0xbc ./Core/Src/tim.o
                0x08001258                MX_TIM3_Init
 .text.MX_TIM5_Init
                0x08001314      0x130 ./Core/Src/tim.o
                0x08001314                MX_TIM5_Init
 .text.MX_TIM13_Init
                0x08001444       0x90 ./Core/Src/tim.o
                0x08001444                MX_TIM13_Init
 .text.HAL_TIM_Base_MspInit
                0x080014d4      0x138 ./Core/Src/tim.o
                0x080014d4                HAL_TIM_Base_MspInit
 .text.HAL_TIM_IC_MspInit
                0x0800160c       0xa8 ./Core/Src/tim.o
                0x0800160c                HAL_TIM_IC_MspInit
 .text.HAL_TIM_MspPostInit
                0x080016b4       0xb4 ./Core/Src/tim.o
                0x080016b4                HAL_TIM_MspPostInit
 .text.MX_USB_PCD_Init
                0x08001768       0x44 ./Core/Src/usb.o
                0x08001768                MX_USB_PCD_Init
 .text.HAL_PCD_MspInit
                0x080017ac       0x88 ./Core/Src/usb.o
                0x080017ac                HAL_PCD_MspInit
 .text.Reset_Handler
                0x08001834       0x50 ./Core/Startup/startup_stm32f373rctx.o
                0x08001834                Reset_Handler
 .text.Default_Handler
                0x08001884        0x2 ./Core/Startup/startup_stm32f373rctx.o
                0x08001884                RTC_Alarm_IRQHandler
                0x08001884                USB_HP_IRQHandler
                0x08001884                PVD_IRQHandler
                0x08001884                TAMP_STAMP_IRQHandler
                0x08001884                EXTI3_IRQHandler
                0x08001884                EXTI0_IRQHandler
                0x08001884                I2C2_EV_IRQHandler
                0x08001884                FPU_IRQHandler
                0x08001884                CAN_TX_IRQHandler
                0x08001884                SPI1_IRQHandler
                0x08001884                CAN_SCE_IRQHandler
                0x08001884                DMA2_Channel2_IRQHandler
                0x08001884                DMA1_Channel4_IRQHandler
                0x08001884                ADC1_IRQHandler
                0x08001884                TIM17_IRQHandler
                0x08001884                USART3_IRQHandler
                0x08001884                DMA1_Channel7_IRQHandler
                0x08001884                TIM4_IRQHandler
                0x08001884                CAN_RX1_IRQHandler
                0x08001884                DMA2_Channel1_IRQHandler
                0x08001884                I2C1_EV_IRQHandler
                0x08001884                DMA1_Channel6_IRQHandler
                0x08001884                TIM16_IRQHandler
                0x08001884                DMA2_Channel4_IRQHandler
                0x08001884                TIM3_IRQHandler
                0x08001884                RCC_IRQHandler
                0x08001884                DMA1_Channel1_IRQHandler
                0x08001884                Default_Handler
                0x08001884                CEC_IRQHandler
                0x08001884                EXTI15_10_IRQHandler
                0x08001884                TIM14_IRQHandler
                0x08001884                TIM13_IRQHandler
                0x08001884                TIM12_IRQHandler
                0x08001884                TIM7_IRQHandler
                0x08001884                TIM5_IRQHandler
                0x08001884                SDADC2_IRQHandler
                0x08001884                TIM15_IRQHandler
                0x08001884                TIM6_DAC1_IRQHandler
                0x08001884                EXTI9_5_IRQHandler
                0x08001884                RTC_WKUP_IRQHandler
                0x08001884                SPI2_IRQHandler
                0x08001884                DMA2_Channel5_IRQHandler
                0x08001884                DMA1_Channel5_IRQHandler
                0x08001884                USB_LP_IRQHandler
                0x08001884                EXTI4_IRQHandler
                0x08001884                TIM18_DAC2_IRQHandler
                0x08001884                DMA1_Channel3_IRQHandler
                0x08001884                COMP_IRQHandler
                0x08001884                WWDG_IRQHandler
                0x08001884                SDADC1_IRQHandler
                0x08001884                TIM2_IRQHandler
                0x08001884                EXTI1_IRQHandler
                0x08001884                SDADC3_IRQHandler
                0x08001884                USART2_IRQHandler
                0x08001884                TIM19_IRQHandler
                0x08001884                I2C2_ER_IRQHandler
                0x08001884                DMA1_Channel2_IRQHandler
                0x08001884                FLASH_IRQHandler
                0x08001884                USART1_IRQHandler
                0x08001884                SPI3_IRQHandler
                0x08001884                CAN_RX0_IRQHandler
                0x08001884                I2C1_ER_IRQHandler
                0x08001884                USBWakeUp_IRQHandler
                0x08001884                DMA2_Channel3_IRQHandler
                0x08001884                EXTI2_TSC_IRQHandler
 *fill*         0x08001886        0x2 
 .text.HAL_Init
                0x08001888       0x2c ./Drivers/STM32F3xx_HAL_Driver/Src/stm32f3xx_hal.o
                0x08001888                HAL_Init
 .text.HAL_InitTick
                0x080018b4       0x60 ./Drivers/STM32F3xx_HAL_Driver/Src/stm32f3xx_hal.o
                0x080018b4                HAL_InitTick
 .text.HAL_IncTick
                0x08001914       0x28 ./Drivers/STM32F3xx_HAL_Driver/Src/stm32f3xx_hal.o
                0x08001914                HAL_IncTick
 .text.HAL_GetTick
                0x0800193c       0x18 ./Drivers/STM32F3xx_HAL_Driver/Src/stm32f3xx_hal.o
                0x0800193c                HAL_GetTick
 .text.HAL_Delay
                0x08001954       0x48 ./Drivers/STM32F3xx_HAL_Driver/Src/stm32f3xx_hal.o
                0x08001954                HAL_Delay
 .text.HAL_ADC_Init
                0x0800199c      0x1b0 ./Drivers/STM32F3xx_HAL_Driver/Src/stm32f3xx_hal_adc_ex.o
                0x0800199c                HAL_ADC_Init
 .text.HAL_ADC_ConfigChannel
                0x08001b4c      0x1e0 ./Drivers/STM32F3xx_HAL_Driver/Src/stm32f3xx_hal_adc_ex.o
                0x08001b4c                HAL_ADC_ConfigChannel
 .text.ADC_ConversionStop_Disable
                0x08001d2c       0x82 ./Drivers/STM32F3xx_HAL_Driver/Src/stm32f3xx_hal_adc_ex.o
 .text.HAL_CAN_Init
                0x08001dae      0x1f6 ./Drivers/STM32F3xx_HAL_Driver/Src/stm32f3xx_hal_can.o
                0x08001dae                HAL_CAN_Init
 .text.__NVIC_SetPriorityGrouping
                0x08001fa4       0x48 ./Drivers/STM32F3xx_HAL_Driver/Src/stm32f3xx_hal_cortex.o
 .text.__NVIC_GetPriorityGrouping
                0x08001fec       0x1c ./Drivers/STM32F3xx_HAL_Driver/Src/stm32f3xx_hal_cortex.o
 .text.__NVIC_SetPriority
                0x08002008       0x54 ./Drivers/STM32F3xx_HAL_Driver/Src/stm32f3xx_hal_cortex.o
 .text.NVIC_EncodePriority
                0x0800205c       0x66 ./Drivers/STM32F3xx_HAL_Driver/Src/stm32f3xx_hal_cortex.o
 *fill*         0x080020c2        0x2 
 .text.SysTick_Config
                0x080020c4       0x44 ./Drivers/STM32F3xx_HAL_Driver/Src/stm32f3xx_hal_cortex.o
 .text.HAL_NVIC_SetPriorityGrouping
                0x08002108       0x16 ./Drivers/STM32F3xx_HAL_Driver/Src/stm32f3xx_hal_cortex.o
                0x08002108                HAL_NVIC_SetPriorityGrouping
 .text.HAL_NVIC_SetPriority
                0x0800211e       0x38 ./Drivers/STM32F3xx_HAL_Driver/Src/stm32f3xx_hal_cortex.o
                0x0800211e                HAL_NVIC_SetPriority
 .text.HAL_SYSTICK_Config
                0x08002156       0x18 ./Drivers/STM32F3xx_HAL_Driver/Src/stm32f3xx_hal_cortex.o
                0x08002156                HAL_SYSTICK_Config
 .text.HAL_DAC_Init
                0x0800216e       0x44 ./Drivers/STM32F3xx_HAL_Driver/Src/stm32f3xx_hal_dac.o
                0x0800216e                HAL_DAC_Init
 .text.HAL_DAC_ConfigChannel
                0x080021b2       0x9a ./Drivers/STM32F3xx_HAL_Driver/Src/stm32f3xx_hal_dac_ex.o
                0x080021b2                HAL_DAC_ConfigChannel
 .text.HAL_GPIO_Init
                0x0800224c      0x2f4 ./Drivers/STM32F3xx_HAL_Driver/Src/stm32f3xx_hal_gpio.o
                0x0800224c                HAL_GPIO_Init
 .text.HAL_GPIO_WritePin
                0x08002540       0x30 ./Drivers/STM32F3xx_HAL_Driver/Src/stm32f3xx_hal_gpio.o
                0x08002540                HAL_GPIO_WritePin
 .text.HAL_PCD_Init
                0x08002570      0x18e ./Drivers/STM32F3xx_HAL_Driver/Src/stm32f3xx_hal_pcd.o
                0x08002570                HAL_PCD_Init
 *fill*         0x080026fe        0x2 
 .text.HAL_RCC_OscConfig
                0x08002700     0x107c ./Drivers/STM32F3xx_HAL_Driver/Src/stm32f3xx_hal_rcc.o
                0x08002700                HAL_RCC_OscConfig
 .text.HAL_RCC_ClockConfig
                0x0800377c      0x2f8 ./Drivers/STM32F3xx_HAL_Driver/Src/stm32f3xx_hal_rcc.o
                0x0800377c                HAL_RCC_ClockConfig
 .text.HAL_RCC_GetSysClockFreq
                0x08003a74       0xa8 ./Drivers/STM32F3xx_HAL_Driver/Src/stm32f3xx_hal_rcc.o
                0x08003a74                HAL_RCC_GetSysClockFreq
 .text.HAL_RCCEx_PeriphCLKConfig
                0x08003b1c      0x2e8 ./Drivers/STM32F3xx_HAL_Driver/Src/stm32f3xx_hal_rcc_ex.o
                0x08003b1c                HAL_RCCEx_PeriphCLKConfig
 .text.HAL_TIM_Base_Init
                0x08003e04       0x9e ./Drivers/STM32F3xx_HAL_Driver/Src/stm32f3xx_hal_tim.o
                0x08003e04                HAL_TIM_Base_Init
 .text.HAL_TIM_PWM_Init
                0x08003ea2       0x9e ./Drivers/STM32F3xx_HAL_Driver/Src/stm32f3xx_hal_tim.o
                0x08003ea2                HAL_TIM_PWM_Init
 .text.HAL_TIM_PWM_MspInit
                0x08003f40       0x14 ./Drivers/STM32F3xx_HAL_Driver/Src/stm32f3xx_hal_tim.o
                0x08003f40                HAL_TIM_PWM_MspInit
 .text.HAL_TIM_PWM_Start
                0x08003f54      0x194 ./Drivers/STM32F3xx_HAL_Driver/Src/stm32f3xx_hal_tim.o
                0x08003f54                HAL_TIM_PWM_Start
 .text.HAL_TIM_IC_Init
                0x080040e8       0x9e ./Drivers/STM32F3xx_HAL_Driver/Src/stm32f3xx_hal_tim.o
                0x080040e8                HAL_TIM_IC_Init
 *fill*         0x08004186        0x2 
 .text.HAL_TIM_IC_Start_IT
                0x08004188      0x244 ./Drivers/STM32F3xx_HAL_Driver/Src/stm32f3xx_hal_tim.o
                0x08004188                HAL_TIM_IC_Start_IT
 .text.HAL_TIM_IC_ConfigChannel
                0x080043cc      0x138 ./Drivers/STM32F3xx_HAL_Driver/Src/stm32f3xx_hal_tim.o
                0x080043cc                HAL_TIM_IC_ConfigChannel
 .text.HAL_TIM_PWM_ConfigChannel
                0x08004504      0x184 ./Drivers/STM32F3xx_HAL_Driver/Src/stm32f3xx_hal_tim.o
                0x08004504                HAL_TIM_PWM_ConfigChannel
 .text.HAL_TIM_ConfigClockSource
                0x08004688      0x18e ./Drivers/STM32F3xx_HAL_Driver/Src/stm32f3xx_hal_tim.o
                0x08004688                HAL_TIM_ConfigClockSource
 *fill*         0x08004816        0x2 
 .text.TIM_Base_SetConfig
                0x08004818      0x14c ./Drivers/STM32F3xx_HAL_Driver/Src/stm32f3xx_hal_tim.o
                0x08004818                TIM_Base_SetConfig
 .text.TIM_OC1_SetConfig
                0x08004964       0xf4 ./Drivers/STM32F3xx_HAL_Driver/Src/stm32f3xx_hal_tim.o
 .text.TIM_OC2_SetConfig
                0x08004a58       0xc4 ./Drivers/STM32F3xx_HAL_Driver/Src/stm32f3xx_hal_tim.o
                0x08004a58                TIM_OC2_SetConfig
 .text.TIM_OC3_SetConfig
                0x08004b1c       0x7c ./Drivers/STM32F3xx_HAL_Driver/Src/stm32f3xx_hal_tim.o
 .text.TIM_OC4_SetConfig
                0x08004b98       0x7e ./Drivers/STM32F3xx_HAL_Driver/Src/stm32f3xx_hal_tim.o
 *fill*         0x08004c16        0x2 
 .text.TIM_TI1_SetConfig
                0x08004c18       0xdc ./Drivers/STM32F3xx_HAL_Driver/Src/stm32f3xx_hal_tim.o
                0x08004c18                TIM_TI1_SetConfig
 .text.TIM_TI1_ConfigInputStage
                0x08004cf4       0x5e ./Drivers/STM32F3xx_HAL_Driver/Src/stm32f3xx_hal_tim.o
 .text.TIM_TI2_SetConfig
                0x08004d52       0x7a ./Drivers/STM32F3xx_HAL_Driver/Src/stm32f3xx_hal_tim.o
 .text.TIM_TI2_ConfigInputStage
                0x08004dcc       0x60 ./Drivers/STM32F3xx_HAL_Driver/Src/stm32f3xx_hal_tim.o
 .text.TIM_TI3_SetConfig
                0x08004e2c       0x78 ./Drivers/STM32F3xx_HAL_Driver/Src/stm32f3xx_hal_tim.o
 .text.TIM_TI4_SetConfig
                0x08004ea4       0x7a ./Drivers/STM32F3xx_HAL_Driver/Src/stm32f3xx_hal_tim.o
 .text.TIM_ITRx_SetConfig
                0x08004f1e       0x36 ./Drivers/STM32F3xx_HAL_Driver/Src/stm32f3xx_hal_tim.o
 .text.TIM_ETR_SetConfig
                0x08004f54       0x40 ./Drivers/STM32F3xx_HAL_Driver/Src/stm32f3xx_hal_tim.o
                0x08004f54                TIM_ETR_SetConfig
 .text.TIM_CCxChannelCmd
                0x08004f94       0x4a ./Drivers/STM32F3xx_HAL_Driver/Src/stm32f3xx_hal_tim.o
                0x08004f94                TIM_CCxChannelCmd
 *fill*         0x08004fde        0x2 
 .text.HAL_TIMEx_MasterConfigSynchronization
                0x08004fe0       0xe8 ./Drivers/STM32F3xx_HAL_Driver/Src/stm32f3xx_hal_tim_ex.o
                0x08004fe0                HAL_TIMEx_MasterConfigSynchronization
 .text.USB_DisableGlobalInt
                0x080050c8       0x36 ./Drivers/STM32F3xx_HAL_Driver/Src/stm32f3xx_ll_usb.o
                0x080050c8                USB_DisableGlobalInt
 .text.USB_DevInit
                0x080050fe       0x3c ./Drivers/STM32F3xx_HAL_Driver/Src/stm32f3xx_ll_usb.o
                0x080050fe                USB_DevInit
 .text.memset   0x0800513a       0x10 /opt/st/stm32cubeide_1.16.1/plugins/com.st.stm32cube.ide.mcu.externaltools.gnu-tools-for-stm32.12.3.rel1.linux64_1.0.200.202406132123/tools/bin/../lib/gcc/arm-none-eabi/12.3.1/../../../../arm-none-eabi/lib/thumb/v7e-m+fp/hard/libc_nano.a(libc_a-memset.o)
                0x0800513a                memset
 *fill*         0x0800514a        0x2 
 .text.__libc_init_array
                0x0800514c       0x48 /opt/st/stm32cubeide_1.16.1/plugins/com.st.stm32cube.ide.mcu.externaltools.gnu-tools-for-stm32.12.3.rel1.linux64_1.0.200.202406132123/tools/bin/../lib/gcc/arm-none-eabi/12.3.1/../../../../arm-none-eabi/lib/thumb/v7e-m+fp/hard/libc_nano.a(libc_a-init.o)
                0x0800514c                __libc_init_array
 *(.glue_7)
 .glue_7        0x08005194        0x0 linker stubs
 *(.glue_7t)
 .glue_7t       0x08005194        0x0 linker stubs
 *(.eh_frame)
 .eh_frame      0x08005194        0x0 /opt/st/stm32cubeide_1.16.1/plugins/com.st.stm32cube.ide.mcu.externaltools.gnu-tools-for-stm32.12.3.rel1.linux64_1.0.200.202406132123/tools/bin/../lib/gcc/arm-none-eabi/12.3.1/thumb/v7e-m+fp/hard/crtbegin.o
 *(.init)
 .init          0x08005194        0x4 /opt/st/stm32cubeide_1.16.1/plugins/com.st.stm32cube.ide.mcu.externaltools.gnu-tools-for-stm32.12.3.rel1.linux64_1.0.200.202406132123/tools/bin/../lib/gcc/arm-none-eabi/12.3.1/thumb/v7e-m+fp/hard/crti.o
                0x08005194                _init
 .init          0x08005198        0x8 /opt/st/stm32cubeide_1.16.1/plugins/com.st.stm32cube.ide.mcu.externaltools.gnu-tools-for-stm32.12.3.rel1.linux64_1.0.200.202406132123/tools/bin/../lib/gcc/arm-none-eabi/12.3.1/thumb/v7e-m+fp/hard/crtn.o
 *(.fini)
 .fini          0x080051a0        0x4 /opt/st/stm32cubeide_1.16.1/plugins/com.st.stm32cube.ide.mcu.externaltools.gnu-tools-for-stm32.12.3.rel1.linux64_1.0.200.202406132123/tools/bin/../lib/gcc/arm-none-eabi/12.3.1/thumb/v7e-m+fp/hard/crti.o
                0x080051a0                _fini
 .fini          0x080051a4        0x8 /opt/st/stm32cubeide_1.16.1/plugins/com.st.stm32cube.ide.mcu.externaltools.gnu-tools-for-stm32.12.3.rel1.linux64_1.0.200.202406132123/tools/bin/../lib/gcc/arm-none-eabi/12.3.1/thumb/v7e-m+fp/hard/crtn.o
                0x080051ac                        . = ALIGN (0x4)
                0x080051ac                        _etext = .

.vfp11_veneer   0x080051ac        0x0
 .vfp11_veneer  0x080051ac        0x0 linker stubs

.v4_bx          0x080051ac        0x0
 .v4_bx         0x080051ac        0x0 linker stubs

.iplt           0x080051ac        0x0
 .iplt          0x080051ac        0x0 /opt/st/stm32cubeide_1.16.1/plugins/com.st.stm32cube.ide.mcu.externaltools.gnu-tools-for-stm32.12.3.rel1.linux64_1.0.200.202406132123/tools/bin/../lib/gcc/arm-none-eabi/12.3.1/thumb/v7e-m+fp/hard/crtbegin.o

.rodata         0x080051ac       0x30
                0x080051ac                        . = ALIGN (0x4)
 *(.rodata)
 *(.rodata*)
 .rodata.AHBPrescTable
                0x080051ac       0x10 ./Core/Src/system_stm32f3xx.o
                0x080051ac                AHBPrescTable
 .rodata.aPLLMULFactorTable
                0x080051bc       0x10 ./Drivers/STM32F3xx_HAL_Driver/Src/stm32f3xx_hal_rcc.o
 .rodata.aPredivFactorTable
                0x080051cc       0x10 ./Drivers/STM32F3xx_HAL_Driver/Src/stm32f3xx_hal_rcc.o
                0x080051dc                        . = ALIGN (0x4)

.ARM.extab      0x080051dc        0x0
                0x080051dc                        . = ALIGN (0x4)
 *(.ARM.extab* .gnu.linkonce.armextab.*)
                0x080051dc                        . = ALIGN (0x4)

.ARM            0x080051dc        0x0
                0x080051dc                        . = ALIGN (0x4)
                0x080051dc                        __exidx_start = .
 *(.ARM.exidx*)
                0x080051dc                        __exidx_end = .
                0x080051dc                        . = ALIGN (0x4)

.preinit_array  0x080051dc        0x0
                0x080051dc                        . = ALIGN (0x4)
                0x080051dc                        PROVIDE (__preinit_array_start = .)
 *(.preinit_array*)
                0x080051dc                        PROVIDE (__preinit_array_end = .)
                0x080051dc                        . = ALIGN (0x4)

.init_array     0x080051dc        0x8
                0x080051dc                        . = ALIGN (0x4)
                0x080051dc                        PROVIDE (__init_array_start = .)
 *(SORT_BY_NAME(.init_array.*))
 *(.init_array*)
 .init_array    0x080051dc        0x4 /opt/st/stm32cubeide_1.16.1/plugins/com.st.stm32cube.ide.mcu.externaltools.gnu-tools-for-stm32.12.3.rel1.linux64_1.0.200.202406132123/tools/bin/../lib/gcc/arm-none-eabi/12.3.1/thumb/v7e-m+fp/hard/crtbegin.o
 .init_array    0x080051e0        0x4 ./Core/Src/test.o
                0x080051e4                        PROVIDE (__init_array_end = .)
                0x080051e4                        . = ALIGN (0x4)

.fini_array     0x080051e4        0x4
                0x080051e4                        . = ALIGN (0x4)
                [!provide]                        PROVIDE (__fini_array_start = .)
 *(SORT_BY_NAME(.fini_array.*))
 *(.fini_array*)
 .fini_array    0x080051e4        0x4 /opt/st/stm32cubeide_1.16.1/plugins/com.st.stm32cube.ide.mcu.externaltools.gnu-tools-for-stm32.12.3.rel1.linux64_1.0.200.202406132123/tools/bin/../lib/gcc/arm-none-eabi/12.3.1/thumb/v7e-m+fp/hard/crtbegin.o
                [!provide]                        PROVIDE (__fini_array_end = .)
                0x080051e8                        . = ALIGN (0x4)
                0x080051e8                        _sidata = LOADADDR (.data)

.rel.dyn        0x080051e8        0x0
 .rel.iplt      0x080051e8        0x0 /opt/st/stm32cubeide_1.16.1/plugins/com.st.stm32cube.ide.mcu.externaltools.gnu-tools-for-stm32.12.3.rel1.linux64_1.0.200.202406132123/tools/bin/../lib/gcc/arm-none-eabi/12.3.1/thumb/v7e-m+fp/hard/crtbegin.o

.data           0x20000000        0xc load address 0x080051e8
                0x20000000                        . = ALIGN (0x4)
                0x20000000                        _sdata = .
 *(.data)
 *(.data*)
 .data.SystemCoreClock
                0x20000000        0x4 ./Core/Src/system_stm32f3xx.o
                0x20000000                SystemCoreClock
 .data.uwTickPrio
                0x20000004        0x4 ./Drivers/STM32F3xx_HAL_Driver/Src/stm32f3xx_hal.o
                0x20000004                uwTickPrio
 .data.uwTickFreq
                0x20000008        0x1 ./Drivers/STM32F3xx_HAL_Driver/Src/stm32f3xx_hal.o
                0x20000008                uwTickFreq
 *(.RamFunc)
 *(.RamFunc*)
                0x2000000c                        . = ALIGN (0x4)
 *fill*         0x20000009        0x3 
                0x2000000c                        _edata = .

.igot.plt       0x2000000c        0x0 load address 0x080051f4
 .igot.plt      0x2000000c        0x0 /opt/st/stm32cubeide_1.16.1/plugins/com.st.stm32cube.ide.mcu.externaltools.gnu-tools-for-stm32.12.3.rel1.linux64_1.0.200.202406132123/tools/bin/../lib/gcc/arm-none-eabi/12.3.1/thumb/v7e-m+fp/hard/crtbegin.o
                0x2000000c                        . = ALIGN (0x4)

.bss            0x2000000c      0x4cc load address 0x080051f4
                0x2000000c                        _sbss = .
                0x2000000c                        __bss_start__ = _sbss
 *(.bss)
 .bss           0x2000000c       0x1c /opt/st/stm32cubeide_1.16.1/plugins/com.st.stm32cube.ide.mcu.externaltools.gnu-tools-for-stm32.12.3.rel1.linux64_1.0.200.202406132123/tools/bin/../lib/gcc/arm-none-eabi/12.3.1/thumb/v7e-m+fp/hard/crtbegin.o
 *(.bss*)
 .bss.hadc1     0x20000028       0x30 ./Core/Src/adc.o
                0x20000028                hadc1
 .bss.hcan      0x20000058       0x28 ./Core/Src/can.o
                0x20000058                hcan
 .bss.hdac1     0x20000080       0x14 ./Core/Src/dac.o
                0x20000080                hdac1
 .bss.hdac2     0x20000094       0x14 ./Core/Src/dac.o
                0x20000094                hdac2
 .bss.motorController
                0x200000a8       0x28 ./Core/Src/test.o
                0x200000a8                motorController
 .bss.htim2     0x200000d0       0x4c ./Core/Src/tim.o
                0x200000d0                htim2
 .bss.htim3     0x2000011c       0x4c ./Core/Src/tim.o
                0x2000011c                htim3
 .bss.htim5     0x20000168       0x4c ./Core/Src/tim.o
                0x20000168                htim5
 .bss.htim13    0x200001b4       0x4c ./Core/Src/tim.o
                0x200001b4                htim13
 .bss.hpcd_USB_FS
                0x20000200      0x2d4 ./Core/Src/usb.o
                0x20000200                hpcd_USB_FS
 .bss.uwTick    0x200004d4        0x4 ./Drivers/STM32F3xx_HAL_Driver/Src/stm32f3xx_hal.o
                0x200004d4                uwTick
 *(COMMON)
                0x200004d8                        . = ALIGN (0x4)
                0x200004d8                        _ebss = .
                0x200004d8                        __bss_end__ = _ebss

._user_heap_stack
                0x200004d8      0x600 load address 0x080051f4
                0x200004d8                        . = ALIGN (0x8)
                [!provide]                        PROVIDE (end = .)
                0x200004d8                        PROVIDE (_end = .)
                0x200006d8                        . = (. + _Min_Heap_Size)
 *fill*         0x200004d8      0x200 
                0x20000ad8                        . = (. + _Min_Stack_Size)
 *fill*         0x200006d8      0x400 
                0x20000ad8                        . = ALIGN (0x8)

/DISCARD/
 libc.a(*)
 libm.a(*)
 libgcc.a(*)

.ARM.attributes
                0x00000000       0x30
 *(.ARM.attributes)
 .ARM.attributes
                0x00000000       0x22 /opt/st/stm32cubeide_1.16.1/plugins/com.st.stm32cube.ide.mcu.externaltools.gnu-tools-for-stm32.12.3.rel1.linux64_1.0.200.202406132123/tools/bin/../lib/gcc/arm-none-eabi/12.3.1/thumb/v7e-m+fp/hard/crti.o
 .ARM.attributes
                0x00000022       0x34 /opt/st/stm32cubeide_1.16.1/plugins/com.st.stm32cube.ide.mcu.externaltools.gnu-tools-for-stm32.12.3.rel1.linux64_1.0.200.202406132123/tools/bin/../lib/gcc/arm-none-eabi/12.3.1/thumb/v7e-m+fp/hard/crtbegin.o
 .ARM.attributes
                0x00000056       0x34 ./Core/Src/RoboContFirmware/LowLevel/encoder.o
 .ARM.attributes
                0x0000008a       0x34 ./Core/Src/RoboContFirmware/LowLevel/motor.o
 .ARM.attributes
                0x000000be       0x34 ./Core/Src/RoboContFirmware/MidLevel/motor_controller.o
 .ARM.attributes
                0x000000f2       0x34 ./Core/Src/adc.o
 .ARM.attributes
                0x00000126       0x34 ./Core/Src/can.o
 .ARM.attributes
                0x0000015a       0x34 ./Core/Src/dac.o
 .ARM.attributes
                0x0000018e       0x34 ./Core/Src/gpio.o
 .ARM.attributes
                0x000001c2       0x34 ./Core/Src/main.o
 .ARM.attributes
                0x000001f6       0x34 ./Core/Src/stm32f3xx_hal_msp.o
 .ARM.attributes
                0x0000022a       0x34 ./Core/Src/stm32f3xx_it.o
 .ARM.attributes
                0x0000025e       0x34 ./Core/Src/system_stm32f3xx.o
 .ARM.attributes
                0x00000292       0x34 ./Core/Src/test.o
 .ARM.attributes
                0x000002c6       0x34 ./Core/Src/tim.o
 .ARM.attributes
                0x000002fa       0x34 ./Core/Src/usb.o
 .ARM.attributes
                0x0000032e       0x21 ./Core/Startup/startup_stm32f373rctx.o
 .ARM.attributes
                0x0000034f       0x34 ./Drivers/STM32F3xx_HAL_Driver/Src/stm32f3xx_hal.o
 .ARM.attributes
                0x00000383       0x34 ./Drivers/STM32F3xx_HAL_Driver/Src/stm32f3xx_hal_adc_ex.o
 .ARM.attributes
                0x000003b7       0x34 ./Drivers/STM32F3xx_HAL_Driver/Src/stm32f3xx_hal_can.o
 .ARM.attributes
                0x000003eb       0x34 ./Drivers/STM32F3xx_HAL_Driver/Src/stm32f3xx_hal_cortex.o
 .ARM.attributes
                0x0000041f       0x34 ./Drivers/STM32F3xx_HAL_Driver/Src/stm32f3xx_hal_dac.o
 .ARM.attributes
                0x00000453       0x34 ./Drivers/STM32F3xx_HAL_Driver/Src/stm32f3xx_hal_dac_ex.o
 .ARM.attributes
                0x00000487       0x34 ./Drivers/STM32F3xx_HAL_Driver/Src/stm32f3xx_hal_gpio.o
 .ARM.attributes
                0x000004bb       0x34 ./Drivers/STM32F3xx_HAL_Driver/Src/stm32f3xx_hal_pcd.o
 .ARM.attributes
                0x000004ef       0x34 ./Drivers/STM32F3xx_HAL_Driver/Src/stm32f3xx_hal_rcc.o
 .ARM.attributes
                0x00000523       0x34 ./Drivers/STM32F3xx_HAL_Driver/Src/stm32f3xx_hal_rcc_ex.o
 .ARM.attributes
                0x00000557       0x34 ./Drivers/STM32F3xx_HAL_Driver/Src/stm32f3xx_hal_tim.o
 .ARM.attributes
                0x0000058b       0x34 ./Drivers/STM32F3xx_HAL_Driver/Src/stm32f3xx_hal_tim_ex.o
 .ARM.attributes
                0x000005bf       0x34 ./Drivers/STM32F3xx_HAL_Driver/Src/stm32f3xx_ll_usb.o
 .ARM.attributes
                0x000005f3       0x34 /opt/st/stm32cubeide_1.16.1/plugins/com.st.stm32cube.ide.mcu.externaltools.gnu-tools-for-stm32.12.3.rel1.linux64_1.0.200.202406132123/tools/bin/../lib/gcc/arm-none-eabi/12.3.1/../../../../arm-none-eabi/lib/thumb/v7e-m+fp/hard/libc_nano.a(libc_a-memset.o)
 .ARM.attributes
                0x00000627       0x34 /opt/st/stm32cubeide_1.16.1/plugins/com.st.stm32cube.ide.mcu.externaltools.gnu-tools-for-stm32.12.3.rel1.linux64_1.0.200.202406132123/tools/bin/../lib/gcc/arm-none-eabi/12.3.1/../../../../arm-none-eabi/lib/thumb/v7e-m+fp/hard/libc_nano.a(libc_a-init.o)
 .ARM.attributes
                0x0000065b       0x22 /opt/st/stm32cubeide_1.16.1/plugins/com.st.stm32cube.ide.mcu.externaltools.gnu-tools-for-stm32.12.3.rel1.linux64_1.0.200.202406132123/tools/bin/../lib/gcc/arm-none-eabi/12.3.1/thumb/v7e-m+fp/hard/crtn.o
OUTPUT(RoboContFirmware.elf elf32-littlearm)
LOAD linker stubs
LOAD /opt/st/stm32cubeide_1.16.1/plugins/com.st.stm32cube.ide.mcu.externaltools.gnu-tools-for-stm32.12.3.rel1.linux64_1.0.200.202406132123/tools/bin/../lib/gcc/arm-none-eabi/12.3.1/../../../../arm-none-eabi/lib/thumb/v7e-m+fp/hard/libc.a
LOAD /opt/st/stm32cubeide_1.16.1/plugins/com.st.stm32cube.ide.mcu.externaltools.gnu-tools-for-stm32.12.3.rel1.linux64_1.0.200.202406132123/tools/bin/../lib/gcc/arm-none-eabi/12.3.1/../../../../arm-none-eabi/lib/thumb/v7e-m+fp/hard/libm.a
LOAD /opt/st/stm32cubeide_1.16.1/plugins/com.st.stm32cube.ide.mcu.externaltools.gnu-tools-for-stm32.12.3.rel1.linux64_1.0.200.202406132123/tools/bin/../lib/gcc/arm-none-eabi/12.3.1/thumb/v7e-m+fp/hard/libgcc.a

.debug_info     0x00000000    0x1425c
 .debug_info    0x00000000      0xac0 ./Core/Src/RoboContFirmware/LowLevel/encoder.o
 .debug_info    0x00000ac0      0x9dc ./Core/Src/RoboContFirmware/LowLevel/motor.o
 .debug_info    0x0000149c      0xc49 ./Core/Src/RoboContFirmware/MidLevel/motor_controller.o
 .debug_info    0x000020e5      0x85f ./Core/Src/adc.o
 .debug_info    0x00002944      0x74d ./Core/Src/can.o
 .debug_info    0x00003091      0x7e0 ./Core/Src/dac.o
 .debug_info    0x00003871      0x38d ./Core/Src/gpio.o
 .debug_info    0x00003bfe      0xc6d ./Core/Src/main.o
 .debug_info    0x0000486b      0x18d ./Core/Src/stm32f3xx_hal_msp.o
 .debug_info    0x000049f8      0x113 ./Core/Src/stm32f3xx_it.o
 .debug_info    0x00004b0b      0x407 ./Core/Src/system_stm32f3xx.o
 .debug_info    0x00004f12      0xe2c ./Core/Src/test.o
 .debug_info    0x00005d3e      0xde0 ./Core/Src/tim.o
 .debug_info    0x00006b1e      0x813 ./Core/Src/usb.o
 .debug_info    0x00007331       0x30 ./Core/Startup/startup_stm32f373rctx.o
 .debug_info    0x00007361      0x7c8 ./Drivers/STM32F3xx_HAL_Driver/Src/stm32f3xx_hal.o
 .debug_info    0x00007b29      0xf8d ./Drivers/STM32F3xx_HAL_Driver/Src/stm32f3xx_hal_adc_ex.o
 .debug_info    0x00008ab6      0xf02 ./Drivers/STM32F3xx_HAL_Driver/Src/stm32f3xx_hal_can.o
 .debug_info    0x000099b8      0xcd8 ./Drivers/STM32F3xx_HAL_Driver/Src/stm32f3xx_hal_cortex.o
 .debug_info    0x0000a690      0x827 ./Drivers/STM32F3xx_HAL_Driver/Src/stm32f3xx_hal_dac.o
 .debug_info    0x0000aeb7      0x9c1 ./Drivers/STM32F3xx_HAL_Driver/Src/stm32f3xx_hal_dac_ex.o
 .debug_info    0x0000b878      0x59e ./Drivers/STM32F3xx_HAL_Driver/Src/stm32f3xx_hal_gpio.o
 .debug_info    0x0000be16     0x160f ./Drivers/STM32F3xx_HAL_Driver/Src/stm32f3xx_hal_pcd.o
 .debug_info    0x0000d425     0x148a ./Drivers/STM32F3xx_HAL_Driver/Src/stm32f3xx_hal_rcc.o
 .debug_info    0x0000e8af      0x569 ./Drivers/STM32F3xx_HAL_Driver/Src/stm32f3xx_hal_rcc_ex.o
 .debug_info    0x0000ee18     0x2967 ./Drivers/STM32F3xx_HAL_Driver/Src/stm32f3xx_hal_tim.o
 .debug_info    0x0001177f     0x14a2 ./Drivers/STM32F3xx_HAL_Driver/Src/stm32f3xx_hal_tim_ex.o
 .debug_info    0x00012c21     0x163b ./Drivers/STM32F3xx_HAL_Driver/Src/stm32f3xx_ll_usb.o

.debug_abbrev   0x00000000     0x3929
 .debug_abbrev  0x00000000      0x252 ./Core/Src/RoboContFirmware/LowLevel/encoder.o
 .debug_abbrev  0x00000252      0x245 ./Core/Src/RoboContFirmware/LowLevel/motor.o
 .debug_abbrev  0x00000497      0x260 ./Core/Src/RoboContFirmware/MidLevel/motor_controller.o
 .debug_abbrev  0x000006f7      0x1ee ./Core/Src/adc.o
 .debug_abbrev  0x000008e5      0x201 ./Core/Src/can.o
 .debug_abbrev  0x00000ae6      0x1f6 ./Core/Src/dac.o
 .debug_abbrev  0x00000cdc      0x151 ./Core/Src/gpio.o
 .debug_abbrev  0x00000e2d      0x2f1 ./Core/Src/main.o
 .debug_abbrev  0x0000111e       0xc6 ./Core/Src/stm32f3xx_hal_msp.o
 .debug_abbrev  0x000011e4       0x73 ./Core/Src/stm32f3xx_it.o
 .debug_abbrev  0x00001257      0x11a ./Core/Src/system_stm32f3xx.o
 .debug_abbrev  0x00001371      0x2ba ./Core/Src/test.o
 .debug_abbrev  0x0000162b      0x23d ./Core/Src/tim.o
 .debug_abbrev  0x00001868      0x1f7 ./Core/Src/usb.o
 .debug_abbrev  0x00001a5f       0x24 ./Core/Startup/startup_stm32f373rctx.o
 .debug_abbrev  0x00001a83      0x215 ./Drivers/STM32F3xx_HAL_Driver/Src/stm32f3xx_hal.o
 .debug_abbrev  0x00001c98      0x268 ./Drivers/STM32F3xx_HAL_Driver/Src/stm32f3xx_hal_adc_ex.o
 .debug_abbrev  0x00001f00      0x1fc ./Drivers/STM32F3xx_HAL_Driver/Src/stm32f3xx_hal_can.o
 .debug_abbrev  0x000020fc      0x31e ./Drivers/STM32F3xx_HAL_Driver/Src/stm32f3xx_hal_cortex.o
 .debug_abbrev  0x0000241a      0x1ac ./Drivers/STM32F3xx_HAL_Driver/Src/stm32f3xx_hal_dac.o
 .debug_abbrev  0x000025c6      0x25d ./Drivers/STM32F3xx_HAL_Driver/Src/stm32f3xx_hal_dac_ex.o
 .debug_abbrev  0x00002823      0x1ca ./Drivers/STM32F3xx_HAL_Driver/Src/stm32f3xx_hal_gpio.o
 .debug_abbrev  0x000029ed      0x2d9 ./Drivers/STM32F3xx_HAL_Driver/Src/stm32f3xx_hal_pcd.o
 .debug_abbrev  0x00002cc6      0x300 ./Drivers/STM32F3xx_HAL_Driver/Src/stm32f3xx_hal_rcc.o
 .debug_abbrev  0x00002fc6      0x221 ./Drivers/STM32F3xx_HAL_Driver/Src/stm32f3xx_hal_rcc_ex.o
 .debug_abbrev  0x000031e7      0x278 ./Drivers/STM32F3xx_HAL_Driver/Src/stm32f3xx_hal_tim.o
 .debug_abbrev  0x0000345f      0x283 ./Drivers/STM32F3xx_HAL_Driver/Src/stm32f3xx_hal_tim_ex.o
 .debug_abbrev  0x000036e2      0x247 ./Drivers/STM32F3xx_HAL_Driver/Src/stm32f3xx_ll_usb.o

.debug_aranges  0x00000000     0x1138
 .debug_aranges
                0x00000000       0x48 ./Core/Src/RoboContFirmware/LowLevel/encoder.o
 .debug_aranges
                0x00000048       0x40 ./Core/Src/RoboContFirmware/LowLevel/motor.o
 .debug_aranges
                0x00000088       0x38 ./Core/Src/RoboContFirmware/MidLevel/motor_controller.o
 .debug_aranges
                0x000000c0       0x30 ./Core/Src/adc.o
 .debug_aranges
                0x000000f0       0x30 ./Core/Src/can.o
 .debug_aranges
                0x00000120       0x38 ./Core/Src/dac.o
 .debug_aranges
                0x00000158       0x20 ./Core/Src/gpio.o
 .debug_aranges
                0x00000178       0x30 ./Core/Src/main.o
 .debug_aranges
                0x000001a8       0x20 ./Core/Src/stm32f3xx_hal_msp.o
 .debug_aranges
                0x000001c8       0x60 ./Core/Src/stm32f3xx_it.o
 .debug_aranges
                0x00000228       0x28 ./Core/Src/system_stm32f3xx.o
 .debug_aranges
                0x00000250       0x38 ./Core/Src/test.o
 .debug_aranges
                0x00000288       0x68 ./Core/Src/tim.o
 .debug_aranges
                0x000002f0       0x30 ./Core/Src/usb.o
 .debug_aranges
                0x00000320       0x28 ./Core/Startup/startup_stm32f373rctx.o
 .debug_aranges
                0x00000348       0xe0 ./Drivers/STM32F3xx_HAL_Driver/Src/stm32f3xx_hal.o
 .debug_aranges
                0x00000428       0xf8 ./Drivers/STM32F3xx_HAL_Driver/Src/stm32f3xx_hal_adc_ex.o
 .debug_aranges
                0x00000520      0x138 ./Drivers/STM32F3xx_HAL_Driver/Src/stm32f3xx_hal_can.o
 .debug_aranges
                0x00000658      0x128 ./Drivers/STM32F3xx_HAL_Driver/Src/stm32f3xx_hal_cortex.o
 .debug_aranges
                0x00000780       0xa8 ./Drivers/STM32F3xx_HAL_Driver/Src/stm32f3xx_hal_dac.o
 .debug_aranges
                0x00000828       0xb8 ./Drivers/STM32F3xx_HAL_Driver/Src/stm32f3xx_hal_dac_ex.o
 .debug_aranges
                0x000008e0       0x58 ./Drivers/STM32F3xx_HAL_Driver/Src/stm32f3xx_hal_gpio.o
 .debug_aranges
                0x00000938      0x140 ./Drivers/STM32F3xx_HAL_Driver/Src/stm32f3xx_hal_pcd.o
 .debug_aranges
                0x00000a78       0x88 ./Drivers/STM32F3xx_HAL_Driver/Src/stm32f3xx_hal_rcc.o
 .debug_aranges
                0x00000b00       0x38 ./Drivers/STM32F3xx_HAL_Driver/Src/stm32f3xx_hal_rcc_ex.o
 .debug_aranges
                0x00000b38      0x3d0 ./Drivers/STM32F3xx_HAL_Driver/Src/stm32f3xx_hal_tim.o
 .debug_aranges
                0x00000f08      0x168 ./Drivers/STM32F3xx_HAL_Driver/Src/stm32f3xx_hal_tim_ex.o
 .debug_aranges
                0x00001070       0xc8 ./Drivers/STM32F3xx_HAL_Driver/Src/stm32f3xx_ll_usb.o

.debug_rnglists
                0x00000000      0xd0d
 .debug_rnglists
                0x00000000       0x32 ./Core/Src/RoboContFirmware/LowLevel/encoder.o
 .debug_rnglists
                0x00000032       0x2d ./Core/Src/RoboContFirmware/LowLevel/motor.o
 .debug_rnglists
                0x0000005f       0x25 ./Core/Src/RoboContFirmware/MidLevel/motor_controller.o
 .debug_rnglists
                0x00000084       0x1f ./Core/Src/adc.o
 .debug_rnglists
                0x000000a3       0x20 ./Core/Src/can.o
 .debug_rnglists
                0x000000c3       0x26 ./Core/Src/dac.o
 .debug_rnglists
                0x000000e9       0x14 ./Core/Src/gpio.o
 .debug_rnglists
                0x000000fd       0x21 ./Core/Src/main.o
 .debug_rnglists
                0x0000011e       0x13 ./Core/Src/stm32f3xx_hal_msp.o
 .debug_rnglists
                0x00000131       0x43 ./Core/Src/stm32f3xx_it.o
 .debug_rnglists
                0x00000174       0x1a ./Core/Src/system_stm32f3xx.o
 .debug_rnglists
                0x0000018e       0x26 ./Core/Src/test.o
 .debug_rnglists
                0x000001b4       0x52 ./Core/Src/tim.o
 .debug_rnglists
                0x00000206       0x20 ./Core/Src/usb.o
 .debug_rnglists
                0x00000226       0x19 ./Core/Startup/startup_stm32f373rctx.o
 .debug_rnglists
                0x0000023f       0xa3 ./Drivers/STM32F3xx_HAL_Driver/Src/stm32f3xx_hal.o
 .debug_rnglists
                0x000002e2       0xc9 ./Drivers/STM32F3xx_HAL_Driver/Src/stm32f3xx_hal_adc_ex.o
 .debug_rnglists
                0x000003ab       0xee ./Drivers/STM32F3xx_HAL_Driver/Src/stm32f3xx_hal_can.o
 .debug_rnglists
                0x00000499       0xda ./Drivers/STM32F3xx_HAL_Driver/Src/stm32f3xx_hal_cortex.o
 .debug_rnglists
                0x00000573       0x7a ./Drivers/STM32F3xx_HAL_Driver/Src/stm32f3xx_hal_dac.o
 .debug_rnglists
                0x000005ed       0x89 ./Drivers/STM32F3xx_HAL_Driver/Src/stm32f3xx_hal_dac_ex.o
 .debug_rnglists
                0x00000676       0x3f ./Drivers/STM32F3xx_HAL_Driver/Src/stm32f3xx_hal_gpio.o
 .debug_rnglists
                0x000006b5       0xf4 ./Drivers/STM32F3xx_HAL_Driver/Src/stm32f3xx_hal_pcd.o
 .debug_rnglists
                0x000007a9       0x66 ./Drivers/STM32F3xx_HAL_Driver/Src/stm32f3xx_hal_rcc.o
 .debug_rnglists
                0x0000080f       0x28 ./Drivers/STM32F3xx_HAL_Driver/Src/stm32f3xx_hal_rcc_ex.o
 .debug_rnglists
                0x00000837      0x318 ./Drivers/STM32F3xx_HAL_Driver/Src/stm32f3xx_hal_tim.o
 .debug_rnglists
                0x00000b4f      0x125 ./Drivers/STM32F3xx_HAL_Driver/Src/stm32f3xx_hal_tim_ex.o
 .debug_rnglists
                0x00000c74       0x99 ./Drivers/STM32F3xx_HAL_Driver/Src/stm32f3xx_ll_usb.o

.debug_macro    0x00000000    0x1ff7e
 .debug_macro   0x00000000      0x22d ./Core/Src/RoboContFirmware/LowLevel/encoder.o
 .debug_macro   0x0000022d      0x169 ./Core/Src/RoboContFirmware/LowLevel/encoder.o
 .debug_macro   0x00000396       0x2e ./Core/Src/RoboContFirmware/LowLevel/encoder.o
 .debug_macro   0x000003c4       0x28 ./Core/Src/RoboContFirmware/LowLevel/encoder.o
 .debug_macro   0x000003ec       0x1c ./Core/Src/RoboContFirmware/LowLevel/encoder.o
 .debug_macro   0x00000408       0x22 ./Core/Src/RoboContFirmware/LowLevel/encoder.o
 .debug_macro   0x0000042a       0x8e ./Core/Src/RoboContFirmware/LowLevel/encoder.o
 .debug_macro   0x000004b8       0x51 ./Core/Src/RoboContFirmware/LowLevel/encoder.o
 .debug_macro   0x00000509      0x103 ./Core/Src/RoboContFirmware/LowLevel/encoder.o
 .debug_macro   0x0000060c       0x6a ./Core/Src/RoboContFirmware/LowLevel/encoder.o
 .debug_macro   0x00000676      0x1df ./Core/Src/RoboContFirmware/LowLevel/encoder.o
 .debug_macro   0x00000855       0x1c ./Core/Src/RoboContFirmware/LowLevel/encoder.o
 .debug_macro   0x00000871       0x22 ./Core/Src/RoboContFirmware/LowLevel/encoder.o
 .debug_macro   0x00000893       0xd9 ./Core/Src/RoboContFirmware/LowLevel/encoder.o
 .debug_macro   0x0000096c     0x102d ./Core/Src/RoboContFirmware/LowLevel/encoder.o
 .debug_macro   0x00001999      0x11f ./Core/Src/RoboContFirmware/LowLevel/encoder.o
 .debug_macro   0x00001ab8    0x1071e ./Core/Src/RoboContFirmware/LowLevel/encoder.o
 .debug_macro   0x000121d6       0x6d ./Core/Src/RoboContFirmware/LowLevel/encoder.o
 .debug_macro   0x00012243     0x3582 ./Core/Src/RoboContFirmware/LowLevel/encoder.o
 .debug_macro   0x000157c5      0x190 ./Core/Src/RoboContFirmware/LowLevel/encoder.o
 .debug_macro   0x00015955       0x55 ./Core/Src/RoboContFirmware/LowLevel/encoder.o
 .debug_macro   0x000159aa      0x95a ./Core/Src/RoboContFirmware/LowLevel/encoder.o
 .debug_macro   0x00016304      0x5dc ./Core/Src/RoboContFirmware/LowLevel/encoder.o
 .debug_macro   0x000168e0      0x1b5 ./Core/Src/RoboContFirmware/LowLevel/encoder.o
 .debug_macro   0x00016a95      0x161 ./Core/Src/RoboContFirmware/LowLevel/encoder.o
 .debug_macro   0x00016bf6      0x1ab ./Core/Src/RoboContFirmware/LowLevel/encoder.o
 .debug_macro   0x00016da1      0x1bc ./Core/Src/RoboContFirmware/LowLevel/encoder.o
 .debug_macro   0x00016f5d       0x30 ./Core/Src/RoboContFirmware/LowLevel/encoder.o
 .debug_macro   0x00016f8d       0x3c ./Core/Src/RoboContFirmware/LowLevel/encoder.o
 .debug_macro   0x00016fc9      0x235 ./Core/Src/RoboContFirmware/LowLevel/encoder.o
 .debug_macro   0x000171fe      0x504 ./Core/Src/RoboContFirmware/LowLevel/encoder.o
 .debug_macro   0x00017702       0x77 ./Core/Src/RoboContFirmware/LowLevel/encoder.o
 .debug_macro   0x00017779      0x408 ./Core/Src/RoboContFirmware/LowLevel/encoder.o
 .debug_macro   0x00017b81      0x176 ./Core/Src/RoboContFirmware/LowLevel/encoder.o
 .debug_macro   0x00017cf7       0x6c ./Core/Src/RoboContFirmware/LowLevel/encoder.o
 .debug_macro   0x00017d63       0xc5 ./Core/Src/RoboContFirmware/LowLevel/encoder.o
 .debug_macro   0x00017e28      0x231 ./Core/Src/RoboContFirmware/LowLevel/encoder.o
 .debug_macro   0x00018059      0x22c ./Core/Src/RoboContFirmware/LowLevel/encoder.o
 .debug_macro   0x00018285       0x5b ./Core/Src/RoboContFirmware/LowLevel/encoder.o
 .debug_macro   0x000182e0       0xa5 ./Core/Src/RoboContFirmware/LowLevel/encoder.o
 .debug_macro   0x00018385       0x73 ./Core/Src/RoboContFirmware/LowLevel/encoder.o
 .debug_macro   0x000183f8      0x242 ./Core/Src/RoboContFirmware/LowLevel/encoder.o
 .debug_macro   0x0001863a       0x81 ./Core/Src/RoboContFirmware/LowLevel/encoder.o
 .debug_macro   0x000186bb       0xec ./Core/Src/RoboContFirmware/LowLevel/encoder.o
 .debug_macro   0x000187a7      0x8fb ./Core/Src/RoboContFirmware/LowLevel/encoder.o
 .debug_macro   0x000190a2       0x41 ./Core/Src/RoboContFirmware/LowLevel/encoder.o
 .debug_macro   0x000190e3      0x244 ./Core/Src/RoboContFirmware/LowLevel/encoder.o
 .debug_macro   0x00019327      0x22d ./Core/Src/RoboContFirmware/LowLevel/motor.o
 .debug_macro   0x00019554      0x247 ./Core/Src/RoboContFirmware/MidLevel/motor_controller.o
 .debug_macro   0x0001979b      0x237 ./Core/Src/adc.o
 .debug_macro   0x000199d2      0xab4 ./Core/Src/adc.o
 .debug_macro   0x0001a486     0x102d ./Core/Src/adc.o
 .debug_macro   0x0001b4b3      0x189 ./Core/Src/adc.o
 .debug_macro   0x0001b63c       0xc4 ./Core/Src/adc.o
 .debug_macro   0x0001b700      0x237 ./Core/Src/can.o
 .debug_macro   0x0001b937      0x237 ./Core/Src/dac.o
 .debug_macro   0x0001bb6e      0x237 ./Core/Src/gpio.o
 .debug_macro   0x0001bda5      0x3b8 ./Core/Src/main.o
 .debug_macro   0x0001c15d       0xca ./Core/Src/main.o
 .debug_macro   0x0001c227      0x1d6 ./Core/Src/main.o
 .debug_macro   0x0001c3fd       0x10 ./Core/Src/main.o
 .debug_macro   0x0001c40d      0x417 ./Core/Src/main.o
 .debug_macro   0x0001c824       0x18 ./Core/Src/main.o
 .debug_macro   0x0001c83c       0x61 ./Core/Src/main.o
 .debug_macro   0x0001c89d       0x2a ./Core/Src/main.o
 .debug_macro   0x0001c8c7       0x43 ./Core/Src/main.o
 .debug_macro   0x0001c90a       0x34 ./Core/Src/main.o
 .debug_macro   0x0001c93e       0x16 ./Core/Src/main.o
 .debug_macro   0x0001c954       0x43 ./Core/Src/main.o
 .debug_macro   0x0001c997       0x34 ./Core/Src/main.o
 .debug_macro   0x0001c9cb       0x10 ./Core/Src/main.o
 .debug_macro   0x0001c9db       0x58 ./Core/Src/main.o
 .debug_macro   0x0001ca33       0x8e ./Core/Src/main.o
 .debug_macro   0x0001cac1       0x16 ./Core/Src/main.o
 .debug_macro   0x0001cad7      0x177 ./Core/Src/main.o
 .debug_macro   0x0001cc4e      0x38c ./Core/Src/main.o
 .debug_macro   0x0001cfda      0x194 ./Core/Src/main.o
 .debug_macro   0x0001d16e       0x10 ./Core/Src/main.o
 .debug_macro   0x0001d17e       0x16 ./Core/Src/main.o
 .debug_macro   0x0001d194       0x35 ./Core/Src/main.o
 .debug_macro   0x0001d1c9       0x16 ./Core/Src/main.o
 .debug_macro   0x0001d1df       0x29 ./Core/Src/main.o
 .debug_macro   0x0001d208       0x10 ./Core/Src/main.o
 .debug_macro   0x0001d218      0x3c7 ./Core/Src/main.o
 .debug_macro   0x0001d5df      0x22d ./Core/Src/stm32f3xx_hal_msp.o
 .debug_macro   0x0001d80c      0x237 ./Core/Src/stm32f3xx_it.o
 .debug_macro   0x0001da43      0x21e ./Core/Src/system_stm32f3xx.o
 .debug_macro   0x0001dc61      0x24a ./Core/Src/test.o
 .debug_macro   0x0001deab       0x10 ./Core/Src/test.o
 .debug_macro   0x0001debb      0x237 ./Core/Src/tim.o
 .debug_macro   0x0001e0f2      0x237 ./Core/Src/usb.o
 .debug_macro   0x0001e329      0x242 ./Drivers/STM32F3xx_HAL_Driver/Src/stm32f3xx_hal.o
 .debug_macro   0x0001e56b      0x281 ./Drivers/STM32F3xx_HAL_Driver/Src/stm32f3xx_hal_adc_ex.o
 .debug_macro   0x0001e7ec      0x22d ./Drivers/STM32F3xx_HAL_Driver/Src/stm32f3xx_hal_can.o
 .debug_macro   0x0001ea19      0x21e ./Drivers/STM32F3xx_HAL_Driver/Src/stm32f3xx_hal_cortex.o
 .debug_macro   0x0001ec37      0x21f ./Drivers/STM32F3xx_HAL_Driver/Src/stm32f3xx_hal_dac.o
 .debug_macro   0x0001ee56      0x21e ./Drivers/STM32F3xx_HAL_Driver/Src/stm32f3xx_hal_dac_ex.o
 .debug_macro   0x0001f074      0x225 ./Drivers/STM32F3xx_HAL_Driver/Src/stm32f3xx_hal_gpio.o
 .debug_macro   0x0001f299      0x22a ./Drivers/STM32F3xx_HAL_Driver/Src/stm32f3xx_hal_pcd.o
 .debug_macro   0x0001f4c3      0x242 ./Drivers/STM32F3xx_HAL_Driver/Src/stm32f3xx_hal_rcc.o
 .debug_macro   0x0001f705      0x21e ./Drivers/STM32F3xx_HAL_Driver/Src/stm32f3xx_hal_rcc_ex.o
 .debug_macro   0x0001f923      0x21f ./Drivers/STM32F3xx_HAL_Driver/Src/stm32f3xx_hal_tim.o
 .debug_macro   0x0001fb42      0x21e ./Drivers/STM32F3xx_HAL_Driver/Src/stm32f3xx_hal_tim_ex.o
 .debug_macro   0x0001fd60      0x21e ./Drivers/STM32F3xx_HAL_Driver/Src/stm32f3xx_ll_usb.o

.debug_line     0x00000000    0x16b69
 .debug_line    0x00000000      0x868 ./Core/Src/RoboContFirmware/LowLevel/encoder.o
 .debug_line    0x00000868      0x958 ./Core/Src/RoboContFirmware/LowLevel/motor.o
 .debug_line    0x000011c0      0x8a6 ./Core/Src/RoboContFirmware/MidLevel/motor_controller.o
 .debug_line    0x00001a66      0x7bc ./Core/Src/adc.o
 .debug_line    0x00002222      0x7b9 ./Core/Src/can.o
 .debug_line    0x000029db      0x80f ./Core/Src/dac.o
 .debug_line    0x000031ea      0x821 ./Core/Src/gpio.o
 .debug_line    0x00003a0b      0xd40 ./Core/Src/main.o
 .debug_line    0x0000474b      0x74c ./Core/Src/stm32f3xx_hal_msp.o
 .debug_line    0x00004e97      0x80e ./Core/Src/stm32f3xx_it.o
 .debug_line    0x000056a5      0x7c5 ./Core/Src/system_stm32f3xx.o
 .debug_line    0x00005e6a      0x842 ./Core/Src/test.o
 .debug_line    0x000066ac      0xad3 ./Core/Src/tim.o
 .debug_line    0x0000717f      0x7ab ./Core/Src/usb.o
 .debug_line    0x0000792a       0x7a ./Core/Startup/startup_stm32f373rctx.o
 .debug_line    0x000079a4      0x9fd ./Drivers/STM32F3xx_HAL_Driver/Src/stm32f3xx_hal.o
 .debug_line    0x000083a1     0x13b2 ./Drivers/STM32F3xx_HAL_Driver/Src/stm32f3xx_hal_adc_ex.o
 .debug_line    0x00009753     0x11d7 ./Drivers/STM32F3xx_HAL_Driver/Src/stm32f3xx_hal_can.o
 .debug_line    0x0000a92a      0xcea ./Drivers/STM32F3xx_HAL_Driver/Src/stm32f3xx_hal_cortex.o
 .debug_line    0x0000b614      0x943 ./Drivers/STM32F3xx_HAL_Driver/Src/stm32f3xx_hal_dac.o
 .debug_line    0x0000bf57      0xbc1 ./Drivers/STM32F3xx_HAL_Driver/Src/stm32f3xx_hal_dac_ex.o
 .debug_line    0x0000cb18      0xb74 ./Drivers/STM32F3xx_HAL_Driver/Src/stm32f3xx_hal_gpio.o
 .debug_line    0x0000d68c     0x1385 ./Drivers/STM32F3xx_HAL_Driver/Src/stm32f3xx_hal_pcd.o
 .debug_line    0x0000ea11     0x1391 ./Drivers/STM32F3xx_HAL_Driver/Src/stm32f3xx_hal_rcc.o
 .debug_line    0x0000fda2      0xbe3 ./Drivers/STM32F3xx_HAL_Driver/Src/stm32f3xx_hal_rcc_ex.o
 .debug_line    0x00010985     0x37a8 ./Drivers/STM32F3xx_HAL_Driver/Src/stm32f3xx_hal_tim.o
 .debug_line    0x0001412d     0x19fd ./Drivers/STM32F3xx_HAL_Driver/Src/stm32f3xx_hal_tim_ex.o
 .debug_line    0x00015b2a     0x103f ./Drivers/STM32F3xx_HAL_Driver/Src/stm32f3xx_ll_usb.o

.debug_str      0x00000000    0xafca4
 .debug_str     0x00000000    0xa5102 ./Core/Src/RoboContFirmware/LowLevel/encoder.o
                              0xa59a4 (size before relaxing)
 .debug_str     0x000a5102      0x224 ./Core/Src/RoboContFirmware/LowLevel/motor.o
                              0xa58d6 (size before relaxing)
 .debug_str     0x000a5326      0x191 ./Core/Src/RoboContFirmware/MidLevel/motor_controller.o
                              0xa5b3a (size before relaxing)
 .debug_str     0x000a54b7      0x758 ./Core/Src/adc.o
                              0xa5438 (size before relaxing)
 .debug_str     0x000a5c0f      0x29c ./Core/Src/can.o
                              0xa537b (size before relaxing)
 .debug_str     0x000a5eab      0x1e0 ./Core/Src/dac.o
                              0xa544d (size before relaxing)
 .debug_str     0x000a608b       0x3e ./Core/Src/gpio.o
                              0xa50a5 (size before relaxing)
 .debug_str     0x000a60c9     0x5cda ./Core/Src/main.o
                              0xab9ab (size before relaxing)
 .debug_str     0x000abda3       0x2c ./Core/Src/stm32f3xx_hal_msp.o
                              0xa4fc8 (size before relaxing)
 .debug_str     0x000abdcf       0xc9 ./Core/Src/stm32f3xx_it.o
                              0xa4ff7 (size before relaxing)
 .debug_str     0x000abe98       0xdf ./Core/Src/system_stm32f3xx.o
                              0xa4d51 (size before relaxing)
 .debug_str     0x000abf77      0x1e9 ./Core/Src/test.o
                              0xa5df4 (size before relaxing)
 .debug_str     0x000ac160      0x293 ./Core/Src/tim.o
                              0xa584d (size before relaxing)
 .debug_str     0x000ac3f3      0x304 ./Core/Src/usb.o
                              0xa5453 (size before relaxing)
 .debug_str     0x000ac6f7       0x44 ./Core/Startup/startup_stm32f373rctx.o
                                 0x6d (size before relaxing)
 .debug_str     0x000ac73b      0x654 ./Drivers/STM32F3xx_HAL_Driver/Src/stm32f3xx_hal.o
                              0xa5532 (size before relaxing)
 .debug_str     0x000acd8f      0x75e ./Drivers/STM32F3xx_HAL_Driver/Src/stm32f3xx_hal_adc_ex.o
                              0xa57d7 (size before relaxing)
 .debug_str     0x000ad4ed      0x584 ./Drivers/STM32F3xx_HAL_Driver/Src/stm32f3xx_hal_can.o
                              0xa54e0 (size before relaxing)
 .debug_str     0x000ada71      0x376 ./Drivers/STM32F3xx_HAL_Driver/Src/stm32f3xx_hal_cortex.o
                              0xa55b6 (size before relaxing)
 .debug_str     0x000adde7      0x15e ./Drivers/STM32F3xx_HAL_Driver/Src/stm32f3xx_hal_dac.o
                              0xa5155 (size before relaxing)
 .debug_str     0x000adf45      0x1aa ./Drivers/STM32F3xx_HAL_Driver/Src/stm32f3xx_hal_dac_ex.o
                              0xa525e (size before relaxing)
 .debug_str     0x000ae0ef       0xed ./Drivers/STM32F3xx_HAL_Driver/Src/stm32f3xx_hal_gpio.o
                              0xa4e96 (size before relaxing)
 .debug_str     0x000ae1dc      0x534 ./Drivers/STM32F3xx_HAL_Driver/Src/stm32f3xx_hal_pcd.o
                              0xa5569 (size before relaxing)
 .debug_str     0x000ae710      0x2b8 ./Drivers/STM32F3xx_HAL_Driver/Src/stm32f3xx_hal_rcc.o
                              0xa51f1 (size before relaxing)
 .debug_str     0x000ae9c8       0xb5 ./Drivers/STM32F3xx_HAL_Driver/Src/stm32f3xx_hal_rcc_ex.o
                              0xa4f53 (size before relaxing)
 .debug_str     0x000aea7d      0xcb7 ./Drivers/STM32F3xx_HAL_Driver/Src/stm32f3xx_hal_tim.o
                              0xa6109 (size before relaxing)
 .debug_str     0x000af734      0x493 ./Drivers/STM32F3xx_HAL_Driver/Src/stm32f3xx_hal_tim_ex.o
                              0xa5915 (size before relaxing)
 .debug_str     0x000afbc7       0xdd ./Drivers/STM32F3xx_HAL_Driver/Src/stm32f3xx_ll_usb.o
                              0xa50db (size before relaxing)

.comment        0x00000000       0x43
 .comment       0x00000000       0x43 ./Core/Src/RoboContFirmware/LowLevel/encoder.o
                                 0x44 (size before relaxing)
 .comment       0x00000043       0x44 ./Core/Src/RoboContFirmware/LowLevel/motor.o
 .comment       0x00000043       0x44 ./Core/Src/RoboContFirmware/MidLevel/motor_controller.o
 .comment       0x00000043       0x44 ./Core/Src/adc.o
 .comment       0x00000043       0x44 ./Core/Src/can.o
 .comment       0x00000043       0x44 ./Core/Src/dac.o
 .comment       0x00000043       0x44 ./Core/Src/gpio.o
 .comment       0x00000043       0x44 ./Core/Src/main.o
 .comment       0x00000043       0x44 ./Core/Src/stm32f3xx_hal_msp.o
 .comment       0x00000043       0x44 ./Core/Src/stm32f3xx_it.o
 .comment       0x00000043       0x44 ./Core/Src/system_stm32f3xx.o
 .comment       0x00000043       0x44 ./Core/Src/test.o
 .comment       0x00000043       0x44 ./Core/Src/tim.o
 .comment       0x00000043       0x44 ./Core/Src/usb.o
 .comment       0x00000043       0x44 ./Drivers/STM32F3xx_HAL_Driver/Src/stm32f3xx_hal.o
 .comment       0x00000043       0x44 ./Drivers/STM32F3xx_HAL_Driver/Src/stm32f3xx_hal_adc_ex.o
 .comment       0x00000043       0x44 ./Drivers/STM32F3xx_HAL_Driver/Src/stm32f3xx_hal_can.o
 .comment       0x00000043       0x44 ./Drivers/STM32F3xx_HAL_Driver/Src/stm32f3xx_hal_cortex.o
 .comment       0x00000043       0x44 ./Drivers/STM32F3xx_HAL_Driver/Src/stm32f3xx_hal_dac.o
 .comment       0x00000043       0x44 ./Drivers/STM32F3xx_HAL_Driver/Src/stm32f3xx_hal_dac_ex.o
 .comment       0x00000043       0x44 ./Drivers/STM32F3xx_HAL_Driver/Src/stm32f3xx_hal_gpio.o
 .comment       0x00000043       0x44 ./Drivers/STM32F3xx_HAL_Driver/Src/stm32f3xx_hal_pcd.o
 .comment       0x00000043       0x44 ./Drivers/STM32F3xx_HAL_Driver/Src/stm32f3xx_hal_rcc.o
 .comment       0x00000043       0x44 ./Drivers/STM32F3xx_HAL_Driver/Src/stm32f3xx_hal_rcc_ex.o
 .comment       0x00000043       0x44 ./Drivers/STM32F3xx_HAL_Driver/Src/stm32f3xx_hal_tim.o
 .comment       0x00000043       0x44 ./Drivers/STM32F3xx_HAL_Driver/Src/stm32f3xx_hal_tim_ex.o
 .comment       0x00000043       0x44 ./Drivers/STM32F3xx_HAL_Driver/Src/stm32f3xx_ll_usb.o

.debug_frame    0x00000000     0x45e0
 .debug_frame   0x00000000       0xf8 ./Core/Src/RoboContFirmware/LowLevel/encoder.o
 .debug_frame   0x000000f8       0xd4 ./Core/Src/RoboContFirmware/LowLevel/motor.o
 .debug_frame   0x000001cc       0xa8 ./Core/Src/RoboContFirmware/MidLevel/motor_controller.o
 .debug_frame   0x00000274       0x7c ./Core/Src/adc.o
 .debug_frame   0x000002f0       0x74 ./Core/Src/can.o
 .debug_frame   0x00000364       0xa0 ./Core/Src/dac.o
 .debug_frame   0x00000404       0x38 ./Core/Src/gpio.o
 .debug_frame   0x0000043c       0x6c ./Core/Src/main.o
 .debug_frame   0x000004a8       0x38 ./Core/Src/stm32f3xx_hal_msp.o
 .debug_frame   0x000004e0      0x104 ./Core/Src/stm32f3xx_it.o
 .debug_frame   0x000005e4       0x58 ./Core/Src/system_stm32f3xx.o
 .debug_frame   0x0000063c       0x94 ./Core/Src/test.o
 .debug_frame   0x000006d0      0x178 ./Core/Src/tim.o
 .debug_frame   0x00000848       0x74 ./Core/Src/usb.o
 .debug_frame   0x000008bc      0x334 ./Drivers/STM32F3xx_HAL_Driver/Src/stm32f3xx_hal.o
 .debug_frame   0x00000bf0      0x420 ./Drivers/STM32F3xx_HAL_Driver/Src/stm32f3xx_hal_adc_ex.o
 .debug_frame   0x00001010      0x5a0 ./Drivers/STM32F3xx_HAL_Driver/Src/stm32f3xx_hal_can.o
 .debug_frame   0x000015b0      0x4e8 ./Drivers/STM32F3xx_HAL_Driver/Src/stm32f3xx_hal_cortex.o
 .debug_frame   0x00001a98      0x2d4 ./Drivers/STM32F3xx_HAL_Driver/Src/stm32f3xx_hal_dac.o
 .debug_frame   0x00001d6c      0x310 ./Drivers/STM32F3xx_HAL_Driver/Src/stm32f3xx_hal_dac_ex.o
 .debug_frame   0x0000207c      0x14c ./Drivers/STM32F3xx_HAL_Driver/Src/stm32f3xx_hal_gpio.o
 .debug_frame   0x000021c8      0x590 ./Drivers/STM32F3xx_HAL_Driver/Src/stm32f3xx_hal_pcd.o
 .debug_frame   0x00002758      0x214 ./Drivers/STM32F3xx_HAL_Driver/Src/stm32f3xx_hal_rcc.o
 .debug_frame   0x0000296c       0xb0 ./Drivers/STM32F3xx_HAL_Driver/Src/stm32f3xx_hal_rcc_ex.o
 .debug_frame   0x00002a1c     0x11c0 ./Drivers/STM32F3xx_HAL_Driver/Src/stm32f3xx_hal_tim.o
 .debug_frame   0x00003bdc      0x638 ./Drivers/STM32F3xx_HAL_Driver/Src/stm32f3xx_hal_tim_ex.o
 .debug_frame   0x00004214      0x380 ./Drivers/STM32F3xx_HAL_Driver/Src/stm32f3xx_ll_usb.o
 .debug_frame   0x00004594       0x20 /opt/st/stm32cubeide_1.16.1/plugins/com.st.stm32cube.ide.mcu.externaltools.gnu-tools-for-stm32.12.3.rel1.linux64_1.0.200.202406132123/tools/bin/../lib/gcc/arm-none-eabi/12.3.1/../../../../arm-none-eabi/lib/thumb/v7e-m+fp/hard/libc_nano.a(libc_a-memset.o)
 .debug_frame   0x000045b4       0x2c /opt/st/stm32cubeide_1.16.1/plugins/com.st.stm32cube.ide.mcu.externaltools.gnu-tools-for-stm32.12.3.rel1.linux64_1.0.200.202406132123/tools/bin/../lib/gcc/arm-none-eabi/12.3.1/../../../../arm-none-eabi/lib/thumb/v7e-m+fp/hard/libc_nano.a(libc_a-init.o)

.debug_line_str
                0x00000000       0x51
 .debug_line_str
                0x00000000       0x51 ./Core/Startup/startup_stm32f373rctx.o
