Archive member included to satisfy reference by file (symbol)

/opt/st/stm32cubeide_1.16.1/plugins/com.st.stm32cube.ide.mcu.externaltools.gnu-tools-for-stm32.12.3.rel1.linux64_1.0.200.202406132123/tools/bin/../lib/gcc/arm-none-eabi/12.3.1/../../../../arm-none-eabi/lib/thumb/v7e-m+fp/hard/libc_nano.a(libc_a-exit.o)
                              /opt/st/stm32cubeide_1.16.1/plugins/com.st.stm32cube.ide.mcu.externaltools.gnu-tools-for-stm32.12.3.rel1.linux64_1.0.200.202406132123/tools/bin/../lib/gcc/arm-none-eabi/12.3.1/../../../../arm-none-eabi/lib/thumb/v7e-m+fp/hard/crt0.o (exit)
/opt/st/stm32cubeide_1.16.1/plugins/com.st.stm32cube.ide.mcu.externaltools.gnu-tools-for-stm32.12.3.rel1.linux64_1.0.200.202406132123/tools/bin/../lib/gcc/arm-none-eabi/12.3.1/../../../../arm-none-eabi/lib/thumb/v7e-m+fp/hard/libc_nano.a(libc_a-findfp.o)
                              /opt/st/stm32cubeide_1.16.1/plugins/com.st.stm32cube.ide.mcu.externaltools.gnu-tools-for-stm32.12.3.rel1.linux64_1.0.200.202406132123/tools/bin/../lib/gcc/arm-none-eabi/12.3.1/../../../../arm-none-eabi/lib/thumb/v7e-m+fp/hard/libc_nano.a(libc_a-exit.o) (__stdio_exit_handler)
/opt/st/stm32cubeide_1.16.1/plugins/com.st.stm32cube.ide.mcu.externaltools.gnu-tools-for-stm32.12.3.rel1.linux64_1.0.200.202406132123/tools/bin/../lib/gcc/arm-none-eabi/12.3.1/../../../../arm-none-eabi/lib/thumb/v7e-m+fp/hard/libc_nano.a(libc_a-fwalk.o)
                              /opt/st/stm32cubeide_1.16.1/plugins/com.st.stm32cube.ide.mcu.externaltools.gnu-tools-for-stm32.12.3.rel1.linux64_1.0.200.202406132123/tools/bin/../lib/gcc/arm-none-eabi/12.3.1/../../../../arm-none-eabi/lib/thumb/v7e-m+fp/hard/libc_nano.a(libc_a-findfp.o) (_fwalk_sglue)
/opt/st/stm32cubeide_1.16.1/plugins/com.st.stm32cube.ide.mcu.externaltools.gnu-tools-for-stm32.12.3.rel1.linux64_1.0.200.202406132123/tools/bin/../lib/gcc/arm-none-eabi/12.3.1/../../../../arm-none-eabi/lib/thumb/v7e-m+fp/hard/libc_nano.a(libc_a-stdio.o)
                              /opt/st/stm32cubeide_1.16.1/plugins/com.st.stm32cube.ide.mcu.externaltools.gnu-tools-for-stm32.12.3.rel1.linux64_1.0.200.202406132123/tools/bin/../lib/gcc/arm-none-eabi/12.3.1/../../../../arm-none-eabi/lib/thumb/v7e-m+fp/hard/libc_nano.a(libc_a-findfp.o) (__sread)
/opt/st/stm32cubeide_1.16.1/plugins/com.st.stm32cube.ide.mcu.externaltools.gnu-tools-for-stm32.12.3.rel1.linux64_1.0.200.202406132123/tools/bin/../lib/gcc/arm-none-eabi/12.3.1/../../../../arm-none-eabi/lib/thumb/v7e-m+fp/hard/libc_nano.a(libc_a-memset.o)
                              /opt/st/stm32cubeide_1.16.1/plugins/com.st.stm32cube.ide.mcu.externaltools.gnu-tools-for-stm32.12.3.rel1.linux64_1.0.200.202406132123/tools/bin/../lib/gcc/arm-none-eabi/12.3.1/../../../../arm-none-eabi/lib/thumb/v7e-m+fp/hard/crt0.o (memset)
/opt/st/stm32cubeide_1.16.1/plugins/com.st.stm32cube.ide.mcu.externaltools.gnu-tools-for-stm32.12.3.rel1.linux64_1.0.200.202406132123/tools/bin/../lib/gcc/arm-none-eabi/12.3.1/../../../../arm-none-eabi/lib/thumb/v7e-m+fp/hard/libc_nano.a(libc_a-closer.o)
                              /opt/st/stm32cubeide_1.16.1/plugins/com.st.stm32cube.ide.mcu.externaltools.gnu-tools-for-stm32.12.3.rel1.linux64_1.0.200.202406132123/tools/bin/../lib/gcc/arm-none-eabi/12.3.1/../../../../arm-none-eabi/lib/thumb/v7e-m+fp/hard/libc_nano.a(libc_a-stdio.o) (_close_r)
/opt/st/stm32cubeide_1.16.1/plugins/com.st.stm32cube.ide.mcu.externaltools.gnu-tools-for-stm32.12.3.rel1.linux64_1.0.200.202406132123/tools/bin/../lib/gcc/arm-none-eabi/12.3.1/../../../../arm-none-eabi/lib/thumb/v7e-m+fp/hard/libc_nano.a(libc_a-reent.o)
                              /opt/st/stm32cubeide_1.16.1/plugins/com.st.stm32cube.ide.mcu.externaltools.gnu-tools-for-stm32.12.3.rel1.linux64_1.0.200.202406132123/tools/bin/../lib/gcc/arm-none-eabi/12.3.1/../../../../arm-none-eabi/lib/thumb/v7e-m+fp/hard/libc_nano.a(libc_a-closer.o) (errno)
/opt/st/stm32cubeide_1.16.1/plugins/com.st.stm32cube.ide.mcu.externaltools.gnu-tools-for-stm32.12.3.rel1.linux64_1.0.200.202406132123/tools/bin/../lib/gcc/arm-none-eabi/12.3.1/../../../../arm-none-eabi/lib/thumb/v7e-m+fp/hard/libc_nano.a(libc_a-impure.o)
                              /opt/st/stm32cubeide_1.16.1/plugins/com.st.stm32cube.ide.mcu.externaltools.gnu-tools-for-stm32.12.3.rel1.linux64_1.0.200.202406132123/tools/bin/../lib/gcc/arm-none-eabi/12.3.1/../../../../arm-none-eabi/lib/thumb/v7e-m+fp/hard/libc_nano.a(libc_a-reent.o) (_impure_ptr)
/opt/st/stm32cubeide_1.16.1/plugins/com.st.stm32cube.ide.mcu.externaltools.gnu-tools-for-stm32.12.3.rel1.linux64_1.0.200.202406132123/tools/bin/../lib/gcc/arm-none-eabi/12.3.1/../../../../arm-none-eabi/lib/thumb/v7e-m+fp/hard/libc_nano.a(libc_a-lseekr.o)
                              /opt/st/stm32cubeide_1.16.1/plugins/com.st.stm32cube.ide.mcu.externaltools.gnu-tools-for-stm32.12.3.rel1.linux64_1.0.200.202406132123/tools/bin/../lib/gcc/arm-none-eabi/12.3.1/../../../../arm-none-eabi/lib/thumb/v7e-m+fp/hard/libc_nano.a(libc_a-stdio.o) (_lseek_r)
[...]
Memory Configuration

Name             Origin             Length             Attributes
RAM              0x20000000         0x00008000         xrw
FLASH            0x08000000         0x00040000         xr
*default*        0x00000000         0xffffffff

Linker script and memory map

LOAD /opt/st/stm32cubeide_1.16.1/plugins/com.st.stm32cube.ide.mcu.externaltools.gnu-tools-for-stm32.12.3.rel1.linux64_1.0.200.202406132123/tools/bin/../lib/gcc/arm-none-eabi/12.3.1/thumb/v7e-m+fp/hard/crti.o
LOAD /opt/st/stm32cubeide_1.16.1/plugins/com.st.stm32cube.ide.mcu.externaltools.gnu-tools-for-stm32.12.3.rel1.linux64_1.0.200.202406132123/tools/bin/../lib/gcc/arm-none-eabi/12.3.1/thumb/v7e-m+fp/hard/crtbegin.o
LOAD /opt/st/stm32cubeide_1.16.1/plugins/com.st.stm32cube.ide.mcu.externaltools.gnu-tools-for-stm32.12.3.rel1.linux64_1.0.200.202406132123/tools/bin/../lib/gcc/arm-none-eabi/12.3.1/../../../../arm-none-eabi/lib/thumb/v7e-m+fp/hard/crt0.o
LOAD ./Core/Src/RoboContFirmware/Application/scheduler.o
LOAD ./Core/Src/RoboContFirmware/Application/system_manager.o
LOAD ./Core/Src/RoboContFirmware/Debug/swo.o
LOAD ./Core/Src/RoboContFirmware/Debug/test.o
LOAD ./Core/Src/RoboContFirmware/HighLevel/esp32_interface.o
LOAD ./Core/Src/RoboContFirmware/HighLevel/json_handler.o
LOAD ./Core/Src/RoboContFirmware/HighLevel/ros2_interface.o
LOAD ./Core/Src/RoboContFirmware/LowLevel/adc_handler.o
LOAD ./Core/Src/RoboContFirmware/LowLevel/can_handler.o
LOAD ./Core/Src/RoboContFirmware/LowLevel/dac_handler.o
LOAD ./Core/Src/RoboContFirmware/LowLevel/encoder.o
LOAD ./Core/Src/RoboContFirmware/LowLevel/gps_neo.o
LOAD ./Core/Src/RoboContFirmware/LowLevel/imu_icm20948.o
LOAD ./Core/Src/RoboContFirmware/LowLevel/modbus_handler.o
LOAD ./Core/Src/RoboContFirmware/LowLevel/motor.o
LOAD ./Core/Src/RoboContFirmware/LowLevel/servo.o
LOAD ./Core/Src/RoboContFirmware/LowLevel/uart_handler.o
LOAD ./Core/Src/RoboContFirmware/MidLevel/analog_manager.o
LOAD ./Core/Src/RoboContFirmware/MidLevel/gps_manager.o
LOAD ./Core/Src/RoboContFirmware/MidLevel/imu_manager.o
LOAD ./Core/Src/RoboContFirmware/MidLevel/motor_controller.o
LOAD ./Core/Src/adc.o
LOAD ./Core/Src/can.o
LOAD ./Core/Src/dac.o
LOAD ./Core/Src/gpio.o
LOAD ./Core/Src/i2c.o
LOAD ./Core/Src/main.o
LOAD ./Core/Src/spi.o
LOAD ./Core/Src/stm32f3xx_hal_msp.o
LOAD ./Core/Src/stm32f3xx_it.o
LOAD ./Core/Src/syscalls.o
LOAD ./Core/Src/sysmem.o
LOAD ./Core/Src/system_stm32f3xx.o
LOAD ./Core/Src/tim.o
LOAD ./Core/Src/usart.o
LOAD ./Core/Src/usb.o
LOAD ./Core/Startup/startup_stm32f373rctx.o
LOAD ./Drivers/STM32F3xx_HAL_Driver/Src/stm32f3xx_hal.o
LOAD ./Drivers/STM32F3xx_HAL_Driver/Src/stm32f3xx_hal_adc.o
LOAD ./Drivers/STM32F3xx_HAL_Driver/Src/stm32f3xx_hal_adc_ex.o
LOAD ./Drivers/STM32F3xx_HAL_Driver/Src/stm32f3xx_hal_can.o
LOAD ./Drivers/STM32F3xx_HAL_Driver/Src/stm32f3xx_hal_cortex.o
LOAD ./Drivers/STM32F3xx_HAL_Driver/Src/stm32f3xx_hal_dac.o
LOAD ./Drivers/STM32F3xx_HAL_Driver/Src/stm32f3xx_hal_dac_ex.o
LOAD ./Drivers/STM32F3xx_HAL_Driver/Src/stm32f3xx_hal_dma.o
LOAD ./Drivers/STM32F3xx_HAL_Driver/Src/stm32f3xx_hal_exti.o
LOAD ./Drivers/STM32F3xx_HAL_Driver/Src/stm32f3xx_hal_flash.o
LOAD ./Drivers/STM32F3xx_HAL_Driver/Src/stm32f3xx_hal_flash_ex.o
LOAD ./Drivers/STM32F3xx_HAL_Driver/Src/stm32f3xx_hal_gpio.o
LOAD ./Drivers/STM32F3xx_HAL_Driver/Src/stm32f3xx_hal_i2c.o
LOAD ./Drivers/STM32F3xx_HAL_Driver/Src/stm32f3xx_hal_i2c_ex.o
LOAD ./Drivers/STM32F3xx_HAL_Driver/Src/stm32f3xx_hal_pcd.o
LOAD ./Drivers/STM32F3xx_HAL_Driver/Src/stm32f3xx_hal_pcd_ex.o
LOAD ./Drivers/STM32F3xx_HAL_Driver/Src/stm32f3xx_hal_pwr.o
LOAD ./Drivers/STM32F3xx_HAL_Driver/Src/stm32f3xx_hal_pwr_ex.o
LOAD ./Drivers/STM32F3xx_HAL_Driver/Src/stm32f3xx_hal_rcc.o
LOAD ./Drivers/STM32F3xx_HAL_Driver/Src/stm32f3xx_hal_rcc_ex.o
LOAD ./Drivers/STM32F3xx_HAL_Driver/Src/stm32f3xx_hal_spi.o
LOAD ./Drivers/STM32F3xx_HAL_Driver/Src/stm32f3xx_hal_spi_ex.o
LOAD ./Drivers/STM32F3xx_HAL_Driver/Src/stm32f3xx_hal_tim.o
LOAD ./Drivers/STM32F3xx_HAL_Driver/Src/stm32f3xx_hal_tim_ex.o
LOAD ./Drivers/STM32F3xx_HAL_Driver/Src/stm32f3xx_hal_uart.o
LOAD ./Drivers/STM32F3xx_HAL_Driver/Src/stm32f3xx_hal_uart_ex.o
LOAD ./Drivers/STM32F3xx_HAL_Driver/Src/stm32f3xx_ll_usb.o
START GROUP
LOAD /opt/st/stm32cubeide_1.16.1/plugins/com.st.stm32cube.ide.mcu.externaltools.gnu-tools-for-stm32.12.3.rel1.linux64_1.0.200.202406132123/tools/bin/../lib/gcc/arm-none-eabi/12.3.1/../../../../arm-none-eabi/lib/thumb/v7e-m+fp/hard/libstdc++_nano.a
LOAD /opt/st/stm32cubeide_1.16.1/plugins/com.st.stm32cube.ide.mcu.externaltools.gnu-tools-for-stm32.12.3.rel1.linux64_1.0.200.202406132123/tools/bin/../lib/gcc/arm-none-eabi/12.3.1/../../../../arm-none-eabi/lib/thumb/v7e-m+fp/hard/libsupc++_nano.a
END GROUP
LOAD /opt/st/stm32cubeide_1.16.1/plugins/com.st.stm32cube.ide.mcu.externaltools.gnu-tools-for-stm32.12.3.rel1.linux64_1.0.200.202406132123/tools/bin/../lib/gcc/arm-none-eabi/12.3.1/../../../../arm-none-eabi/lib/thumb/v7e-m+fp/hard/libstdc++_nano.a
LOAD /opt/st/stm32cubeide_1.16.1/plugins/com.st.stm32cube.ide.mcu.externaltools.gnu-tools-for-stm32.12.3.rel1.linux64_1.0.200.202406132123/tools/bin/../lib/gcc/arm-none-eabi/12.3.1/../../../../arm-none-eabi/lib/thumb/v7e-m+fp/hard/libm.a
LOAD /opt/st/stm32cubeide_1.16.1/plugins/com.st.stm32cube.ide.mcu.externaltools.gnu-tools-for-stm32.12.3.rel1.linux64_1.0.200.202406132123/tools/bin/../lib/gcc/arm-none-eabi/12.3.1/../../../../arm-none-eabi/lib/thumb/v7e-m+fp/hard/libc_nano.a
START GROUP
LOAD /opt/st/stm32cubeide_1.16.1/plugins/com.st.stm32cube.ide.mcu.externaltools.gnu-tools-for-stm32.12.3.rel1.linux64_1.0.200.202406132123/tools/bin/../lib/gcc/arm-none-eabi/12.3.1/thumb/v7e-m+fp/hard/libgcc.a
LOAD /opt/st/stm32cubeide_1.16.1/plugins/com.st.stm32cube.ide.mcu.externaltools.gnu-tools-for-stm32.12.3.rel1.linux64_1.0.200.202406132123/tools/bin/../lib/gcc/arm-none-eabi/12.3.1/../../../../arm-none-eabi/lib/thumb/v7e-m+fp/hard/libc_nano.a
END GROUP
START GROUP
LOAD /opt/st/stm32cubeide_1.16.1/plugins/com.st.stm32cube.ide.mcu.externaltools.gnu-tools-for-stm32.12.3.rel1.linux64_1.0.200.202406132123/tools/bin/../lib/gcc/arm-none-eabi/12.3.1/thumb/v7e-m+fp/hard/libgcc.a
LOAD /opt/st/stm32cubeide_1.16.1/plugins/com.st.stm32cube.ide.mcu.externaltools.gnu-tools-for-stm32.12.3.rel1.linux64_1.0.200.202406132123/tools/bin/../lib/gcc/arm-none-eabi/12.3.1/../../../../arm-none-eabi/lib/thumb/v7e-m+fp/hard/libc_nano.a
LOAD /opt/st/stm32cubeide_1.16.1/plugins/com.st.stm32cube.ide.mcu.externaltools.gnu-tools-for-stm32.12.3.rel1.linux64_1.0.200.202406132123/tools/bin/../lib/gcc/arm-none-eabi/12.3.1/../../../../arm-none-eabi/lib/thumb/v7e-m+fp/hard/libnosys.a
END GROUP
START GROUP
LOAD /opt/st/stm32cubeide_1.16.1/plugins/com.st.stm32cube.ide.mcu.externaltools.gnu-tools-for-stm32.12.3.rel1.linux64_1.0.200.202406132123/tools/bin/../lib/gcc/arm-none-eabi/12.3.1/thumb/v7e-m+fp/hard/libgcc.a
LOAD /opt/st/stm32cubeide_1.16.1/plugins/com.st.stm32cube.ide.mcu.externaltools.gnu-tools-for-stm32.12.3.rel1.linux64_1.0.200.202406132123/tools/bin/../lib/gcc/arm-none-eabi/12.3.1/../../../../arm-none-eabi/lib/thumb/v7e-m+fp/hard/libc_nano.a
LOAD /opt/st/stm32cubeide_1.16.1/plugins/com.st.stm32cube.ide.mcu.externaltools.gnu-tools-for-stm32.12.3.rel1.linux64_1.0.200.202406132123/tools/bin/../lib/gcc/arm-none-eabi/12.3.1/../../../../arm-none-eabi/lib/thumb/v7e-m+fp/hard/libnosys.a
END GROUP
LOAD /opt/st/stm32cubeide_1.16.1/plugins/com.st.stm32cube.ide.mcu.externaltools.gnu-tools-for-stm32.12.3.rel1.linux64_1.0.200.202406132123/tools/bin/../lib/gcc/arm-none-eabi/12.3.1/thumb/v7e-m+fp/hard/crtend.o
LOAD /opt/st/stm32cubeide_1.16.1/plugins/com.st.stm32cube.ide.mcu.externaltools.gnu-tools-for-stm32.12.3.rel1.linux64_1.0.200.202406132123/tools/bin/../lib/gcc/arm-none-eabi/12.3.1/thumb/v7e-m+fp/hard/crtn.o
                0x20008000                        _estack = (ORIGIN (RAM) + LENGTH (RAM))
                0x00000200                        _Min_Heap_Size = 0x200
                0x00000400                        _Min_Stack_Size = 0x400

.isr_vector     0x08000000      0x188
                0x08000000                        . = ALIGN (0x4)
 *(.isr_vector)
 .isr_vector    0x08000000      0x188 ./Core/Startup/startup_stm32f373rctx.o
                0x08000000                g_pfnVectors
                0x08000188                        . = ALIGN (0x4)

.text           0x08000188     0x6a54
                0x08000188                        . = ALIGN (0x4)
 *(.text)
 .text          0x08000188       0x40 /opt/st/stm32cubeide_1.16.1/plugins/com.st.stm32cube.ide.mcu.externaltools.gnu-tools-for-stm32.12.3.rel1.linux64_1.0.200.202406132123/tools/bin/../lib/gcc/arm-none-eabi/12.3.1/thumb/v7e-m+fp/hard/crtbegin.o
 *(.text*)
 .text._Z4testv
                0x080001c8      0x148 ./Core/Src/RoboContFirmware/Debug/test.o
                0x080001c8                test()
 .text._ZN8ICM20948C2EP19__I2C_HandleTypeDefh
                0x08000310       0x28 ./Core/Src/RoboContFirmware/LowLevel/imu_icm20948.o
                0x08000310                ICM20948::ICM20948(__I2C_HandleTypeDef*, unsigned char)
                0x08000310                ICM20948::ICM20948(__I2C_HandleTypeDef*, unsigned char)
 .text._ZN8ICM2094810initializeEv
                0x08000338       0x28 ./Core/Src/RoboContFirmware/LowLevel/imu_icm20948.o
                0x08000338                ICM20948::initialize()
 .text._ZN8ICM2094813readAccelGyroERfS0_S0_S0_S0_S0_
                0x08000360      0x130 ./Core/Src/RoboContFirmware/LowLevel/imu_icm20948.o
                0x08000360                ICM20948::readAccelGyro(float&, float&, float&, float&, float&, float&)
 .text._ZN8ICM2094813readRegistersEhPht
                0x08000490       0x4a ./Core/Src/RoboContFirmware/LowLevel/imu_icm20948.o
                0x08000490                ICM20948::readRegisters(unsigned char, unsigned char*, unsigned short)
 .text._ZN8ICM2094812readRegisterEh
                0x080004da       0x3e ./Core/Src/RoboContFirmware/LowLevel/imu_icm20948.o
                0x080004da                ICM20948::readRegister(unsigned char)
 .text._ZN5MotorC2EP17TIM_HandleTypeDefmS1_mfff
                0x08000518       0x9e ./Core/Src/RoboContFirmware/LowLevel/motor.o
                0x08000518                Motor::Motor(TIM_HandleTypeDef*, unsigned long, TIM_HandleTypeDef*, unsigned long, float, float, float)
                0x08000518                Motor::Motor(TIM_HandleTypeDef*, unsigned long, TIM_HandleTypeDef*, unsigned long, float, float, float)
 .text._ZN5Motor14setTargetSpeedEf
                0x080005b6       0x5e ./Core/Src/RoboContFirmware/LowLevel/motor.o
                0x080005b6                Motor::setTargetSpeed(float)
 .text._ZN5Motor9updatePWMEff
                0x08000614      0x286 ./Core/Src/RoboContFirmware/LowLevel/motor.o
                0x08000614                Motor::updatePWM(float, float)
 .text._ZNK5Motor14getMaxSpeedMpsEv
                0x0800089a       0x1e ./Core/Src/RoboContFirmware/LowLevel/motor.o
                0x0800089a                Motor::getMaxSpeedMps() const
 .text.MX_ADC1_Init
                0x080008b8       0x7c ./Core/Src/adc.o
                0x080008b8                MX_ADC1_Init
 .text.HAL_ADC_MspInit
                0x08000934       0x7c ./Core/Src/adc.o
                0x08000934                HAL_ADC_MspInit
 .text.MX_CAN_Init
                0x080009b0       0x68 ./Core/Src/can.o
                0x080009b0                MX_CAN_Init
 .text.HAL_CAN_MspInit
                0x08000a18       0x88 ./Core/Src/can.o
                0x08000a18                HAL_CAN_MspInit
 .text.MX_DAC1_Init
                0x08000aa0       0x6c ./Core/Src/dac.o
                0x08000aa0                MX_DAC1_Init
 .text.MX_DAC2_Init
                0x08000b0c       0x54 ./Core/Src/dac.o
                0x08000b0c                MX_DAC2_Init
 .text.HAL_DAC_MspInit
                0x08000b60       0xd8 ./Core/Src/dac.o
                0x08000b60                HAL_DAC_MspInit
 .text.MX_GPIO_Init
                0x08000c38      0x1ac ./Core/Src/gpio.o
                0x08000c38                MX_GPIO_Init
 .text.MX_I2C1_Init
                0x08000de4       0x80 ./Core/Src/i2c.o
                0x08000de4                MX_I2C1_Init
 .text.MX_I2C2_Init
                0x08000e64       0x80 ./Core/Src/i2c.o
                0x08000e64                MX_I2C2_Init
 .text.HAL_I2C_MspInit
                0x08000ee4       0xec ./Core/Src/i2c.o
                0x08000ee4                HAL_I2C_MspInit
 .text.main     0x08000fd0      0x144 ./Core/Src/main.o
                0x08000fd0                main
 .text._Z18SystemClock_Configv
                0x08001114       0xf4 ./Core/Src/main.o
                0x08001114                SystemClock_Config()
 .text.Error_Handler
                0x08001208        0xc ./Core/Src/main.o
                0x08001208                Error_Handler
 .text.MX_SPI1_Init
                0x08001214       0x7c ./Core/Src/spi.o
                0x08001214                MX_SPI1_Init
 .text.HAL_SPI_MspInit
                0x08001290       0x88 ./Core/Src/spi.o
                0x08001290                HAL_SPI_MspInit
 .text.HAL_MspInit
                0x08001318       0x48 ./Core/Src/stm32f3xx_hal_msp.o
                0x08001318                HAL_MspInit
 .text.NMI_Handler
                0x08001360        0x8 ./Core/Src/stm32f3xx_it.o
                0x08001360                NMI_Handler
 .text.HardFault_Handler
                0x08001368        0x8 ./Core/Src/stm32f3xx_it.o
                0x08001368                HardFault_Handler
 .text.MemManage_Handler
                0x08001370        0x8 ./Core/Src/stm32f3xx_it.o
                0x08001370                MemManage_Handler
 .text.BusFault_Handler
                0x08001378        0x8 ./Core/Src/stm32f3xx_it.o
                0x08001378                BusFault_Handler
 .text.UsageFault_Handler
                0x08001380        0x8 ./Core/Src/stm32f3xx_it.o
                0x08001380                UsageFault_Handler
 .text.SVC_Handler
                0x08001388        0xe ./Core/Src/stm32f3xx_it.o
                0x08001388                SVC_Handler
 .text.DebugMon_Handler
                0x08001396        0xe ./Core/Src/stm32f3xx_it.o
                0x08001396                DebugMon_Handler
 .text.PendSV_Handler
                0x080013a4        0xe ./Core/Src/stm32f3xx_it.o
                0x080013a4                PendSV_Handler
 .text.SysTick_Handler
                0x080013b2        0xc ./Core/Src/stm32f3xx_it.o
                0x080013b2                SysTick_Handler
 *fill*         0x080013be        0x2 
 .text.SystemInit
                0x080013c0       0x24 ./Core/Src/system_stm32f3xx.o
                0x080013c0                SystemInit
 .text.MX_TIM2_Init
                0x080013e4      0x12c ./Core/Src/tim.o
                0x080013e4                MX_TIM2_Init
 .text.MX_TIM3_Init
                0x08001510       0xbc ./Core/Src/tim.o
                0x08001510                MX_TIM3_Init
 .text.MX_TIM5_Init
                0x080015cc      0x130 ./Core/Src/tim.o
                0x080015cc                MX_TIM5_Init
 .text.MX_TIM13_Init
                0x080016fc       0x90 ./Core/Src/tim.o
                0x080016fc                MX_TIM13_Init
 .text.MX_TIM15_Init
                0x0800178c       0xe8 ./Core/Src/tim.o
                0x0800178c                MX_TIM15_Init
 .text.MX_TIM17_Init
                0x08001874       0xf0 ./Core/Src/tim.o
                0x08001874                MX_TIM17_Init
 .text.MX_TIM19_Init
                0x08001964       0xb4 ./Core/Src/tim.o
                0x08001964                MX_TIM19_Init
 .text.HAL_TIM_Base_MspInit
                0x08001a18      0x160 ./Core/Src/tim.o
                0x08001a18                HAL_TIM_Base_MspInit
 .text.HAL_TIM_IC_MspInit
                0x08001b78       0xa8 ./Core/Src/tim.o
                0x08001b78                HAL_TIM_IC_MspInit
 .text.HAL_TIM_PWM_MspInit
                0x08001c20       0x40 ./Core/Src/tim.o
                0x08001c20                HAL_TIM_PWM_MspInit
 .text.HAL_TIM_MspPostInit
                0x08001c60      0x14c ./Core/Src/tim.o
                0x08001c60                HAL_TIM_MspPostInit
 .text.MX_USART1_UART_Init
                0x08001dac       0x60 ./Core/Src/usart.o
                0x08001dac                MX_USART1_UART_Init
 .text.MX_USART2_UART_Init
                0x08001e0c       0x60 ./Core/Src/usart.o
                0x08001e0c                MX_USART2_UART_Init
 .text.MX_USART3_UART_Init
                0x08001e6c       0x60 ./Core/Src/usart.o
                0x08001e6c                MX_USART3_UART_Init
 .text.HAL_UART_MspInit
                0x08001ecc      0x150 ./Core/Src/usart.o
                0x08001ecc                HAL_UART_MspInit
 .text.MX_USB_PCD_Init
                0x0800201c       0x44 ./Core/Src/usb.o
                0x0800201c                MX_USB_PCD_Init
 .text.HAL_PCD_MspInit
                0x08002060       0x88 ./Core/Src/usb.o
                0x08002060                HAL_PCD_MspInit
 .text.Reset_Handler
                0x080020e8       0x50 ./Core/Startup/startup_stm32f373rctx.o
                0x080020e8                Reset_Handler
 .text.Default_Handler
                0x08002138        0x2 ./Core/Startup/startup_stm32f373rctx.o
                0x08002138                RTC_Alarm_IRQHandler
                0x08002138                USB_HP_IRQHandler
                0x08002138                PVD_IRQHandler
                0x08002138                TAMP_STAMP_IRQHandler
                0x08002138                EXTI3_IRQHandler
                0x08002138                EXTI0_IRQHandler
                0x08002138                I2C2_EV_IRQHandler
                0x08002138                FPU_IRQHandler
                0x08002138                CAN_TX_IRQHandler
                0x08002138                SPI1_IRQHandler
                0x08002138                CAN_SCE_IRQHandler
                0x08002138                DMA2_Channel2_IRQHandler
                0x08002138                DMA1_Channel4_IRQHandler
                0x08002138                ADC1_IRQHandler
                0x08002138                TIM17_IRQHandler
                0x08002138                USART3_IRQHandler
                0x08002138                DMA1_Channel7_IRQHandler
                0x08002138                TIM4_IRQHandler
                0x08002138                CAN_RX1_IRQHandler
                0x08002138                DMA2_Channel1_IRQHandler
                0x08002138                I2C1_EV_IRQHandler
                0x08002138                DMA1_Channel6_IRQHandler
                0x08002138                TIM16_IRQHandler
                0x08002138                DMA2_Channel4_IRQHandler
                0x08002138                TIM3_IRQHandler
                0x08002138                RCC_IRQHandler
                0x08002138                DMA1_Channel1_IRQHandler
                0x08002138                Default_Handler
                0x08002138                CEC_IRQHandler
                0x08002138                EXTI15_10_IRQHandler
                0x08002138                TIM14_IRQHandler
                0x08002138                TIM13_IRQHandler
                0x08002138                TIM12_IRQHandler
                0x08002138                TIM7_IRQHandler
                0x08002138                TIM5_IRQHandler
                0x08002138                SDADC2_IRQHandler
                0x08002138                TIM15_IRQHandler
                0x08002138                TIM6_DAC1_IRQHandler
                0x08002138                EXTI9_5_IRQHandler
                0x08002138                RTC_WKUP_IRQHandler
                0x08002138                SPI2_IRQHandler
                0x08002138                DMA2_Channel5_IRQHandler
                0x08002138                DMA1_Channel5_IRQHandler
                0x08002138                USB_LP_IRQHandler
                0x08002138                EXTI4_IRQHandler
                0x08002138                TIM18_DAC2_IRQHandler
                0x08002138                DMA1_Channel3_IRQHandler
                0x08002138                COMP_IRQHandler
                0x08002138                WWDG_IRQHandler
                0x08002138                SDADC1_IRQHandler
                0x08002138                TIM2_IRQHandler
                0x08002138                EXTI1_IRQHandler
                0x08002138                SDADC3_IRQHandler
                0x08002138                USART2_IRQHandler
                0x08002138                TIM19_IRQHandler
                0x08002138                I2C2_ER_IRQHandler
                0x08002138                DMA1_Channel2_IRQHandler
                0x08002138                FLASH_IRQHandler
                0x08002138                USART1_IRQHandler
                0x08002138                SPI3_IRQHandler
                0x08002138                CAN_RX0_IRQHandler
                0x08002138                I2C1_ER_IRQHandler
                0x08002138                USBWakeUp_IRQHandler
                0x08002138                DMA2_Channel3_IRQHandler
                0x08002138                EXTI2_TSC_IRQHandler
 *fill*         0x0800213a        0x2 
 .text.HAL_Init
                0x0800213c       0x2c ./Drivers/STM32F3xx_HAL_Driver/Src/stm32f3xx_hal.o
                0x0800213c                HAL_Init
 .text.HAL_InitTick
                0x08002168       0x60 ./Drivers/STM32F3xx_HAL_Driver/Src/stm32f3xx_hal.o
                0x08002168                HAL_InitTick
 .text.HAL_IncTick
                0x080021c8       0x28 ./Drivers/STM32F3xx_HAL_Driver/Src/stm32f3xx_hal.o
                0x080021c8                HAL_IncTick
 .text.HAL_GetTick
                0x080021f0       0x18 ./Drivers/STM32F3xx_HAL_Driver/Src/stm32f3xx_hal.o
                0x080021f0                HAL_GetTick
 .text.HAL_Delay
                0x08002208       0x48 ./Drivers/STM32F3xx_HAL_Driver/Src/stm32f3xx_hal.o
                0x08002208                HAL_Delay
 .text.HAL_ADC_Init
                0x08002250      0x1b0 ./Drivers/STM32F3xx_HAL_Driver/Src/stm32f3xx_hal_adc_ex.o
                0x08002250                HAL_ADC_Init
 .text.HAL_ADC_ConfigChannel
                0x08002400      0x1e0 ./Drivers/STM32F3xx_HAL_Driver/Src/stm32f3xx_hal_adc_ex.o
                0x08002400                HAL_ADC_ConfigChannel
 .text.ADC_ConversionStop_Disable
                0x080025e0       0x82 ./Drivers/STM32F3xx_HAL_Driver/Src/stm32f3xx_hal_adc_ex.o
 .text.HAL_CAN_Init
                0x08002662      0x1f6 ./Drivers/STM32F3xx_HAL_Driver/Src/stm32f3xx_hal_can.o
                0x08002662                HAL_CAN_Init
 .text.__NVIC_SetPriorityGrouping
                0x08002858       0x48 ./Drivers/STM32F3xx_HAL_Driver/Src/stm32f3xx_hal_cortex.o
 .text.__NVIC_GetPriorityGrouping
                0x080028a0       0x1c ./Drivers/STM32F3xx_HAL_Driver/Src/stm32f3xx_hal_cortex.o
 .text.__NVIC_SetPriority
                0x080028bc       0x54 ./Drivers/STM32F3xx_HAL_Driver/Src/stm32f3xx_hal_cortex.o
 .text.NVIC_EncodePriority
                0x08002910       0x66 ./Drivers/STM32F3xx_HAL_Driver/Src/stm32f3xx_hal_cortex.o
 *fill*         0x08002976        0x2 
 .text.SysTick_Config
                0x08002978       0x44 ./Drivers/STM32F3xx_HAL_Driver/Src/stm32f3xx_hal_cortex.o
 .text.HAL_NVIC_SetPriorityGrouping
                0x080029bc       0x16 ./Drivers/STM32F3xx_HAL_Driver/Src/stm32f3xx_hal_cortex.o
                0x080029bc                HAL_NVIC_SetPriorityGrouping
 .text.HAL_NVIC_SetPriority
                0x080029d2       0x38 ./Drivers/STM32F3xx_HAL_Driver/Src/stm32f3xx_hal_cortex.o
                0x080029d2                HAL_NVIC_SetPriority
 .text.HAL_SYSTICK_Config
                0x08002a0a       0x18 ./Drivers/STM32F3xx_HAL_Driver/Src/stm32f3xx_hal_cortex.o
                0x08002a0a                HAL_SYSTICK_Config
 .text.HAL_DAC_Init
                0x08002a22       0x44 ./Drivers/STM32F3xx_HAL_Driver/Src/stm32f3xx_hal_dac.o
                0x08002a22                HAL_DAC_Init
 .text.HAL_DAC_ConfigChannel
                0x08002a66       0x9a ./Drivers/STM32F3xx_HAL_Driver/Src/stm32f3xx_hal_dac_ex.o
                0x08002a66                HAL_DAC_ConfigChannel
 .text.HAL_GPIO_Init
                0x08002b00      0x2f4 ./Drivers/STM32F3xx_HAL_Driver/Src/stm32f3xx_hal_gpio.o
                0x08002b00                HAL_GPIO_Init
 .text.HAL_GPIO_WritePin
                0x08002df4       0x30 ./Drivers/STM32F3xx_HAL_Driver/Src/stm32f3xx_hal_gpio.o
                0x08002df4                HAL_GPIO_WritePin
 .text.HAL_I2C_Init
                0x08002e24      0x136 ./Drivers/STM32F3xx_HAL_Driver/Src/stm32f3xx_hal_i2c.o
                0x08002e24                HAL_I2C_Init
 *fill*         0x08002f5a        0x2 
 .text.HAL_I2C_Mem_Read
                0x08002f5c      0x234 ./Drivers/STM32F3xx_HAL_Driver/Src/stm32f3xx_hal_i2c.o
                0x08002f5c                HAL_I2C_Mem_Read
 .text.I2C_RequestMemoryRead
                0x08003190       0xa8 ./Drivers/STM32F3xx_HAL_Driver/Src/stm32f3xx_hal_i2c.o
 .text.I2C_Flush_TXDR
                0x08003238       0x48 ./Drivers/STM32F3xx_HAL_Driver/Src/stm32f3xx_hal_i2c.o
 .text.I2C_WaitOnFlagUntilTimeout
                0x08003280       0xb2 ./Drivers/STM32F3xx_HAL_Driver/Src/stm32f3xx_hal_i2c.o
 .text.I2C_WaitOnTXISFlagUntilTimeout
                0x08003332       0x8e ./Drivers/STM32F3xx_HAL_Driver/Src/stm32f3xx_hal_i2c.o
 .text.I2C_WaitOnSTOPFlagUntilTimeout
                0x080033c0       0x86 ./Drivers/STM32F3xx_HAL_Driver/Src/stm32f3xx_hal_i2c.o
 *fill*         0x08003446        0x2 
 .text.I2C_IsErrorOccurred
                0x08003448      0x1c0 ./Drivers/STM32F3xx_HAL_Driver/Src/stm32f3xx_hal_i2c.o
 .text.I2C_TransferConfig
                0x08003608       0x64 ./Drivers/STM32F3xx_HAL_Driver/Src/stm32f3xx_hal_i2c.o
 .text.HAL_I2CEx_ConfigAnalogFilter
                0x0800366c       0x96 ./Drivers/STM32F3xx_HAL_Driver/Src/stm32f3xx_hal_i2c_ex.o
                0x0800366c                HAL_I2CEx_ConfigAnalogFilter
 .text.HAL_I2CEx_ConfigDigitalFilter
                0x08003702       0x98 ./Drivers/STM32F3xx_HAL_Driver/Src/stm32f3xx_hal_i2c_ex.o
                0x08003702                HAL_I2CEx_ConfigDigitalFilter
 .text.HAL_PCD_Init
                0x0800379a      0x18e ./Drivers/STM32F3xx_HAL_Driver/Src/stm32f3xx_hal_pcd.o
                0x0800379a                HAL_PCD_Init
 .text.HAL_RCC_OscConfig
                0x08003928     0x107c ./Drivers/STM32F3xx_HAL_Driver/Src/stm32f3xx_hal_rcc.o
                0x08003928                HAL_RCC_OscConfig
 .text.HAL_RCC_ClockConfig
                0x080049a4      0x2f8 ./Drivers/STM32F3xx_HAL_Driver/Src/stm32f3xx_hal_rcc.o
                0x080049a4                HAL_RCC_ClockConfig
 .text.HAL_RCC_GetSysClockFreq
                0x08004c9c       0xa8 ./Drivers/STM32F3xx_HAL_Driver/Src/stm32f3xx_hal_rcc.o
                0x08004c9c                HAL_RCC_GetSysClockFreq
 .text.HAL_RCC_GetHCLKFreq
                0x08004d44       0x18 ./Drivers/STM32F3xx_HAL_Driver/Src/stm32f3xx_hal_rcc.o
                0x08004d44                HAL_RCC_GetHCLKFreq
 .text.HAL_RCC_GetPCLK1Freq
                0x08004d5c       0x44 ./Drivers/STM32F3xx_HAL_Driver/Src/stm32f3xx_hal_rcc.o
                0x08004d5c                HAL_RCC_GetPCLK1Freq
 .text.HAL_RCC_GetPCLK2Freq
                0x08004da0       0x44 ./Drivers/STM32F3xx_HAL_Driver/Src/stm32f3xx_hal_rcc.o
                0x08004da0                HAL_RCC_GetPCLK2Freq
 .text.HAL_RCCEx_PeriphCLKConfig
                0x08004de4      0x2e8 ./Drivers/STM32F3xx_HAL_Driver/Src/stm32f3xx_hal_rcc_ex.o
                0x08004de4                HAL_RCCEx_PeriphCLKConfig
 .text.HAL_SPI_Init
                0x080050cc      0x156 ./Drivers/STM32F3xx_HAL_Driver/Src/stm32f3xx_hal_spi.o
                0x080050cc                HAL_SPI_Init
 .text.HAL_TIM_Base_Init
                0x08005222       0x9e ./Drivers/STM32F3xx_HAL_Driver/Src/stm32f3xx_hal_tim.o
                0x08005222                HAL_TIM_Base_Init
 .text.HAL_TIM_PWM_Init
                0x080052c0       0x9e ./Drivers/STM32F3xx_HAL_Driver/Src/stm32f3xx_hal_tim.o
                0x080052c0                HAL_TIM_PWM_Init
 *fill*         0x0800535e        0x2 
 .text.HAL_TIM_PWM_Start
                0x08005360      0x194 ./Drivers/STM32F3xx_HAL_Driver/Src/stm32f3xx_hal_tim.o
                0x08005360                HAL_TIM_PWM_Start
 .text.HAL_TIM_IC_Init
                0x080054f4       0x9e ./Drivers/STM32F3xx_HAL_Driver/Src/stm32f3xx_hal_tim.o
                0x080054f4                HAL_TIM_IC_Init
 .text.HAL_TIM_IC_ConfigChannel
                0x08005592      0x138 ./Drivers/STM32F3xx_HAL_Driver/Src/stm32f3xx_hal_tim.o
                0x08005592                HAL_TIM_IC_ConfigChannel
 *fill*         0x080056ca        0x2 
 .text.HAL_TIM_PWM_ConfigChannel
                0x080056cc      0x184 ./Drivers/STM32F3xx_HAL_Driver/Src/stm32f3xx_hal_tim.o
                0x080056cc                HAL_TIM_PWM_ConfigChannel
 .text.HAL_TIM_ConfigClockSource
                0x08005850      0x18e ./Drivers/STM32F3xx_HAL_Driver/Src/stm32f3xx_hal_tim.o
                0x08005850                HAL_TIM_ConfigClockSource
 *fill*         0x080059de        0x2 
 .text.TIM_Base_SetConfig
                0x080059e0      0x14c ./Drivers/STM32F3xx_HAL_Driver/Src/stm32f3xx_hal_tim.o
                0x080059e0                TIM_Base_SetConfig
 .text.TIM_OC1_SetConfig
                0x08005b2c       0xf4 ./Drivers/STM32F3xx_HAL_Driver/Src/stm32f3xx_hal_tim.o
 .text.TIM_OC2_SetConfig
                0x08005c20       0xc4 ./Drivers/STM32F3xx_HAL_Driver/Src/stm32f3xx_hal_tim.o
                0x08005c20                TIM_OC2_SetConfig
 .text.TIM_OC3_SetConfig
                0x08005ce4       0x7c ./Drivers/STM32F3xx_HAL_Driver/Src/stm32f3xx_hal_tim.o
 .text.TIM_OC4_SetConfig
                0x08005d60       0x7e ./Drivers/STM32F3xx_HAL_Driver/Src/stm32f3xx_hal_tim.o
 *fill*         0x08005dde        0x2 
 .text.TIM_TI1_SetConfig
                0x08005de0       0xdc ./Drivers/STM32F3xx_HAL_Driver/Src/stm32f3xx_hal_tim.o
                0x08005de0                TIM_TI1_SetConfig
 .text.TIM_TI1_ConfigInputStage
                0x08005ebc       0x5e ./Drivers/STM32F3xx_HAL_Driver/Src/stm32f3xx_hal_tim.o
 .text.TIM_TI2_SetConfig
                0x08005f1a       0x7a ./Drivers/STM32F3xx_HAL_Driver/Src/stm32f3xx_hal_tim.o
 .text.TIM_TI2_ConfigInputStage
                0x08005f94       0x60 ./Drivers/STM32F3xx_HAL_Driver/Src/stm32f3xx_hal_tim.o
 .text.TIM_TI3_SetConfig
                0x08005ff4       0x78 ./Drivers/STM32F3xx_HAL_Driver/Src/stm32f3xx_hal_tim.o
 .text.TIM_TI4_SetConfig
                0x0800606c       0x7a ./Drivers/STM32F3xx_HAL_Driver/Src/stm32f3xx_hal_tim.o
 .text.TIM_ITRx_SetConfig
                0x080060e6       0x36 ./Drivers/STM32F3xx_HAL_Driver/Src/stm32f3xx_hal_tim.o
 .text.TIM_ETR_SetConfig
                0x0800611c       0x40 ./Drivers/STM32F3xx_HAL_Driver/Src/stm32f3xx_hal_tim.o
                0x0800611c                TIM_ETR_SetConfig
 .text.TIM_CCxChannelCmd
                0x0800615c       0x4a ./Drivers/STM32F3xx_HAL_Driver/Src/stm32f3xx_hal_tim.o
                0x0800615c                TIM_CCxChannelCmd
 *fill*         0x080061a6        0x2 
 .text.HAL_TIMEx_MasterConfigSynchronization
                0x080061a8       0xe8 ./Drivers/STM32F3xx_HAL_Driver/Src/stm32f3xx_hal_tim_ex.o
                0x080061a8                HAL_TIMEx_MasterConfigSynchronization
 .text.HAL_TIMEx_ConfigBreakDeadTime
                0x08006290       0xa4 ./Drivers/STM32F3xx_HAL_Driver/Src/stm32f3xx_hal_tim_ex.o
                0x08006290                HAL_TIMEx_ConfigBreakDeadTime
 .text.HAL_UART_Init
                0x08006334       0x9c ./Drivers/STM32F3xx_HAL_Driver/Src/stm32f3xx_hal_uart.o
                0x08006334                HAL_UART_Init
 .text.UART_SetConfig
                0x080063d0      0x2f4 ./Drivers/STM32F3xx_HAL_Driver/Src/stm32f3xx_hal_uart.o
                0x080063d0                UART_SetConfig
 .text.UART_AdvFeatureConfig
                0x080066c4      0x144 ./Drivers/STM32F3xx_HAL_Driver/Src/stm32f3xx_hal_uart.o
                0x080066c4                UART_AdvFeatureConfig
 .text.UART_CheckIdleState
                0x08006808      0x150 ./Drivers/STM32F3xx_HAL_Driver/Src/stm32f3xx_hal_uart.o
                0x08006808                UART_CheckIdleState
 .text.UART_WaitOnFlagUntilTimeout
                0x08006958       0xda ./Drivers/STM32F3xx_HAL_Driver/Src/stm32f3xx_hal_uart.o
                0x08006958                UART_WaitOnFlagUntilTimeout
 .text.UART_EndRxTransfer
                0x08006a32       0xc8 ./Drivers/STM32F3xx_HAL_Driver/Src/stm32f3xx_hal_uart.o
 .text.USB_DisableGlobalInt
                0x08006afa       0x36 ./Drivers/STM32F3xx_HAL_Driver/Src/stm32f3xx_ll_usb.o
                0x08006afa                USB_DisableGlobalInt
 .text.USB_DevInit
                0x08006b30       0x3c ./Drivers/STM32F3xx_HAL_Driver/Src/stm32f3xx_ll_usb.o
                0x08006b30                USB_DevInit
 .text.memset   0x08006b6c       0x10 /opt/st/stm32cubeide_1.16.1/plugins/com.st.stm32cube.ide.mcu.externaltools.gnu-tools-for-stm32.12.3.rel1.linux64_1.0.200.202406132123/tools/bin/../lib/gcc/arm-none-eabi/12.3.1/../../../../arm-none-eabi/lib/thumb/v7e-m+fp/hard/libc_nano.a(libc_a-memset.o)
                0x08006b6c                memset
 .text.__libc_init_array
                0x08006b7c       0x48 /opt/st/stm32cubeide_1.16.1/plugins/com.st.stm32cube.ide.mcu.externaltools.gnu-tools-for-stm32.12.3.rel1.linux64_1.0.200.202406132123/tools/bin/../lib/gcc/arm-none-eabi/12.3.1/../../../../arm-none-eabi/lib/thumb/v7e-m+fp/hard/libc_nano.a(libc_a-init.o)
                0x08006b7c                __libc_init_array
 *(.glue_7)
 .glue_7        0x08006bc4        0x0 linker stubs
 *(.glue_7t)
 .glue_7t       0x08006bc4        0x0 linker stubs
 *(.eh_frame)
 .eh_frame      0x08006bc4        0x0 /opt/st/stm32cubeide_1.16.1/plugins/com.st.stm32cube.ide.mcu.externaltools.gnu-tools-for-stm32.12.3.rel1.linux64_1.0.200.202406132123/tools/bin/../lib/gcc/arm-none-eabi/12.3.1/thumb/v7e-m+fp/hard/crtbegin.o
 *(.init)
 .init          0x08006bc4        0x4 /opt/st/stm32cubeide_1.16.1/plugins/com.st.stm32cube.ide.mcu.externaltools.gnu-tools-for-stm32.12.3.rel1.linux64_1.0.200.202406132123/tools/bin/../lib/gcc/arm-none-eabi/12.3.1/thumb/v7e-m+fp/hard/crti.o
                0x08006bc4                _init
 .init          0x08006bc8        0x8 /opt/st/stm32cubeide_1.16.1/plugins/com.st.stm32cube.ide.mcu.externaltools.gnu-tools-for-stm32.12.3.rel1.linux64_1.0.200.202406132123/tools/bin/../lib/gcc/arm-none-eabi/12.3.1/thumb/v7e-m+fp/hard/crtn.o
 *(.fini)
 .fini          0x08006bd0        0x4 /opt/st/stm32cubeide_1.16.1/plugins/com.st.stm32cube.ide.mcu.externaltools.gnu-tools-for-stm32.12.3.rel1.linux64_1.0.200.202406132123/tools/bin/../lib/gcc/arm-none-eabi/12.3.1/thumb/v7e-m+fp/hard/crti.o
                0x08006bd0                _fini
 .fini          0x08006bd4        0x8 /opt/st/stm32cubeide_1.16.1/plugins/com.st.stm32cube.ide.mcu.externaltools.gnu-tools-for-stm32.12.3.rel1.linux64_1.0.200.202406132123/tools/bin/../lib/gcc/arm-none-eabi/12.3.1/thumb/v7e-m+fp/hard/crtn.o
                0x08006bdc                        . = ALIGN (0x4)
                0x08006bdc                        _etext = .

.vfp11_veneer   0x08006bdc        0x0
 .vfp11_veneer  0x08006bdc        0x0 linker stubs

.v4_bx          0x08006bdc        0x0
 .v4_bx         0x08006bdc        0x0 linker stubs

.iplt           0x08006bdc        0x0
 .iplt          0x08006bdc        0x0 /opt/st/stm32cubeide_1.16.1/plugins/com.st.stm32cube.ide.mcu.externaltools.gnu-tools-for-stm32.12.3.rel1.linux64_1.0.200.202406132123/tools/bin/../lib/gcc/arm-none-eabi/12.3.1/thumb/v7e-m+fp/hard/crtbegin.o

.rodata         0x08006bdc       0x38
                0x08006bdc                        . = ALIGN (0x4)
 *(.rodata)
 *(.rodata*)
 .rodata.AHBPrescTable
                0x08006bdc       0x10 ./Core/Src/system_stm32f3xx.o
                0x08006bdc                AHBPrescTable
 .rodata.APBPrescTable
                0x08006bec        0x8 ./Core/Src/system_stm32f3xx.o
                0x08006bec                APBPrescTable
 .rodata.aPLLMULFactorTable
                0x08006bf4       0x10 ./Drivers/STM32F3xx_HAL_Driver/Src/stm32f3xx_hal_rcc.o
 .rodata.aPredivFactorTable
                0x08006c04       0x10 ./Drivers/STM32F3xx_HAL_Driver/Src/stm32f3xx_hal_rcc.o
                0x08006c14                        . = ALIGN (0x4)

.ARM.extab      0x08006c14        0x0
                0x08006c14                        . = ALIGN (0x4)
 *(.ARM.extab* .gnu.linkonce.armextab.*)
                0x08006c14                        . = ALIGN (0x4)

.ARM            0x08006c14        0x0
                0x08006c14                        . = ALIGN (0x4)
                0x08006c14                        __exidx_start = .
 *(.ARM.exidx*)
                0x08006c14                        __exidx_end = .
                0x08006c14                        . = ALIGN (0x4)

.preinit_array  0x08006c14        0x0
                0x08006c14                        . = ALIGN (0x4)
                0x08006c14                        PROVIDE (__preinit_array_start = .)
 *(.preinit_array*)
                0x08006c14                        PROVIDE (__preinit_array_end = .)
                0x08006c14                        . = ALIGN (0x4)

.init_array     0x08006c14        0x4
                0x08006c14                        . = ALIGN (0x4)
                0x08006c14                        PROVIDE (__init_array_start = .)
 *(SORT_BY_NAME(.init_array.*))
 *(.init_array*)
 .init_array    0x08006c14        0x4 /opt/st/stm32cubeide_1.16.1/plugins/com.st.stm32cube.ide.mcu.externaltools.gnu-tools-for-stm32.12.3.rel1.linux64_1.0.200.202406132123/tools/bin/../lib/gcc/arm-none-eabi/12.3.1/thumb/v7e-m+fp/hard/crtbegin.o
                0x08006c18                        PROVIDE (__init_array_end = .)
                0x08006c18                        . = ALIGN (0x4)

.fini_array     0x08006c18        0x4
                0x08006c18                        . = ALIGN (0x4)
                [!provide]                        PROVIDE (__fini_array_start = .)
 *(SORT_BY_NAME(.fini_array.*))
 *(.fini_array*)
 .fini_array    0x08006c18        0x4 /opt/st/stm32cubeide_1.16.1/plugins/com.st.stm32cube.ide.mcu.externaltools.gnu-tools-for-stm32.12.3.rel1.linux64_1.0.200.202406132123/tools/bin/../lib/gcc/arm-none-eabi/12.3.1/thumb/v7e-m+fp/hard/crtbegin.o
                [!provide]                        PROVIDE (__fini_array_end = .)
                0x08006c1c                        . = ALIGN (0x4)
                0x08006c1c                        _sidata = LOADADDR (.data)

.rel.dyn        0x08006c1c        0x0
 .rel.iplt      0x08006c1c        0x0 /opt/st/stm32cubeide_1.16.1/plugins/com.st.stm32cube.ide.mcu.externaltools.gnu-tools-for-stm32.12.3.rel1.linux64_1.0.200.202406132123/tools/bin/../lib/gcc/arm-none-eabi/12.3.1/thumb/v7e-m+fp/hard/crtbegin.o

.data           0x20000000        0xc load address 0x08006c1c
                0x20000000                        . = ALIGN (0x4)
                0x20000000                        _sdata = .
 *(.data)
 *(.data*)
 .data.SystemCoreClock
                0x20000000        0x4 ./Core/Src/system_stm32f3xx.o
                0x20000000                SystemCoreClock
 .data.uwTickPrio
                0x20000004        0x4 ./Drivers/STM32F3xx_HAL_Driver/Src/stm32f3xx_hal.o
                0x20000004                uwTickPrio
 .data.uwTickFreq
                0x20000008        0x1 ./Drivers/STM32F3xx_HAL_Driver/Src/stm32f3xx_hal.o
                0x20000008                uwTickFreq
 *(.RamFunc)
 *(.RamFunc*)
                0x2000000c                        . = ALIGN (0x4)
 *fill*         0x20000009        0x3 
                0x2000000c                        _edata = .

.igot.plt       0x2000000c        0x0 load address 0x08006c28
 .igot.plt      0x2000000c        0x0 /opt/st/stm32cubeide_1.16.1/plugins/com.st.stm32cube.ide.mcu.externaltools.gnu-tools-for-stm32.12.3.rel1.linux64_1.0.200.202406132123/tools/bin/../lib/gcc/arm-none-eabi/12.3.1/thumb/v7e-m+fp/hard/crtbegin.o
                0x2000000c                        . = ALIGN (0x4)

.bss            0x2000000c      0x82c load address 0x08006c28
                0x2000000c                        _sbss = .
                0x2000000c                        __bss_start__ = _sbss
 *(.bss)
 .bss           0x2000000c       0x1c /opt/st/stm32cubeide_1.16.1/plugins/com.st.stm32cube.ide.mcu.externaltools.gnu-tools-for-stm32.12.3.rel1.linux64_1.0.200.202406132123/tools/bin/../lib/gcc/arm-none-eabi/12.3.1/thumb/v7e-m+fp/hard/crtbegin.o
 *(.bss*)
 .bss.hadc1     0x20000028       0x30 ./Core/Src/adc.o
                0x20000028                hadc1
 .bss.hcan      0x20000058       0x28 ./Core/Src/can.o
                0x20000058                hcan
 .bss.hdac1     0x20000080       0x14 ./Core/Src/dac.o
                0x20000080                hdac1
 .bss.hdac2     0x20000094       0x14 ./Core/Src/dac.o
                0x20000094                hdac2
 .bss.hi2c1     0x200000a8       0x54 ./Core/Src/i2c.o
                0x200000a8                hi2c1
 .bss.hi2c2     0x200000fc       0x54 ./Core/Src/i2c.o
                0x200000fc                hi2c2
 .bss.hspi1     0x20000150       0x64 ./Core/Src/spi.o
                0x20000150                hspi1
 .bss.htim2     0x200001b4       0x4c ./Core/Src/tim.o
                0x200001b4                htim2
 .bss.htim3     0x20000200       0x4c ./Core/Src/tim.o
                0x20000200                htim3
 .bss.htim5     0x2000024c       0x4c ./Core/Src/tim.o
                0x2000024c                htim5
 .bss.htim13    0x20000298       0x4c ./Core/Src/tim.o
                0x20000298                htim13
 .bss.htim15    0x200002e4       0x4c ./Core/Src/tim.o
                0x200002e4                htim15
 .bss.htim17    0x20000330       0x4c ./Core/Src/tim.o
                0x20000330                htim17
 .bss.htim19    0x2000037c       0x4c ./Core/Src/tim.o
                0x2000037c                htim19
 .bss.huart1    0x200003c8       0x88 ./Core/Src/usart.o
                0x200003c8                huart1
 .bss.huart2    0x20000450       0x88 ./Core/Src/usart.o
                0x20000450                huart2
 .bss.huart3    0x200004d8       0x88 ./Core/Src/usart.o
                0x200004d8                huart3
 .bss.hpcd_USB_FS
                0x20000560      0x2d4 ./Core/Src/usb.o
                0x20000560                hpcd_USB_FS
 .bss.uwTick    0x20000834        0x4 ./Drivers/STM32F3xx_HAL_Driver/Src/stm32f3xx_hal.o
                0x20000834                uwTick
 *(COMMON)
                0x20000838                        . = ALIGN (0x4)
                0x20000838                        _ebss = .
                0x20000838                        __bss_end__ = _ebss

._user_heap_stack
                0x20000838      0x600 load address 0x08006c28
                0x20000838                        . = ALIGN (0x8)
                [!provide]                        PROVIDE (end = .)
                0x20000838                        PROVIDE (_end = .)
                0x20000a38                        . = (. + _Min_Heap_Size)
 *fill*         0x20000838      0x200 
                0x20000e38                        . = (. + _Min_Stack_Size)
 *fill*         0x20000a38      0x400 
                0x20000e38                        . = ALIGN (0x8)

/DISCARD/
 libc.a(*)
 libm.a(*)
 libgcc.a(*)

.ARM.attributes
                0x00000000       0x30
 *(.ARM.attributes)
 .ARM.attributes
                0x00000000       0x22 /opt/st/stm32cubeide_1.16.1/plugins/com.st.stm32cube.ide.mcu.externaltools.gnu-tools-for-stm32.12.3.rel1.linux64_1.0.200.202406132123/tools/bin/../lib/gcc/arm-none-eabi/12.3.1/thumb/v7e-m+fp/hard/crti.o
 .ARM.attributes
                0x00000022       0x34 /opt/st/stm32cubeide_1.16.1/plugins/com.st.stm32cube.ide.mcu.externaltools.gnu-tools-for-stm32.12.3.rel1.linux64_1.0.200.202406132123/tools/bin/../lib/gcc/arm-none-eabi/12.3.1/thumb/v7e-m+fp/hard/crtbegin.o
 .ARM.attributes
                0x00000056       0x34 ./Core/Src/RoboContFirmware/Debug/test.o
 .ARM.attributes
                0x0000008a       0x34 ./Core/Src/RoboContFirmware/LowLevel/imu_icm20948.o
 .ARM.attributes
                0x000000be       0x34 ./Core/Src/RoboContFirmware/LowLevel/motor.o
 .ARM.attributes
                0x000000f2       0x34 ./Core/Src/adc.o
 .ARM.attributes
                0x00000126       0x34 ./Core/Src/can.o
 .ARM.attributes
                0x0000015a       0x34 ./Core/Src/dac.o
 .ARM.attributes
                0x0000018e       0x34 ./Core/Src/gpio.o
 .ARM.attributes
                0x000001c2       0x34 ./Core/Src/i2c.o
 .ARM.attributes
                0x000001f6       0x34 ./Core/Src/main.o
 .ARM.attributes
                0x0000022a       0x34 ./Core/Src/spi.o
 .ARM.attributes
                0x0000025e       0x34 ./Core/Src/stm32f3xx_hal_msp.o
 .ARM.attributes
                0x00000292       0x34 ./Core/Src/stm32f3xx_it.o
 .ARM.attributes
                0x000002c6       0x34 ./Core/Src/system_stm32f3xx.o
 .ARM.attributes
                0x000002fa       0x34 ./Core/Src/tim.o
 .ARM.attributes
                0x0000032e       0x34 ./Core/Src/usart.o
 .ARM.attributes
                0x00000362       0x34 ./Core/Src/usb.o
 .ARM.attributes
                0x00000396       0x21 ./Core/Startup/startup_stm32f373rctx.o
 .ARM.attributes
                0x000003b7       0x34 ./Drivers/STM32F3xx_HAL_Driver/Src/stm32f3xx_hal.o
 .ARM.attributes
                0x000003eb       0x34 ./Drivers/STM32F3xx_HAL_Driver/Src/stm32f3xx_hal_adc_ex.o
 .ARM.attributes
                0x0000041f       0x34 ./Drivers/STM32F3xx_HAL_Driver/Src/stm32f3xx_hal_can.o
 .ARM.attributes
                0x00000453       0x34 ./Drivers/STM32F3xx_HAL_Driver/Src/stm32f3xx_hal_cortex.o
 .ARM.attributes
                0x00000487       0x34 ./Drivers/STM32F3xx_HAL_Driver/Src/stm32f3xx_hal_dac.o
 .ARM.attributes
                0x000004bb       0x34 ./Drivers/STM32F3xx_HAL_Driver/Src/stm32f3xx_hal_dac_ex.o
 .ARM.attributes
                0x000004ef       0x34 ./Drivers/STM32F3xx_HAL_Driver/Src/stm32f3xx_hal_gpio.o
 .ARM.attributes
                0x00000523       0x34 ./Drivers/STM32F3xx_HAL_Driver/Src/stm32f3xx_hal_i2c.o
 .ARM.attributes
                0x00000557       0x34 ./Drivers/STM32F3xx_HAL_Driver/Src/stm32f3xx_hal_i2c_ex.o
 .ARM.attributes
                0x0000058b       0x34 ./Drivers/STM32F3xx_HAL_Driver/Src/stm32f3xx_hal_pcd.o
 .ARM.attributes
                0x000005bf       0x34 ./Drivers/STM32F3xx_HAL_Driver/Src/stm32f3xx_hal_rcc.o
 .ARM.attributes
                0x000005f3       0x34 ./Drivers/STM32F3xx_HAL_Driver/Src/stm32f3xx_hal_rcc_ex.o
 .ARM.attributes
                0x00000627       0x34 ./Drivers/STM32F3xx_HAL_Driver/Src/stm32f3xx_hal_spi.o
 .ARM.attributes
                0x0000065b       0x34 ./Drivers/STM32F3xx_HAL_Driver/Src/stm32f3xx_hal_tim.o
 .ARM.attributes
                0x0000068f       0x34 ./Drivers/STM32F3xx_HAL_Driver/Src/stm32f3xx_hal_tim_ex.o
 .ARM.attributes
                0x000006c3       0x34 ./Drivers/STM32F3xx_HAL_Driver/Src/stm32f3xx_hal_uart.o
 .ARM.attributes
                0x000006f7       0x34 ./Drivers/STM32F3xx_HAL_Driver/Src/stm32f3xx_ll_usb.o
 .ARM.attributes
                0x0000072b       0x34 /opt/st/stm32cubeide_1.16.1/plugins/com.st.stm32cube.ide.mcu.externaltools.gnu-tools-for-stm32.12.3.rel1.linux64_1.0.200.202406132123/tools/bin/../lib/gcc/arm-none-eabi/12.3.1/../../../../arm-none-eabi/lib/thumb/v7e-m+fp/hard/libc_nano.a(libc_a-memset.o)
 .ARM.attributes
                0x0000075f       0x34 /opt/st/stm32cubeide_1.16.1/plugins/com.st.stm32cube.ide.mcu.externaltools.gnu-tools-for-stm32.12.3.rel1.linux64_1.0.200.202406132123/tools/bin/../lib/gcc/arm-none-eabi/12.3.1/../../../../arm-none-eabi/lib/thumb/v7e-m+fp/hard/libc_nano.a(libc_a-init.o)
 .ARM.attributes
                0x00000793       0x22 /opt/st/stm32cubeide_1.16.1/plugins/com.st.stm32cube.ide.mcu.externaltools.gnu-tools-for-stm32.12.3.rel1.linux64_1.0.200.202406132123/tools/bin/../lib/gcc/arm-none-eabi/12.3.1/thumb/v7e-m+fp/hard/crtn.o
OUTPUT(RoboContFirmware.elf elf32-littlearm)
LOAD linker stubs
LOAD /opt/st/stm32cubeide_1.16.1/plugins/com.st.stm32cube.ide.mcu.externaltools.gnu-tools-for-stm32.12.3.rel1.linux64_1.0.200.202406132123/tools/bin/../lib/gcc/arm-none-eabi/12.3.1/../../../../arm-none-eabi/lib/thumb/v7e-m+fp/hard/libc.a
LOAD /opt/st/stm32cubeide_1.16.1/plugins/com.st.stm32cube.ide.mcu.externaltools.gnu-tools-for-stm32.12.3.rel1.linux64_1.0.200.202406132123/tools/bin/../lib/gcc/arm-none-eabi/12.3.1/../../../../arm-none-eabi/lib/thumb/v7e-m+fp/hard/libm.a
LOAD /opt/st/stm32cubeide_1.16.1/plugins/com.st.stm32cube.ide.mcu.externaltools.gnu-tools-for-stm32.12.3.rel1.linux64_1.0.200.202406132123/tools/bin/../lib/gcc/arm-none-eabi/12.3.1/thumb/v7e-m+fp/hard/libgcc.a

.debug_info     0x00000000    0x1dabf
 .debug_info    0x00000000     0x1a9c ./Core/Src/RoboContFirmware/Debug/test.o
 .debug_info    0x00001a9c      0xd05 ./Core/Src/RoboContFirmware/LowLevel/imu_icm20948.o
 .debug_info    0x000027a1      0x9dc ./Core/Src/RoboContFirmware/LowLevel/motor.o
 .debug_info    0x0000317d      0x85f ./Core/Src/adc.o
 .debug_info    0x000039dc      0x74d ./Core/Src/can.o
 .debug_info    0x00004129      0x7e0 ./Core/Src/dac.o
 .debug_info    0x00004909      0x375 ./Core/Src/gpio.o
 .debug_info    0x00004c7e      0x90c ./Core/Src/i2c.o
 .debug_info    0x0000558a      0xcac ./Core/Src/main.o
 .debug_info    0x00006236      0x851 ./Core/Src/spi.o
 .debug_info    0x00006a87      0x18d ./Core/Src/stm32f3xx_hal_msp.o
 .debug_info    0x00006c14      0x113 ./Core/Src/stm32f3xx_it.o
 .debug_info    0x00006d27      0x407 ./Core/Src/system_stm32f3xx.o
 .debug_info    0x0000712e      0xfdb ./Core/Src/tim.o
 .debug_info    0x00008109      0x9d3 ./Core/Src/usart.o
 .debug_info    0x00008adc      0x813 ./Core/Src/usb.o
 .debug_info    0x000092ef       0x30 ./Core/Startup/startup_stm32f373rctx.o
 .debug_info    0x0000931f      0x7c8 ./Drivers/STM32F3xx_HAL_Driver/Src/stm32f3xx_hal.o
 .debug_info    0x00009ae7      0xf8d ./Drivers/STM32F3xx_HAL_Driver/Src/stm32f3xx_hal_adc_ex.o
 .debug_info    0x0000aa74      0xf02 ./Drivers/STM32F3xx_HAL_Driver/Src/stm32f3xx_hal_can.o
 .debug_info    0x0000b976      0xcd8 ./Drivers/STM32F3xx_HAL_Driver/Src/stm32f3xx_hal_cortex.o
 .debug_info    0x0000c64e      0x827 ./Drivers/STM32F3xx_HAL_Driver/Src/stm32f3xx_hal_dac.o
 .debug_info    0x0000ce75      0x9c1 ./Drivers/STM32F3xx_HAL_Driver/Src/stm32f3xx_hal_dac_ex.o
 .debug_info    0x0000d836      0x59e ./Drivers/STM32F3xx_HAL_Driver/Src/stm32f3xx_hal_gpio.o
 .debug_info    0x0000ddd4     0x20c3 ./Drivers/STM32F3xx_HAL_Driver/Src/stm32f3xx_hal_i2c.o
 .debug_info    0x0000fe97      0x818 ./Drivers/STM32F3xx_HAL_Driver/Src/stm32f3xx_hal_i2c_ex.o
 .debug_info    0x000106af     0x160f ./Drivers/STM32F3xx_HAL_Driver/Src/stm32f3xx_hal_pcd.o
 .debug_info    0x00011cbe     0x148a ./Drivers/STM32F3xx_HAL_Driver/Src/stm32f3xx_hal_rcc.o
 .debug_info    0x00013148      0x569 ./Drivers/STM32F3xx_HAL_Driver/Src/stm32f3xx_hal_rcc_ex.o
 .debug_info    0x000136b1     0x1622 ./Drivers/STM32F3xx_HAL_Driver/Src/stm32f3xx_hal_spi.o
 .debug_info    0x00014cd3     0x2967 ./Drivers/STM32F3xx_HAL_Driver/Src/stm32f3xx_hal_tim.o
 .debug_info    0x0001763a     0x14a2 ./Drivers/STM32F3xx_HAL_Driver/Src/stm32f3xx_hal_tim_ex.o
 .debug_info    0x00018adc     0x39a8 ./Drivers/STM32F3xx_HAL_Driver/Src/stm32f3xx_hal_uart.o
 .debug_info    0x0001c484     0x163b ./Drivers/STM32F3xx_HAL_Driver/Src/stm32f3xx_ll_usb.o

.debug_abbrev   0x00000000     0x4706
 .debug_abbrev  0x00000000      0x326 ./Core/Src/RoboContFirmware/Debug/test.o
 .debug_abbrev  0x00000326      0x2a4 ./Core/Src/RoboContFirmware/LowLevel/imu_icm20948.o
 .debug_abbrev  0x000005ca      0x245 ./Core/Src/RoboContFirmware/LowLevel/motor.o
 .debug_abbrev  0x0000080f      0x1ee ./Core/Src/adc.o
 .debug_abbrev  0x000009fd      0x201 ./Core/Src/can.o
 .debug_abbrev  0x00000bfe      0x1f6 ./Core/Src/dac.o
 .debug_abbrev  0x00000df4      0x151 ./Core/Src/gpio.o
 .debug_abbrev  0x00000f45      0x21a ./Core/Src/i2c.o
 .debug_abbrev  0x0000115f      0x2f1 ./Core/Src/main.o
 .debug_abbrev  0x00001450      0x1f1 ./Core/Src/spi.o
 .debug_abbrev  0x00001641       0xc6 ./Core/Src/stm32f3xx_hal_msp.o
 .debug_abbrev  0x00001707       0x73 ./Core/Src/stm32f3xx_it.o
 .debug_abbrev  0x0000177a      0x11a ./Core/Src/system_stm32f3xx.o
 .debug_abbrev  0x00001894      0x25a ./Core/Src/tim.o
 .debug_abbrev  0x00001aee      0x1fb ./Core/Src/usart.o
 .debug_abbrev  0x00001ce9      0x1f7 ./Core/Src/usb.o
 .debug_abbrev  0x00001ee0       0x24 ./Core/Startup/startup_stm32f373rctx.o
 .debug_abbrev  0x00001f04      0x215 ./Drivers/STM32F3xx_HAL_Driver/Src/stm32f3xx_hal.o
 .debug_abbrev  0x00002119      0x268 ./Drivers/STM32F3xx_HAL_Driver/Src/stm32f3xx_hal_adc_ex.o
 .debug_abbrev  0x00002381      0x1fc ./Drivers/STM32F3xx_HAL_Driver/Src/stm32f3xx_hal_can.o
 .debug_abbrev  0x0000257d      0x31e ./Drivers/STM32F3xx_HAL_Driver/Src/stm32f3xx_hal_cortex.o
 .debug_abbrev  0x0000289b      0x1ac ./Drivers/STM32F3xx_HAL_Driver/Src/stm32f3xx_hal_dac.o
 .debug_abbrev  0x00002a47      0x25d ./Drivers/STM32F3xx_HAL_Driver/Src/stm32f3xx_hal_dac_ex.o
 .debug_abbrev  0x00002ca4      0x1ca ./Drivers/STM32F3xx_HAL_Driver/Src/stm32f3xx_hal_gpio.o
 .debug_abbrev  0x00002e6e      0x260 ./Drivers/STM32F3xx_HAL_Driver/Src/stm32f3xx_hal_i2c.o
 .debug_abbrev  0x000030ce      0x1c2 ./Drivers/STM32F3xx_HAL_Driver/Src/stm32f3xx_hal_i2c_ex.o
 .debug_abbrev  0x00003290      0x2d9 ./Drivers/STM32F3xx_HAL_Driver/Src/stm32f3xx_hal_pcd.o
 .debug_abbrev  0x00003569      0x300 ./Drivers/STM32F3xx_HAL_Driver/Src/stm32f3xx_hal_rcc.o
 .debug_abbrev  0x00003869      0x221 ./Drivers/STM32F3xx_HAL_Driver/Src/stm32f3xx_hal_rcc_ex.o
 .debug_abbrev  0x00003a8a      0x269 ./Drivers/STM32F3xx_HAL_Driver/Src/stm32f3xx_hal_spi.o
 .debug_abbrev  0x00003cf3      0x278 ./Drivers/STM32F3xx_HAL_Driver/Src/stm32f3xx_hal_tim.o
 .debug_abbrev  0x00003f6b      0x283 ./Drivers/STM32F3xx_HAL_Driver/Src/stm32f3xx_hal_tim_ex.o
 .debug_abbrev  0x000041ee      0x2d1 ./Drivers/STM32F3xx_HAL_Driver/Src/stm32f3xx_hal_uart.o
 .debug_abbrev  0x000044bf      0x247 ./Drivers/STM32F3xx_HAL_Driver/Src/stm32f3xx_ll_usb.o

.debug_aranges  0x00000000     0x18a0
 .debug_aranges
                0x00000000       0x20 ./Core/Src/RoboContFirmware/Debug/test.o
 .debug_aranges
                0x00000020       0x50 ./Core/Src/RoboContFirmware/LowLevel/imu_icm20948.o
 .debug_aranges
                0x00000070       0x40 ./Core/Src/RoboContFirmware/LowLevel/motor.o
 .debug_aranges
                0x000000b0       0x30 ./Core/Src/adc.o
 .debug_aranges
                0x000000e0       0x30 ./Core/Src/can.o
 .debug_aranges
                0x00000110       0x38 ./Core/Src/dac.o
 .debug_aranges
                0x00000148       0x20 ./Core/Src/gpio.o
 .debug_aranges
                0x00000168       0x38 ./Core/Src/i2c.o
 .debug_aranges
                0x000001a0       0x30 ./Core/Src/main.o
 .debug_aranges
                0x000001d0       0x30 ./Core/Src/spi.o
 .debug_aranges
                0x00000200       0x20 ./Core/Src/stm32f3xx_hal_msp.o
 .debug_aranges
                0x00000220       0x60 ./Core/Src/stm32f3xx_it.o
 .debug_aranges
                0x00000280       0x28 ./Core/Src/system_stm32f3xx.o
 .debug_aranges
                0x000002a8       0x88 ./Core/Src/tim.o
 .debug_aranges
                0x00000330       0x40 ./Core/Src/usart.o
 .debug_aranges
                0x00000370       0x30 ./Core/Src/usb.o
 .debug_aranges
                0x000003a0       0x28 ./Core/Startup/startup_stm32f373rctx.o
 .debug_aranges
                0x000003c8       0xe0 ./Drivers/STM32F3xx_HAL_Driver/Src/stm32f3xx_hal.o
 .debug_aranges
                0x000004a8       0xf8 ./Drivers/STM32F3xx_HAL_Driver/Src/stm32f3xx_hal_adc_ex.o
 .debug_aranges
                0x000005a0      0x138 ./Drivers/STM32F3xx_HAL_Driver/Src/stm32f3xx_hal_can.o
 .debug_aranges
                0x000006d8      0x128 ./Drivers/STM32F3xx_HAL_Driver/Src/stm32f3xx_hal_cortex.o
 .debug_aranges
                0x00000800       0xa8 ./Drivers/STM32F3xx_HAL_Driver/Src/stm32f3xx_hal_dac.o
 .debug_aranges
                0x000008a8       0xb8 ./Drivers/STM32F3xx_HAL_Driver/Src/stm32f3xx_hal_dac_ex.o
 .debug_aranges
                0x00000960       0x58 ./Drivers/STM32F3xx_HAL_Driver/Src/stm32f3xx_hal_gpio.o
 .debug_aranges
                0x000009b8      0x2a0 ./Drivers/STM32F3xx_HAL_Driver/Src/stm32f3xx_hal_i2c.o
 .debug_aranges
                0x00000c58       0x48 ./Drivers/STM32F3xx_HAL_Driver/Src/stm32f3xx_hal_i2c_ex.o
 .debug_aranges
                0x00000ca0      0x140 ./Drivers/STM32F3xx_HAL_Driver/Src/stm32f3xx_hal_pcd.o
 .debug_aranges
                0x00000de0       0x88 ./Drivers/STM32F3xx_HAL_Driver/Src/stm32f3xx_hal_rcc.o
 .debug_aranges
                0x00000e68       0x38 ./Drivers/STM32F3xx_HAL_Driver/Src/stm32f3xx_hal_rcc_ex.o
 .debug_aranges
                0x00000ea0      0x1d8 ./Drivers/STM32F3xx_HAL_Driver/Src/stm32f3xx_hal_spi.o
 .debug_aranges
                0x00001078      0x3d0 ./Drivers/STM32F3xx_HAL_Driver/Src/stm32f3xx_hal_tim.o
 .debug_aranges
                0x00001448      0x168 ./Drivers/STM32F3xx_HAL_Driver/Src/stm32f3xx_hal_tim_ex.o
 .debug_aranges
                0x000015b0      0x228 ./Drivers/STM32F3xx_HAL_Driver/Src/stm32f3xx_hal_uart.o
 .debug_aranges
                0x000017d8       0xc8 ./Drivers/STM32F3xx_HAL_Driver/Src/stm32f3xx_ll_usb.o

.debug_rnglists
                0x00000000     0x131a
 .debug_rnglists
                0x00000000       0x14 ./Core/Src/RoboContFirmware/Debug/test.o
 .debug_rnglists
                0x00000014       0x38 ./Core/Src/RoboContFirmware/LowLevel/imu_icm20948.o
 .debug_rnglists
                0x0000004c       0x2d ./Core/Src/RoboContFirmware/LowLevel/motor.o
 .debug_rnglists
                0x00000079       0x1f ./Core/Src/adc.o
 .debug_rnglists
                0x00000098       0x20 ./Core/Src/can.o
 .debug_rnglists
                0x000000b8       0x26 ./Core/Src/dac.o
 .debug_rnglists
                0x000000de       0x14 ./Core/Src/gpio.o
 .debug_rnglists
                0x000000f2       0x28 ./Core/Src/i2c.o
 .debug_rnglists
                0x0000011a       0x21 ./Core/Src/main.o
 .debug_rnglists
                0x0000013b       0x20 ./Core/Src/spi.o
 .debug_rnglists
                0x0000015b       0x13 ./Core/Src/stm32f3xx_hal_msp.o
 .debug_rnglists
                0x0000016e       0x43 ./Core/Src/stm32f3xx_it.o
 .debug_rnglists
                0x000001b1       0x1a ./Core/Src/system_stm32f3xx.o
 .debug_rnglists
                0x000001cb       0x6c ./Core/Src/tim.o
 .debug_rnglists
                0x00000237       0x2d ./Core/Src/usart.o
 .debug_rnglists
                0x00000264       0x20 ./Core/Src/usb.o
 .debug_rnglists
                0x00000284       0x19 ./Core/Startup/startup_stm32f373rctx.o
 .debug_rnglists
                0x0000029d       0xa3 ./Drivers/STM32F3xx_HAL_Driver/Src/stm32f3xx_hal.o
 .debug_rnglists
                0x00000340       0xc9 ./Drivers/STM32F3xx_HAL_Driver/Src/stm32f3xx_hal_adc_ex.o
 .debug_rnglists
                0x00000409       0xee ./Drivers/STM32F3xx_HAL_Driver/Src/stm32f3xx_hal_can.o
 .debug_rnglists
                0x000004f7       0xda ./Drivers/STM32F3xx_HAL_Driver/Src/stm32f3xx_hal_cortex.o
 .debug_rnglists
                0x000005d1       0x7a ./Drivers/STM32F3xx_HAL_Driver/Src/stm32f3xx_hal_dac.o
 .debug_rnglists
                0x0000064b       0x89 ./Drivers/STM32F3xx_HAL_Driver/Src/stm32f3xx_hal_dac_ex.o
 .debug_rnglists
                0x000006d4       0x3f ./Drivers/STM32F3xx_HAL_Driver/Src/stm32f3xx_hal_gpio.o
 .debug_rnglists
                0x00000713      0x228 ./Drivers/STM32F3xx_HAL_Driver/Src/stm32f3xx_hal_i2c.o
 .debug_rnglists
                0x0000093b       0x35 ./Drivers/STM32F3xx_HAL_Driver/Src/stm32f3xx_hal_i2c_ex.o
 .debug_rnglists
                0x00000970       0xf4 ./Drivers/STM32F3xx_HAL_Driver/Src/stm32f3xx_hal_pcd.o
 .debug_rnglists
                0x00000a64       0x66 ./Drivers/STM32F3xx_HAL_Driver/Src/stm32f3xx_hal_rcc.o
 .debug_rnglists
                0x00000aca       0x28 ./Drivers/STM32F3xx_HAL_Driver/Src/stm32f3xx_hal_rcc_ex.o
 .debug_rnglists
                0x00000af2      0x178 ./Drivers/STM32F3xx_HAL_Driver/Src/stm32f3xx_hal_spi.o
 .debug_rnglists
                0x00000c6a      0x318 ./Drivers/STM32F3xx_HAL_Driver/Src/stm32f3xx_hal_tim.o
 .debug_rnglists
                0x00000f82      0x125 ./Drivers/STM32F3xx_HAL_Driver/Src/stm32f3xx_hal_tim_ex.o
 .debug_rnglists
                0x000010a7      0x1da ./Drivers/STM32F3xx_HAL_Driver/Src/stm32f3xx_hal_uart.o
 .debug_rnglists
                0x00001281       0x99 ./Drivers/STM32F3xx_HAL_Driver/Src/stm32f3xx_ll_usb.o

.debug_macro    0x00000000    0x210bb
 .debug_macro   0x00000000      0x395 ./Core/Src/RoboContFirmware/Debug/test.o
 .debug_macro   0x00000395       0x1c ./Core/Src/RoboContFirmware/Debug/test.o
 .debug_macro   0x000003b1      0x175 ./Core/Src/RoboContFirmware/Debug/test.o
 .debug_macro   0x00000526       0x2e ./Core/Src/RoboContFirmware/Debug/test.o
 .debug_macro   0x00000554       0x28 ./Core/Src/RoboContFirmware/Debug/test.o
 .debug_macro   0x0000057c       0x1c ./Core/Src/RoboContFirmware/Debug/test.o
 .debug_macro   0x00000598       0x22 ./Core/Src/RoboContFirmware/Debug/test.o
 .debug_macro   0x000005ba       0xd9 ./Core/Src/RoboContFirmware/Debug/test.o
 .debug_macro   0x00000693     0x102d ./Core/Src/RoboContFirmware/Debug/test.o
 .debug_macro   0x000016c0      0x11f ./Core/Src/RoboContFirmware/Debug/test.o
 .debug_macro   0x000017df    0x1071e ./Core/Src/RoboContFirmware/Debug/test.o
 .debug_macro   0x00011efd       0x6d ./Core/Src/RoboContFirmware/Debug/test.o
 .debug_macro   0x00011f6a     0x3582 ./Core/Src/RoboContFirmware/Debug/test.o
 .debug_macro   0x000154ec      0x190 ./Core/Src/RoboContFirmware/Debug/test.o
 .debug_macro   0x0001567c       0x55 ./Core/Src/RoboContFirmware/Debug/test.o
 .debug_macro   0x000156d1      0x95a ./Core/Src/RoboContFirmware/Debug/test.o
 .debug_macro   0x0001602b      0x5dc ./Core/Src/RoboContFirmware/Debug/test.o
 .debug_macro   0x00016607      0x1b5 ./Core/Src/RoboContFirmware/Debug/test.o
 .debug_macro   0x000167bc      0x161 ./Core/Src/RoboContFirmware/Debug/test.o
 .debug_macro   0x0001691d      0x1ab ./Core/Src/RoboContFirmware/Debug/test.o
 .debug_macro   0x00016ac8      0x1bc ./Core/Src/RoboContFirmware/Debug/test.o
 .debug_macro   0x00016c84       0x30 ./Core/Src/RoboContFirmware/Debug/test.o
 .debug_macro   0x00016cb4       0x3c ./Core/Src/RoboContFirmware/Debug/test.o
 .debug_macro   0x00016cf0      0x235 ./Core/Src/RoboContFirmware/Debug/test.o
 .debug_macro   0x00016f25      0x504 ./Core/Src/RoboContFirmware/Debug/test.o
 .debug_macro   0x00017429       0x77 ./Core/Src/RoboContFirmware/Debug/test.o
 .debug_macro   0x000174a0      0x408 ./Core/Src/RoboContFirmware/Debug/test.o
 .debug_macro   0x000178a8      0x176 ./Core/Src/RoboContFirmware/Debug/test.o
 .debug_macro   0x00017a1e       0x6c ./Core/Src/RoboContFirmware/Debug/test.o
 .debug_macro   0x00017a8a       0xc5 ./Core/Src/RoboContFirmware/Debug/test.o
 .debug_macro   0x00017b4f      0x231 ./Core/Src/RoboContFirmware/Debug/test.o
 .debug_macro   0x00017d80      0x22c ./Core/Src/RoboContFirmware/Debug/test.o
 .debug_macro   0x00017fac       0x5b ./Core/Src/RoboContFirmware/Debug/test.o
 .debug_macro   0x00018007       0xa5 ./Core/Src/RoboContFirmware/Debug/test.o
 .debug_macro   0x000180ac       0x73 ./Core/Src/RoboContFirmware/Debug/test.o
 .debug_macro   0x0001811f      0x242 ./Core/Src/RoboContFirmware/Debug/test.o
 .debug_macro   0x00018361       0x81 ./Core/Src/RoboContFirmware/Debug/test.o
 .debug_macro   0x000183e2       0xec ./Core/Src/RoboContFirmware/Debug/test.o
 .debug_macro   0x000184ce      0x2fe ./Core/Src/RoboContFirmware/Debug/test.o
 .debug_macro   0x000187cc      0x8fb ./Core/Src/RoboContFirmware/Debug/test.o
 .debug_macro   0x000190c7       0x41 ./Core/Src/RoboContFirmware/Debug/test.o
 .debug_macro   0x00019108      0x5ba ./Core/Src/RoboContFirmware/Debug/test.o
 .debug_macro   0x000196c2       0x3e ./Core/Src/RoboContFirmware/Debug/test.o
 .debug_macro   0x00019700      0x244 ./Core/Src/RoboContFirmware/Debug/test.o
 .debug_macro   0x00019944      0x1d6 ./Core/Src/RoboContFirmware/Debug/test.o
 .debug_macro   0x00019b1a       0x10 ./Core/Src/RoboContFirmware/Debug/test.o
 .debug_macro   0x00019b2a      0x417 ./Core/Src/RoboContFirmware/Debug/test.o
 .debug_macro   0x00019f41       0x10 ./Core/Src/RoboContFirmware/Debug/test.o
 .debug_macro   0x00019f51       0x61 ./Core/Src/RoboContFirmware/Debug/test.o
 .debug_macro   0x00019fb2       0x2a ./Core/Src/RoboContFirmware/Debug/test.o
 .debug_macro   0x00019fdc       0x43 ./Core/Src/RoboContFirmware/Debug/test.o
 .debug_macro   0x0001a01f       0x34 ./Core/Src/RoboContFirmware/Debug/test.o
 .debug_macro   0x0001a053       0x16 ./Core/Src/RoboContFirmware/Debug/test.o
 .debug_macro   0x0001a069       0x35 ./Core/Src/RoboContFirmware/Debug/test.o
 .debug_macro   0x0001a09e      0x38c ./Core/Src/RoboContFirmware/Debug/test.o
 .debug_macro   0x0001a42a       0x10 ./Core/Src/RoboContFirmware/Debug/test.o
 .debug_macro   0x0001a43a       0x16 ./Core/Src/RoboContFirmware/Debug/test.o
 .debug_macro   0x0001a450       0x43 ./Core/Src/RoboContFirmware/Debug/test.o
 .debug_macro   0x0001a493       0x34 ./Core/Src/RoboContFirmware/Debug/test.o
 .debug_macro   0x0001a4c7       0x10 ./Core/Src/RoboContFirmware/Debug/test.o
 .debug_macro   0x0001a4d7       0x58 ./Core/Src/RoboContFirmware/Debug/test.o
 .debug_macro   0x0001a52f       0x8e ./Core/Src/RoboContFirmware/Debug/test.o
 .debug_macro   0x0001a5bd       0x16 ./Core/Src/RoboContFirmware/Debug/test.o
 .debug_macro   0x0001a5d3      0x177 ./Core/Src/RoboContFirmware/Debug/test.o
 .debug_macro   0x0001a74a       0x16 ./Core/Src/RoboContFirmware/Debug/test.o
 .debug_macro   0x0001a760       0x16 ./Core/Src/RoboContFirmware/Debug/test.o
 .debug_macro   0x0001a776      0x138 ./Core/Src/RoboContFirmware/Debug/test.o
 .debug_macro   0x0001a8ae      0x11d ./Core/Src/RoboContFirmware/Debug/test.o
 .debug_macro   0x0001a9cb      0x29b ./Core/Src/RoboContFirmware/LowLevel/imu_icm20948.o
 .debug_macro   0x0001ac66      0x256 ./Core/Src/RoboContFirmware/LowLevel/motor.o
 .debug_macro   0x0001aebc      0x260 ./Core/Src/adc.o
 .debug_macro   0x0001b11c     0x102d ./Core/Src/adc.o
 .debug_macro   0x0001c149      0x189 ./Core/Src/adc.o
 .debug_macro   0x0001c2d2       0xc4 ./Core/Src/adc.o
 .debug_macro   0x0001c396      0x260 ./Core/Src/can.o
 .debug_macro   0x0001c5f6      0x260 ./Core/Src/dac.o
 .debug_macro   0x0001c856      0x260 ./Core/Src/gpio.o
 .debug_macro   0x0001cab6      0x260 ./Core/Src/i2c.o
 .debug_macro   0x0001cd16      0x3ff ./Core/Src/main.o
 .debug_macro   0x0001d115       0xca ./Core/Src/main.o
 .debug_macro   0x0001d1df       0x18 ./Core/Src/main.o
 .debug_macro   0x0001d1f7      0x194 ./Core/Src/main.o
 .debug_macro   0x0001d38b       0x10 ./Core/Src/main.o
 .debug_macro   0x0001d39b       0x16 ./Core/Src/main.o
 .debug_macro   0x0001d3b1       0x16 ./Core/Src/main.o
 .debug_macro   0x0001d3c7       0x29 ./Core/Src/main.o
 .debug_macro   0x0001d3f0       0x10 ./Core/Src/main.o
 .debug_macro   0x0001d400      0x3c7 ./Core/Src/main.o
 .debug_macro   0x0001d7c7      0x260 ./Core/Src/spi.o
 .debug_macro   0x0001da27      0x256 ./Core/Src/stm32f3xx_hal_msp.o
 .debug_macro   0x0001dc7d      0x260 ./Core/Src/stm32f3xx_it.o
 .debug_macro   0x0001dedd      0x247 ./Core/Src/system_stm32f3xx.o
 .debug_macro   0x0001e124      0x260 ./Core/Src/tim.o
 .debug_macro   0x0001e384      0x260 ./Core/Src/usart.o
 .debug_macro   0x0001e5e4      0x260 ./Core/Src/usb.o
 .debug_macro   0x0001e844      0x26b ./Drivers/STM32F3xx_HAL_Driver/Src/stm32f3xx_hal.o
 .debug_macro   0x0001eaaf      0x2aa ./Drivers/STM32F3xx_HAL_Driver/Src/stm32f3xx_hal_adc_ex.o
 .debug_macro   0x0001ed59      0x256 ./Drivers/STM32F3xx_HAL_Driver/Src/stm32f3xx_hal_can.o
 .debug_macro   0x0001efaf      0x247 ./Drivers/STM32F3xx_HAL_Driver/Src/stm32f3xx_hal_cortex.o
 .debug_macro   0x0001f1f6      0x248 ./Drivers/STM32F3xx_HAL_Driver/Src/stm32f3xx_hal_dac.o
 .debug_macro   0x0001f43e      0x247 ./Drivers/STM32F3xx_HAL_Driver/Src/stm32f3xx_hal_dac_ex.o
 .debug_macro   0x0001f685      0x24e ./Drivers/STM32F3xx_HAL_Driver/Src/stm32f3xx_hal_gpio.o
 .debug_macro   0x0001f8d3      0x313 ./Drivers/STM32F3xx_HAL_Driver/Src/stm32f3xx_hal_i2c.o
 .debug_macro   0x0001fbe6      0x247 ./Drivers/STM32F3xx_HAL_Driver/Src/stm32f3xx_hal_i2c_ex.o
 .debug_macro   0x0001fe2d      0x253 ./Drivers/STM32F3xx_HAL_Driver/Src/stm32f3xx_hal_pcd.o
 .debug_macro   0x00020080      0x26b ./Drivers/STM32F3xx_HAL_Driver/Src/stm32f3xx_hal_rcc.o
 .debug_macro   0x000202eb      0x247 ./Drivers/STM32F3xx_HAL_Driver/Src/stm32f3xx_hal_rcc_ex.o
 .debug_macro   0x00020532      0x24f ./Drivers/STM32F3xx_HAL_Driver/Src/stm32f3xx_hal_spi.o
 .debug_macro   0x00020781      0x248 ./Drivers/STM32F3xx_HAL_Driver/Src/stm32f3xx_hal_tim.o
 .debug_macro   0x000209c9      0x247 ./Drivers/STM32F3xx_HAL_Driver/Src/stm32f3xx_hal_tim_ex.o
 .debug_macro   0x00020c10      0x264 ./Drivers/STM32F3xx_HAL_Driver/Src/stm32f3xx_hal_uart.o
 .debug_macro   0x00020e74      0x247 ./Drivers/STM32F3xx_HAL_Driver/Src/stm32f3xx_ll_usb.o

.debug_line     0x00000000    0x22404
 .debug_line    0x00000000      0xbeb ./Core/Src/RoboContFirmware/Debug/test.o
 .debug_line    0x00000beb      0xaef ./Core/Src/RoboContFirmware/LowLevel/imu_icm20948.o
 .debug_line    0x000016da      0x9bc ./Core/Src/RoboContFirmware/LowLevel/motor.o
 .debug_line    0x00002096      0x820 ./Core/Src/adc.o
 .debug_line    0x000028b6      0x81d ./Core/Src/can.o
 .debug_line    0x000030d3      0x873 ./Core/Src/dac.o
 .debug_line    0x00003946      0x805 ./Core/Src/gpio.o
 .debug_line    0x0000414b      0x8ac ./Core/Src/i2c.o
 .debug_line    0x000049f7      0xe01 ./Core/Src/main.o
 .debug_line    0x000057f8      0x828 ./Core/Src/spi.o
 .debug_line    0x00006020      0x7b0 ./Core/Src/stm32f3xx_hal_msp.o
 .debug_line    0x000067d0      0x872 ./Core/Src/stm32f3xx_it.o
 .debug_line    0x00007042      0x829 ./Core/Src/system_stm32f3xx.o
 .debug_line    0x0000786b      0xcac ./Core/Src/tim.o
 .debug_line    0x00008517      0x900 ./Core/Src/usart.o
 .debug_line    0x00008e17      0x80f ./Core/Src/usb.o
 .debug_line    0x00009626       0x7a ./Core/Startup/startup_stm32f373rctx.o
 .debug_line    0x000096a0      0xa61 ./Drivers/STM32F3xx_HAL_Driver/Src/stm32f3xx_hal.o
 .debug_line    0x0000a101     0x1416 ./Drivers/STM32F3xx_HAL_Driver/Src/stm32f3xx_hal_adc_ex.o
 .debug_line    0x0000b517     0x123b ./Drivers/STM32F3xx_HAL_Driver/Src/stm32f3xx_hal_can.o
 .debug_line    0x0000c752      0xd4e ./Drivers/STM32F3xx_HAL_Driver/Src/stm32f3xx_hal_cortex.o
 .debug_line    0x0000d4a0      0x9a7 ./Drivers/STM32F3xx_HAL_Driver/Src/stm32f3xx_hal_dac.o
 .debug_line    0x0000de47      0xc25 ./Drivers/STM32F3xx_HAL_Driver/Src/stm32f3xx_hal_dac_ex.o
 .debug_line    0x0000ea6c      0xbd8 ./Drivers/STM32F3xx_HAL_Driver/Src/stm32f3xx_hal_gpio.o
 .debug_line    0x0000f644     0x3ad8 ./Drivers/STM32F3xx_HAL_Driver/Src/stm32f3xx_hal_i2c.o
 .debug_line    0x0001311c      0x9cd ./Drivers/STM32F3xx_HAL_Driver/Src/stm32f3xx_hal_i2c_ex.o
 .debug_line    0x00013ae9     0x13e9 ./Drivers/STM32F3xx_HAL_Driver/Src/stm32f3xx_hal_pcd.o
 .debug_line    0x00014ed2     0x13f5 ./Drivers/STM32F3xx_HAL_Driver/Src/stm32f3xx_hal_rcc.o
 .debug_line    0x000162c7      0xc47 ./Drivers/STM32F3xx_HAL_Driver/Src/stm32f3xx_hal_rcc_ex.o
 .debug_line    0x00016f0e     0x209a ./Drivers/STM32F3xx_HAL_Driver/Src/stm32f3xx_hal_spi.o
 .debug_line    0x00018fa8     0x380c ./Drivers/STM32F3xx_HAL_Driver/Src/stm32f3xx_hal_tim.o
 .debug_line    0x0001c7b4     0x1a61 ./Drivers/STM32F3xx_HAL_Driver/Src/stm32f3xx_hal_tim_ex.o
 .debug_line    0x0001e215     0x314c ./Drivers/STM32F3xx_HAL_Driver/Src/stm32f3xx_hal_uart.o
 .debug_line    0x00021361     0x10a3 ./Drivers/STM32F3xx_HAL_Driver/Src/stm32f3xx_ll_usb.o

.debug_str      0x00000000    0xb83ea
 .debug_str     0x00000000    0xb0576 ./Core/Src/RoboContFirmware/Debug/test.o
                              0xb104a (size before relaxing)
 .debug_str     0x000b0576      0x10d ./Core/Src/RoboContFirmware/LowLevel/imu_icm20948.o
                              0xacfa9 (size before relaxing)
 .debug_str     0x000b0683       0xa2 ./Core/Src/RoboContFirmware/LowLevel/motor.o
                              0xab392 (size before relaxing)
 .debug_str     0x000b0725      0x795 ./Core/Src/adc.o
                              0xaaef4 (size before relaxing)
 .debug_str     0x000b0eba      0x29c ./Core/Src/can.o
                              0xaae37 (size before relaxing)
 .debug_str     0x000b1156      0x1e0 ./Core/Src/dac.o
                              0xaaf09 (size before relaxing)
 .debug_str     0x000b1336       0x68 ./Core/Src/gpio.o
                              0xaab4f (size before relaxing)
 .debug_str     0x000b139e       0x6c ./Core/Src/i2c.o
                              0xab05f (size before relaxing)
 .debug_str     0x000b140a     0x1174 ./Core/Src/main.o
                              0xb14f0 (size before relaxing)
 .debug_str     0x000b257e      0x210 ./Core/Src/spi.o
                              0xaaf81 (size before relaxing)
 .debug_str     0x000b278e       0x2c ./Core/Src/stm32f3xx_hal_msp.o
                              0xaaa84 (size before relaxing)
 .debug_str     0x000b27ba       0xc9 ./Core/Src/stm32f3xx_it.o
                              0xaaab3 (size before relaxing)
 .debug_str     0x000b2883       0xdf ./Core/Src/system_stm32f3xx.o
                              0xaa80d (size before relaxing)
 .debug_str     0x000b2962      0x383 ./Core/Src/tim.o
                              0xab426 (size before relaxing)
 .debug_str     0x000b2ce5      0x219 ./Core/Src/usart.o
                              0xab00d (size before relaxing)
 .debug_str     0x000b2efe      0x304 ./Core/Src/usb.o
                              0xaaf0f (size before relaxing)
 .debug_str     0x000b3202       0x44 ./Core/Startup/startup_stm32f373rctx.o
                                 0x6d (size before relaxing)
 .debug_str     0x000b3246      0x6ba ./Drivers/STM32F3xx_HAL_Driver/Src/stm32f3xx_hal.o
                              0xaafee (size before relaxing)
 .debug_str     0x000b3900      0x74c ./Drivers/STM32F3xx_HAL_Driver/Src/stm32f3xx_hal_adc_ex.o
                              0xab293 (size before relaxing)
 .debug_str     0x000b404c      0x57d ./Drivers/STM32F3xx_HAL_Driver/Src/stm32f3xx_hal_can.o
                              0xaaf9c (size before relaxing)
 .debug_str     0x000b45c9      0x375 ./Drivers/STM32F3xx_HAL_Driver/Src/stm32f3xx_hal_cortex.o
                              0xab072 (size before relaxing)
 .debug_str     0x000b493e      0x15e ./Drivers/STM32F3xx_HAL_Driver/Src/stm32f3xx_hal_dac.o
                              0xaac11 (size before relaxing)
 .debug_str     0x000b4a9c      0x1a5 ./Drivers/STM32F3xx_HAL_Driver/Src/stm32f3xx_hal_dac_ex.o
                              0xaad1a (size before relaxing)
 .debug_str     0x000b4c41       0xf9 ./Drivers/STM32F3xx_HAL_Driver/Src/stm32f3xx_hal_gpio.o
                              0xaa952 (size before relaxing)
 .debug_str     0x000b4d3a      0xe37 ./Drivers/STM32F3xx_HAL_Driver/Src/stm32f3xx_hal_i2c.o
                              0xabb0d (size before relaxing)
 .debug_str     0x000b5b71       0xb8 ./Drivers/STM32F3xx_HAL_Driver/Src/stm32f3xx_hal_i2c_ex.o
                              0xaad0d (size before relaxing)
 .debug_str     0x000b5c29      0x52c ./Drivers/STM32F3xx_HAL_Driver/Src/stm32f3xx_hal_pcd.o
                              0xab025 (size before relaxing)
 .debug_str     0x000b6155      0x2ad ./Drivers/STM32F3xx_HAL_Driver/Src/stm32f3xx_hal_rcc.o
                              0xaacad (size before relaxing)
 .debug_str     0x000b6402       0xbf ./Drivers/STM32F3xx_HAL_Driver/Src/stm32f3xx_hal_rcc_ex.o
                              0xaaa0f (size before relaxing)
 .debug_str     0x000b64c1      0x558 ./Drivers/STM32F3xx_HAL_Driver/Src/stm32f3xx_hal_spi.o
                              0xab133 (size before relaxing)
 .debug_str     0x000b6a19      0xcba ./Drivers/STM32F3xx_HAL_Driver/Src/stm32f3xx_hal_tim.o
                              0xabbc5 (size before relaxing)
 .debug_str     0x000b76d3      0x3e1 ./Drivers/STM32F3xx_HAL_Driver/Src/stm32f3xx_hal_tim_ex.o
                              0xab3d1 (size before relaxing)
 .debug_str     0x000b7ab4      0x85e ./Drivers/STM32F3xx_HAL_Driver/Src/stm32f3xx_hal_uart.o
                              0xab530 (size before relaxing)
 .debug_str     0x000b8312       0xd8 ./Drivers/STM32F3xx_HAL_Driver/Src/stm32f3xx_ll_usb.o
                              0xaab97 (size before relaxing)

.comment        0x00000000       0x43
 .comment       0x00000000       0x43 ./Core/Src/RoboContFirmware/Debug/test.o
                                 0x44 (size before relaxing)
 .comment       0x00000043       0x44 ./Core/Src/RoboContFirmware/LowLevel/imu_icm20948.o
 .comment       0x00000043       0x44 ./Core/Src/RoboContFirmware/LowLevel/motor.o
 .comment       0x00000043       0x44 ./Core/Src/adc.o
 .comment       0x00000043       0x44 ./Core/Src/can.o
 .comment       0x00000043       0x44 ./Core/Src/dac.o
 .comment       0x00000043       0x44 ./Core/Src/gpio.o
 .comment       0x00000043       0x44 ./Core/Src/i2c.o
 .comment       0x00000043       0x44 ./Core/Src/main.o
 .comment       0x00000043       0x44 ./Core/Src/spi.o
 .comment       0x00000043       0x44 ./Core/Src/stm32f3xx_hal_msp.o
 .comment       0x00000043       0x44 ./Core/Src/stm32f3xx_it.o
 .comment       0x00000043       0x44 ./Core/Src/system_stm32f3xx.o
 .comment       0x00000043       0x44 ./Core/Src/tim.o
 .comment       0x00000043       0x44 ./Core/Src/usart.o
 .comment       0x00000043       0x44 ./Core/Src/usb.o
 .comment       0x00000043       0x44 ./Drivers/STM32F3xx_HAL_Driver/Src/stm32f3xx_hal.o
 .comment       0x00000043       0x44 ./Drivers/STM32F3xx_HAL_Driver/Src/stm32f3xx_hal_adc_ex.o
 .comment       0x00000043       0x44 ./Drivers/STM32F3xx_HAL_Driver/Src/stm32f3xx_hal_can.o
 .comment       0x00000043       0x44 ./Drivers/STM32F3xx_HAL_Driver/Src/stm32f3xx_hal_cortex.o
 .comment       0x00000043       0x44 ./Drivers/STM32F3xx_HAL_Driver/Src/stm32f3xx_hal_dac.o
 .comment       0x00000043       0x44 ./Drivers/STM32F3xx_HAL_Driver/Src/stm32f3xx_hal_dac_ex.o
 .comment       0x00000043       0x44 ./Drivers/STM32F3xx_HAL_Driver/Src/stm32f3xx_hal_gpio.o
 .comment       0x00000043       0x44 ./Drivers/STM32F3xx_HAL_Driver/Src/stm32f3xx_hal_i2c.o
 .comment       0x00000043       0x44 ./Drivers/STM32F3xx_HAL_Driver/Src/stm32f3xx_hal_i2c_ex.o
 .comment       0x00000043       0x44 ./Drivers/STM32F3xx_HAL_Driver/Src/stm32f3xx_hal_pcd.o
 .comment       0x00000043       0x44 ./Drivers/STM32F3xx_HAL_Driver/Src/stm32f3xx_hal_rcc.o
 .comment       0x00000043       0x44 ./Drivers/STM32F3xx_HAL_Driver/Src/stm32f3xx_hal_rcc_ex.o
 .comment       0x00000043       0x44 ./Drivers/STM32F3xx_HAL_Driver/Src/stm32f3xx_hal_spi.o
 .comment       0x00000043       0x44 ./Drivers/STM32F3xx_HAL_Driver/Src/stm32f3xx_hal_tim.o
 .comment       0x00000043       0x44 ./Drivers/STM32F3xx_HAL_Driver/Src/stm32f3xx_hal_tim_ex.o
 .comment       0x00000043       0x44 ./Drivers/STM32F3xx_HAL_Driver/Src/stm32f3xx_hal_uart.o
 .comment       0x00000043       0x44 ./Drivers/STM32F3xx_HAL_Driver/Src/stm32f3xx_ll_usb.o

.debug_frame    0x00000000     0x66b8
 .debug_frame   0x00000000       0x34 ./Core/Src/RoboContFirmware/Debug/test.o
 .debug_frame   0x00000034      0x114 ./Core/Src/RoboContFirmware/LowLevel/imu_icm20948.o
 .debug_frame   0x00000148       0xd4 ./Core/Src/RoboContFirmware/LowLevel/motor.o
 .debug_frame   0x0000021c       0x7c ./Core/Src/adc.o
 .debug_frame   0x00000298       0x74 ./Core/Src/can.o
 .debug_frame   0x0000030c       0xa0 ./Core/Src/dac.o
 .debug_frame   0x000003ac       0x34 ./Core/Src/gpio.o
 .debug_frame   0x000003e0       0x90 ./Core/Src/i2c.o
 .debug_frame   0x00000470       0x6c ./Core/Src/main.o
 .debug_frame   0x000004dc       0x74 ./Core/Src/spi.o
 .debug_frame   0x00000550       0x38 ./Core/Src/stm32f3xx_hal_msp.o
 .debug_frame   0x00000588      0x104 ./Core/Src/stm32f3xx_it.o
 .debug_frame   0x0000068c       0x58 ./Core/Src/system_stm32f3xx.o
 .debug_frame   0x000006e4      0x210 ./Core/Src/tim.o
 .debug_frame   0x000008f4       0xac ./Core/Src/usart.o
 .debug_frame   0x000009a0       0x74 ./Core/Src/usb.o
 .debug_frame   0x00000a14      0x334 ./Drivers/STM32F3xx_HAL_Driver/Src/stm32f3xx_hal.o
 .debug_frame   0x00000d48      0x420 ./Drivers/STM32F3xx_HAL_Driver/Src/stm32f3xx_hal_adc_ex.o
 .debug_frame   0x00001168      0x5a0 ./Drivers/STM32F3xx_HAL_Driver/Src/stm32f3xx_hal_can.o
 .debug_frame   0x00001708      0x4e8 ./Drivers/STM32F3xx_HAL_Driver/Src/stm32f3xx_hal_cortex.o
 .debug_frame   0x00001bf0      0x2d4 ./Drivers/STM32F3xx_HAL_Driver/Src/stm32f3xx_hal_dac.o
 .debug_frame   0x00001ec4      0x310 ./Drivers/STM32F3xx_HAL_Driver/Src/stm32f3xx_hal_dac_ex.o
 .debug_frame   0x000021d4      0x14c ./Drivers/STM32F3xx_HAL_Driver/Src/stm32f3xx_hal_gpio.o
 .debug_frame   0x00002320      0xc38 ./Drivers/STM32F3xx_HAL_Driver/Src/stm32f3xx_hal_i2c.o
 .debug_frame   0x00002f58      0x100 ./Drivers/STM32F3xx_HAL_Driver/Src/stm32f3xx_hal_i2c_ex.o
 .debug_frame   0x00003058      0x590 ./Drivers/STM32F3xx_HAL_Driver/Src/stm32f3xx_hal_pcd.o
 .debug_frame   0x000035e8      0x214 ./Drivers/STM32F3xx_HAL_Driver/Src/stm32f3xx_hal_rcc.o
 .debug_frame   0x000037fc       0xb0 ./Drivers/STM32F3xx_HAL_Driver/Src/stm32f3xx_hal_rcc_ex.o
 .debug_frame   0x000038ac      0x860 ./Drivers/STM32F3xx_HAL_Driver/Src/stm32f3xx_hal_spi.o
 .debug_frame   0x0000410c     0x11c0 ./Drivers/STM32F3xx_HAL_Driver/Src/stm32f3xx_hal_tim.o
 .debug_frame   0x000052cc      0x638 ./Drivers/STM32F3xx_HAL_Driver/Src/stm32f3xx_hal_tim_ex.o
 .debug_frame   0x00005904      0x9e8 ./Drivers/STM32F3xx_HAL_Driver/Src/stm32f3xx_hal_uart.o
 .debug_frame   0x000062ec      0x380 ./Drivers/STM32F3xx_HAL_Driver/Src/stm32f3xx_ll_usb.o
 .debug_frame   0x0000666c       0x20 /opt/st/stm32cubeide_1.16.1/plugins/com.st.stm32cube.ide.mcu.externaltools.gnu-tools-for-stm32.12.3.rel1.linux64_1.0.200.202406132123/tools/bin/../lib/gcc/arm-none-eabi/12.3.1/../../../../arm-none-eabi/lib/thumb/v7e-m+fp/hard/libc_nano.a(libc_a-memset.o)
 .debug_frame   0x0000668c       0x2c /opt/st/stm32cubeide_1.16.1/plugins/com.st.stm32cube.ide.mcu.externaltools.gnu-tools-for-stm32.12.3.rel1.linux64_1.0.200.202406132123/tools/bin/../lib/gcc/arm-none-eabi/12.3.1/../../../../arm-none-eabi/lib/thumb/v7e-m+fp/hard/libc_nano.a(libc_a-init.o)

.debug_line_str
                0x00000000       0x51
 .debug_line_str
                0x00000000       0x51 ./Core/Startup/startup_stm32f373rctx.o
