00:58:38 **** Incremental Build of configuration Debug for project BluePill ****
make -j12 all 
arm-none-eabi-g++ "../Core/Src/test.cpp" -mcpu=cortex-m3 -std=gnu++14 -g3 -DDEBUG -DUSE_HAL_DRIVER -DSTM32F103x6 -c -I../Core/Inc -I../Drivers/STM32F1xx_HAL_Driver/Inc/Legacy -I../Drivers/STM32F1xx_HAL_Driver/Inc -I../Drivers/CMSIS/Device/ST/STM32F1xx/Include -I../Drivers/CMSIS/Include -O0 -ffunction-sections -fdata-sections -fno-exceptions -fno-rtti -fno-use-cxa-atexit -Wall -fstack-usage -fcyclomatic-complexity -MMD -MP -MF"Core/Src/test.d" -MT"Core/Src/test.o" --specs=nano.specs -mfloat-abi=soft -mthumb -o "Core/Src/test.o"
arm-none-eabi-g++ -o "BluePill.elf" @"objects.list"   -mcpu=cortex-m3 -T"/home/sj/stm32_ws/BluePill/STM32F103C6TX_FLASH.ld" --specs=nosys.specs -Wl,-Map="BluePill.map" -Wl,--gc-sections -static --specs=nano.specs -mfloat-abi=soft -mthumb -Wl,--start-group -lc -lm -lstdc++ -lsupc++ -Wl,--end-group
Finished building target: BluePill.elf
 
arm-none-eabi-size  BluePill.elf 
arm-none-eabi-objdump -h -S BluePill.elf  > "BluePill.list"
   text	   data	    bss	    dec	    hex	filename
  10616	     12	   1652	  12280	   2ff8	BluePill.elf
Finished building: default.size.stdout
 
Finished building: BluePill.list
 
